Archive member included to satisfy reference by file (symbol)

c:/progra~2/gnuarm~1/102021~1.10/bin/../lib/gcc/arm-none-eabi/10.3.1/thumb/v6-m/nofp\libgcc.a(_dvmd_tls.o)
                              CMakeFiles/UsbTest.dir/C_/Users/matts/Desktop/pico/Bird-Removal-System/pico-sdk/src/rp2_common/pico_divider/divider_hardware.S.obj (__aeabi_idiv0)
c:/progra~2/gnuarm~1/102021~1.10/bin/../lib/gcc/arm-none-eabi/10.3.1/../../../../arm-none-eabi/lib/thumb/v6-m/nofp\libg.a(lib_a-calloc.o)
                              CMakeFiles/UsbTest.dir/C_/Users/matts/Desktop/pico/Bird-Removal-System/pico-sdk/src/rp2_common/pico_malloc/malloc.c.obj (calloc)
c:/progra~2/gnuarm~1/102021~1.10/bin/../lib/gcc/arm-none-eabi/10.3.1/../../../../arm-none-eabi/lib/thumb/v6-m/nofp\libg.a(lib_a-callocr.o)
                              c:/progra~2/gnuarm~1/102021~1.10/bin/../lib/gcc/arm-none-eabi/10.3.1/../../../../arm-none-eabi/lib/thumb/v6-m/nofp\libg.a(lib_a-calloc.o) (_calloc_r)
c:/progra~2/gnuarm~1/102021~1.10/bin/../lib/gcc/arm-none-eabi/10.3.1/../../../../arm-none-eabi/lib/thumb/v6-m/nofp\libg.a(lib_a-ctype_.o)
                              CMakeFiles/UsbTest.dir/C_/Users/matts/Desktop/pico/Bird-Removal-System/pico-sdk/lib/tinyusb/src/tusb.c.obj (_ctype_)
c:/progra~2/gnuarm~1/102021~1.10/bin/../lib/gcc/arm-none-eabi/10.3.1/../../../../arm-none-eabi/lib/thumb/v6-m/nofp\libg.a(lib_a-errno.o)
                              c:/progra~2/gnuarm~1/102021~1.10/bin/../lib/gcc/arm-none-eabi/10.3.1/../../../../arm-none-eabi/lib/thumb/v6-m/nofp\libg.a(lib_a-callocr.o) (__errno)
c:/progra~2/gnuarm~1/102021~1.10/bin/../lib/gcc/arm-none-eabi/10.3.1/../../../../arm-none-eabi/lib/thumb/v6-m/nofp\libg.a(lib_a-impure.o)
                              c:/progra~2/gnuarm~1/102021~1.10/bin/../lib/gcc/arm-none-eabi/10.3.1/../../../../arm-none-eabi/lib/thumb/v6-m/nofp\libg.a(lib_a-calloc.o) (_impure_ptr)
c:/progra~2/gnuarm~1/102021~1.10/bin/../lib/gcc/arm-none-eabi/10.3.1/../../../../arm-none-eabi/lib/thumb/v6-m/nofp\libg.a(lib_a-init.o)
                              c:/progra~2/gnuarm~1/102021~1.10/bin/../lib/gcc/arm-none-eabi/10.3.1/../../../../arm-none-eabi/lib/thumb/v6-m/nofp/crt0.o (__libc_init_array)
c:/progra~2/gnuarm~1/102021~1.10/bin/../lib/gcc/arm-none-eabi/10.3.1/../../../../arm-none-eabi/lib/thumb/v6-m/nofp\libg.a(lib_a-lcltime_r.o)
                              CMakeFiles/UsbTest.dir/C_/Users/matts/Desktop/pico/Bird-Removal-System/pico-sdk/src/common/pico_util/datetime.c.obj (localtime_r)
c:/progra~2/gnuarm~1/102021~1.10/bin/../lib/gcc/arm-none-eabi/10.3.1/../../../../arm-none-eabi/lib/thumb/v6-m/nofp\libg.a(lib_a-malloc.o)
                              CMakeFiles/UsbTest.dir/C_/Users/matts/Desktop/pico/Bird-Removal-System/pico-sdk/src/rp2_common/pico_malloc/malloc.c.obj (malloc)
c:/progra~2/gnuarm~1/102021~1.10/bin/../lib/gcc/arm-none-eabi/10.3.1/../../../../arm-none-eabi/lib/thumb/v6-m/nofp\libg.a(lib_a-mallocr.o)
                              c:/progra~2/gnuarm~1/102021~1.10/bin/../lib/gcc/arm-none-eabi/10.3.1/../../../../arm-none-eabi/lib/thumb/v6-m/nofp\libg.a(lib_a-callocr.o) (_malloc_r)
c:/progra~2/gnuarm~1/102021~1.10/bin/../lib/gcc/arm-none-eabi/10.3.1/../../../../arm-none-eabi/lib/thumb/v6-m/nofp\libg.a(lib_a-memcmp.o)
                              CMakeFiles/UsbTest.dir/C_/Users/matts/Desktop/pico/Bird-Removal-System/pico-sdk/src/rp2_common/pico_atomic/atomic.c.obj (memcmp)
c:/progra~2/gnuarm~1/102021~1.10/bin/../lib/gcc/arm-none-eabi/10.3.1/../../../../arm-none-eabi/lib/thumb/v6-m/nofp\libg.a(lib_a-mktime.o)
                              CMakeFiles/UsbTest.dir/C_/Users/matts/Desktop/pico/Bird-Removal-System/pico-sdk/src/common/pico_util/datetime.c.obj (mktime)
c:/progra~2/gnuarm~1/102021~1.10/bin/../lib/gcc/arm-none-eabi/10.3.1/../../../../arm-none-eabi/lib/thumb/v6-m/nofp\libg.a(lib_a-mlock.o)
                              c:/progra~2/gnuarm~1/102021~1.10/bin/../lib/gcc/arm-none-eabi/10.3.1/../../../../arm-none-eabi/lib/thumb/v6-m/nofp\libg.a(lib_a-mallocr.o) (__malloc_lock)
c:/progra~2/gnuarm~1/102021~1.10/bin/../lib/gcc/arm-none-eabi/10.3.1/../../../../arm-none-eabi/lib/thumb/v6-m/nofp\libg.a(lib_a-month_lengths.o)
                              c:/progra~2/gnuarm~1/102021~1.10/bin/../lib/gcc/arm-none-eabi/10.3.1/../../../../arm-none-eabi/lib/thumb/v6-m/nofp\libg.a(lib_a-lcltime_r.o) (__month_lengths)
c:/progra~2/gnuarm~1/102021~1.10/bin/../lib/gcc/arm-none-eabi/10.3.1/../../../../arm-none-eabi/lib/thumb/v6-m/nofp\libg.a(lib_a-realloc.o)
                              CMakeFiles/UsbTest.dir/C_/Users/matts/Desktop/pico/Bird-Removal-System/pico-sdk/src/rp2_common/pico_malloc/malloc.c.obj (realloc)
c:/progra~2/gnuarm~1/102021~1.10/bin/../lib/gcc/arm-none-eabi/10.3.1/../../../../arm-none-eabi/lib/thumb/v6-m/nofp\libg.a(lib_a-reallocr.o)
[...]
Memory Configuration

Name             Origin             Length             Attributes
FLASH            0x10000000         0x00200000         xr
RAM              0x20000000         0x00040000         xrw
SCRATCH_X        0x20040000         0x00001000         xrw
SCRATCH_Y        0x20041000         0x00001000         xrw
*default*        0x00000000         0xffffffff

Linker script and memory map

LOAD c:/progra~2/gnuarm~1/102021~1.10/bin/../lib/gcc/arm-none-eabi/10.3.1/thumb/v6-m/nofp/crti.o
LOAD c:/progra~2/gnuarm~1/102021~1.10/bin/../lib/gcc/arm-none-eabi/10.3.1/thumb/v6-m/nofp/crtbegin.o
LOAD c:/progra~2/gnuarm~1/102021~1.10/bin/../lib/gcc/arm-none-eabi/10.3.1/../../../../arm-none-eabi/lib/thumb/v6-m/nofp/crt0.o

.flash_begin    0x10000000        0x0
                0x10000000                __flash_binary_start = .

.boot2          0x10000000      0x100
                0x10000000                __boot2_start__ = .
 *(.boot2)
 .boot2         0x10000000      0x100 pico-sdk\src\rp2040\boot_stage2\CMakeFiles\bs2_default_library.dir\bs2_default_padded_checksummed.S.obj
                0x10000100                __boot2_end__ = .
                0x00000001                ASSERT (((__boot2_end__ - __boot2_start__) == 0x100), ERROR: Pico second stage bootloader must be 256 bytes in size)

.text           0x10000100     0x68fc
                0x10000100                __logical_binary_start = .
 *(.vectors)
 .vectors       0x10000100       0xd4 CMakeFiles/UsbTest.dir/C_/Users/matts/Desktop/pico/Bird-Removal-System/pico-sdk/src/rp2_common/pico_crt0/crt0.S.obj
                0x10000100                __VECTOR_TABLE
                0x10000100                __vectors
                0x100001c0                isr_irq13
                0x100001c0                isr_irq27
                0x100001c0                isr_irq31
                0x100001c0                isr_irq12
                0x100001c0                isr_irq5
                0x100001c0                isr_irq11
                0x100001c0                isr_irq3
                0x100001c0                isr_irq23
                0x100001c0                __unhandled_user_irq
                0x100001c0                isr_irq26
                0x100001c0                isr_irq28
                0x100001c0                isr_irq19
                0x100001c0                isr_irq0
                0x100001c0                isr_irq6
                0x100001c0                isr_irq29
                0x100001c0                isr_irq16
                0x100001c0                isr_irq22
                0x100001c0                isr_irq18
                0x100001c0                isr_irq17
                0x100001c0                isr_irq14
                0x100001c0                __vectors_end
                0x100001c0                __default_isrs_start
                0x100001c0                isr_irq2
                0x100001c0                isr_irq10
                0x100001c0                isr_irq8
                0x100001c0                isr_irq24
                0x100001c0                isr_irq1
                0x100001c0                isr_irq7
                0x100001c0                isr_irq21
                0x100001c0                isr_irq20
                0x100001c0                isr_irq15
                0x100001c0                isr_irq25
                0x100001c0                isr_irq4
                0x100001c0                isr_irq30
                0x100001c0                isr_irq9
                0x100001c6                unhandled_user_irq_num_in_r0
                0x100001c8                isr_invalid
                0x100001ca                isr_nmi
                0x100001cc                isr_hardfault
                0x100001ce                isr_svcall
                0x100001d0                isr_pendsv
                0x100001d2                isr_systick
                0x100001d4                __default_isrs_end
 *(.binary_info_header)
 .binary_info_header
                0x100001d4       0x14 CMakeFiles/UsbTest.dir/C_/Users/matts/Desktop/pico/Bird-Removal-System/pico-sdk/src/rp2_common/pico_crt0/crt0.S.obj
                0x100001e8                __binary_info_header_end = .
 *(.embedded_block)
                0x100001e8                __embedded_block_end = .
 *(.reset)
 .reset         0x100001e8       0x9c CMakeFiles/UsbTest.dir/C_/Users/matts/Desktop/pico/Bird-Removal-System/pico-sdk/src/rp2_common/pico_crt0/crt0.S.obj
                0x100001e8                _entry_point
 *(.init)
 .init          0x10000284        0x4 c:/progra~2/gnuarm~1/102021~1.10/bin/../lib/gcc/arm-none-eabi/10.3.1/thumb/v6-m/nofp/crti.o
                0x10000284                _init
 *(EXCLUDE_FILE(*libm.a: *libc.a:*lib_a-mem*.o *libgcc.a:) .text*)
 .text          0x10000288       0x48 c:/progra~2/gnuarm~1/102021~1.10/bin/../lib/gcc/arm-none-eabi/10.3.1/thumb/v6-m/nofp/crtbegin.o
 .text.led_off  0x100002d0       0x18 CMakeFiles/UsbTest.dir/UsbTest.c.obj
                0x100002d0                led_off
 .text.led_on   0x100002e8       0x18 CMakeFiles/UsbTest.dir/UsbTest.c.obj
                0x100002e8                led_on
 .text.main     0x10000300       0x4c CMakeFiles/UsbTest.dir/UsbTest.c.obj
                0x10000300                main
 .text.gpio_set_function
                0x1000034c       0x34 CMakeFiles/UsbTest.dir/C_/Users/matts/Desktop/pico/Bird-Removal-System/pico-sdk/src/rp2_common/hardware_gpio/gpio.c.obj
                0x1000034c                gpio_set_function
 .text.gpio_init
                0x10000380       0x16 CMakeFiles/UsbTest.dir/C_/Users/matts/Desktop/pico/Bird-Removal-System/pico-sdk/src/rp2_common/hardware_gpio/gpio.c.obj
                0x10000380                gpio_init
 *fill*         0x10000396        0x2 
 .text.rp2040_chip_version
                0x10000398       0x4c CMakeFiles/UsbTest.dir/C_/Users/matts/Desktop/pico/Bird-Removal-System/pico-sdk/src/rp2040/pico_platform/platform.c.obj
                0x10000398                rp2040_chip_version
 .text.panic    0x100003e4       0x30 CMakeFiles/UsbTest.dir/C_/Users/matts/Desktop/pico/Bird-Removal-System/pico-sdk/src/rp2_common/pico_platform_panic/panic.c.obj
                0x100003e4                panic
 .text.hw_claim_lock
                0x10000414       0x18 CMakeFiles/UsbTest.dir/C_/Users/matts/Desktop/pico/Bird-Removal-System/pico-sdk/src/common/hardware_claim/claim.c.obj
                0x10000414                hw_claim_lock
 .text.hw_claim_unlock
                0x1000042c       0x14 CMakeFiles/UsbTest.dir/C_/Users/matts/Desktop/pico/Bird-Removal-System/pico-sdk/src/common/hardware_claim/claim.c.obj
                0x1000042c                hw_claim_unlock
 .text.hw_claim_or_assert
                0x10000440       0x32 CMakeFiles/UsbTest.dir/C_/Users/matts/Desktop/pico/Bird-Removal-System/pico-sdk/src/common/hardware_claim/claim.c.obj
                0x10000440                hw_claim_or_assert
 .text.hw_claim_unused_from_range
                0x10000472       0x50 CMakeFiles/UsbTest.dir/C_/Users/matts/Desktop/pico/Bird-Removal-System/pico-sdk/src/common/hardware_claim/claim.c.obj
                0x10000472                hw_claim_unused_from_range
 *fill*         0x100004c2        0x2 
 .text.next_striped_spin_lock_num
                0x100004c4       0x1c CMakeFiles/UsbTest.dir/C_/Users/matts/Desktop/pico/Bird-Removal-System/pico-sdk/src/rp2_common/hardware_sync/sync.c.obj
                0x100004c4                next_striped_spin_lock_num
 .text.spin_lock_claim_unused
                0x100004e0       0x20 CMakeFiles/UsbTest.dir/C_/Users/matts/Desktop/pico/Bird-Removal-System/pico-sdk/src/rp2_common/hardware_sync/sync.c.obj
                0x100004e0                spin_lock_claim_unused
 .text.spin_locks_reset
                0x10000500       0x20 CMakeFiles/UsbTest.dir/C_/Users/matts/Desktop/pico/Bird-Removal-System/pico-sdk/src/rp2_common/hardware_sync_spin_lock/sync_spin_lock.c.obj
                0x10000500                spin_locks_reset
 .text.set_raw_irq_handler_and_unlock
                0x10000520       0x28 CMakeFiles/UsbTest.dir/C_/Users/matts/Desktop/pico/Bird-Removal-System/pico-sdk/src/rp2_common/hardware_irq/irq.c.obj
 .text.nvic_ipr0
                0x10000548        0x8 CMakeFiles/UsbTest.dir/C_/Users/matts/Desktop/pico/Bird-Removal-System/pico-sdk/src/rp2_common/hardware_irq/irq.c.obj
 .text.runtime_init_per_core_irq_priorities
                0x10000550       0x1c CMakeFiles/UsbTest.dir/C_/Users/matts/Desktop/pico/Bird-Removal-System/pico-sdk/src/rp2_common/hardware_irq/irq.c.obj
                0x10000550                runtime_init_per_core_irq_priorities
 .text.make_j_16
                0x1000056c       0x4c CMakeFiles/UsbTest.dir/C_/Users/matts/Desktop/pico/Bird-Removal-System/pico-sdk/src/rp2_common/hardware_irq/irq.c.obj
 .text.irq_is_enabled
                0x100005b8       0x18 CMakeFiles/UsbTest.dir/C_/Users/matts/Desktop/pico/Bird-Removal-System/pico-sdk/src/rp2_common/hardware_irq/irq.c.obj
                0x100005b8                irq_is_enabled
 .text.irq_set_mask_n_enabled
                0x100005d0       0x1c CMakeFiles/UsbTest.dir/C_/Users/matts/Desktop/pico/Bird-Removal-System/pico-sdk/src/rp2_common/hardware_irq/irq.c.obj
                0x100005d0                irq_set_mask_n_enabled
 .text.irq_set_enabled
                0x100005ec       0x14 CMakeFiles/UsbTest.dir/C_/Users/matts/Desktop/pico/Bird-Removal-System/pico-sdk/src/rp2_common/hardware_irq/irq.c.obj
                0x100005ec                irq_set_enabled
 .text.irq_set_pending
                0x10000600       0x10 CMakeFiles/UsbTest.dir/C_/Users/matts/Desktop/pico/Bird-Removal-System/pico-sdk/src/rp2_common/hardware_irq/irq.c.obj
                0x10000600                irq_set_pending
 .text.irq_get_vtable_handler
                0x10000610       0x10 CMakeFiles/UsbTest.dir/C_/Users/matts/Desktop/pico/Bird-Removal-System/pico-sdk/src/rp2_common/hardware_irq/irq.c.obj
                0x10000610                irq_get_vtable_handler
 .text.irq_has_shared_handler
                0x10000620       0x1c CMakeFiles/UsbTest.dir/C_/Users/matts/Desktop/pico/Bird-Removal-System/pico-sdk/src/rp2_common/hardware_irq/irq.c.obj
                0x10000620                irq_has_shared_handler
 .text.irq_set_exclusive_handler
                0x1000063c       0x54 CMakeFiles/UsbTest.dir/C_/Users/matts/Desktop/pico/Bird-Removal-System/pico-sdk/src/rp2_common/hardware_irq/irq.c.obj
                0x1000063c                irq_set_exclusive_handler
 .text.irq_add_shared_handler
                0x10000690      0x238 CMakeFiles/UsbTest.dir/C_/Users/matts/Desktop/pico/Bird-Removal-System/pico-sdk/src/rp2_common/hardware_irq/irq.c.obj
                0x10000690                irq_add_shared_handler
 .text.irq_add_tail_to_free_list
                0x100008c8       0xf4 CMakeFiles/UsbTest.dir/C_/Users/matts/Desktop/pico/Bird-Removal-System/pico-sdk/src/rp2_common/hardware_irq/irq.c.obj
                0x100008c8                irq_add_tail_to_free_list
 .text.user_irq_claim_unused
                0x100009bc       0x28 CMakeFiles/UsbTest.dir/C_/Users/matts/Desktop/pico/Bird-Removal-System/pico-sdk/src/rp2_common/hardware_irq/irq.c.obj
                0x100009bc                user_irq_claim_unused
 .text.lock_init
                0x100009e4       0x10 CMakeFiles/UsbTest.dir/C_/Users/matts/Desktop/pico/Bird-Removal-System/pico-sdk/src/common/pico_sync/lock_core.c.obj
                0x100009e4                lock_init
 .text.mutex_init
                0x100009f4       0x1a CMakeFiles/UsbTest.dir/C_/Users/matts/Desktop/pico/Bird-Removal-System/pico-sdk/src/common/pico_sync/mutex.c.obj
                0x100009f4                mutex_init
 .text.recursive_mutex_init
                0x10000a0e       0x1e CMakeFiles/UsbTest.dir/C_/Users/matts/Desktop/pico/Bird-Removal-System/pico-sdk/src/common/pico_sync/mutex.c.obj
                0x10000a0e                recursive_mutex_init
 .text.runtime_init_mutex
                0x10000a2c       0x4c CMakeFiles/UsbTest.dir/C_/Users/matts/Desktop/pico/Bird-Removal-System/pico-sdk/src/common/pico_sync/mutex.c.obj
                0x10000a2c                runtime_init_mutex
 .text.critical_section_init_with_lock_num
                0x10000a78       0x14 CMakeFiles/UsbTest.dir/C_/Users/matts/Desktop/pico/Bird-Removal-System/pico-sdk/src/common/pico_sync/critical_section.c.obj
                0x10000a78                critical_section_init_with_lock_num
 .text.critical_section_init
                0x10000a8c       0x14 CMakeFiles/UsbTest.dir/C_/Users/matts/Desktop/pico/Bird-Removal-System/pico-sdk/src/common/pico_sync/critical_section.c.obj
                0x10000a8c                critical_section_init
 .text.make_alarm_id
                0x10000aa0        0x6 CMakeFiles/UsbTest.dir/C_/Users/matts/Desktop/pico/Bird-Removal-System/pico-sdk/src/common/pico_time/time.c.obj
 *fill*         0x10000aa6        0x2 
 .text.sleep_until_callback
                0x10000aa8       0x30 CMakeFiles/UsbTest.dir/C_/Users/matts/Desktop/pico/Bird-Removal-System/pico-sdk/src/common/pico_time/time.c.obj
 .text.alarm_pool_irq_handler
                0x10000ad8      0x304 CMakeFiles/UsbTest.dir/C_/Users/matts/Desktop/pico/Bird-Removal-System/pico-sdk/src/common/pico_time/time.c.obj
 .text.alarm_pool_post_alloc_init
                0x10000ddc       0x94 CMakeFiles/UsbTest.dir/C_/Users/matts/Desktop/pico/Bird-Removal-System/pico-sdk/src/common/pico_time/time.c.obj
 .text.alarm_pool_get_default
                0x10000e70       0x2c CMakeFiles/UsbTest.dir/C_/Users/matts/Desktop/pico/Bird-Removal-System/pico-sdk/src/common/pico_time/time.c.obj
                0x10000e70                alarm_pool_get_default
 .text.alarm_pool_add_alarm_at_force_in_context
                0x10000e9c       0xb0 CMakeFiles/UsbTest.dir/C_/Users/matts/Desktop/pico/Bird-Removal-System/pico-sdk/src/common/pico_time/time.c.obj
                0x10000e9c                alarm_pool_add_alarm_at_force_in_context
 .text.alarm_pool_add_alarm_at
                0x10000f4c       0x3c CMakeFiles/UsbTest.dir/C_/Users/matts/Desktop/pico/Bird-Removal-System/pico-sdk/src/common/pico_time/time.c.obj
                0x10000f4c                alarm_pool_add_alarm_at
 .text.alarm_pool_cancel_alarm
                0x10000f88       0x78 CMakeFiles/UsbTest.dir/C_/Users/matts/Desktop/pico/Bird-Removal-System/pico-sdk/src/common/pico_time/time.c.obj
                0x10000f88                alarm_pool_cancel_alarm
 .text.alarm_pool_core_num
                0x10001000        0x4 CMakeFiles/UsbTest.dir/C_/Users/matts/Desktop/pico/Bird-Removal-System/pico-sdk/src/common/pico_time/time.c.obj
                0x10001000                alarm_pool_core_num
 .text.best_effort_wfe_or_timeout
                0x10001004      0x13c CMakeFiles/UsbTest.dir/C_/Users/matts/Desktop/pico/Bird-Removal-System/pico-sdk/src/common/pico_time/time.c.obj
                0x10001004                best_effort_wfe_or_timeout
 .text.alarm_pool_get_default_timer
                0x10001140        0x8 CMakeFiles/UsbTest.dir/C_/Users/matts/Desktop/pico/Bird-Removal-System/pico-sdk/src/common/pico_time/time.c.obj
                0x10001140                alarm_pool_get_default_timer
 .text.runtime_init_default_alarm_pool
                0x10001148       0x38 CMakeFiles/UsbTest.dir/C_/Users/matts/Desktop/pico/Bird-Removal-System/pico-sdk/src/common/pico_time/time.c.obj
                0x10001148                runtime_init_default_alarm_pool
 .text.timer_hardware_alarm_claim
                0x10001180       0x14 CMakeFiles/UsbTest.dir/C_/Users/matts/Desktop/pico/Bird-Removal-System/pico-sdk/src/rp2_common/hardware_timer/timer.c.obj
                0x10001180                timer_hardware_alarm_claim
 .text.timer_time_us_64
                0x10001194       0x10 CMakeFiles/UsbTest.dir/C_/Users/matts/Desktop/pico/Bird-Removal-System/pico-sdk/src/rp2_common/hardware_timer/timer.c.obj
                0x10001194                timer_time_us_64
 .text.timer_busy_wait_until
                0x100011a4       0x1a CMakeFiles/UsbTest.dir/C_/Users/matts/Desktop/pico/Bird-Removal-System/pico-sdk/src/rp2_common/hardware_timer/timer.c.obj
                0x100011a4                timer_busy_wait_until
 .text.timer_busy_wait_us
                0x100011be       0x38 CMakeFiles/UsbTest.dir/C_/Users/matts/Desktop/pico/Bird-Removal-System/pico-sdk/src/rp2_common/hardware_timer/timer.c.obj
                0x100011be                timer_busy_wait_us
 *fill*         0x100011f6        0x2 
 .text.time_us_64
                0x100011f8       0x10 CMakeFiles/UsbTest.dir/C_/Users/matts/Desktop/pico/Bird-Removal-System/pico-sdk/src/rp2_common/hardware_timer/timer.c.obj
                0x100011f8                time_us_64
 .text.busy_wait_us
                0x10001208       0x14 CMakeFiles/UsbTest.dir/C_/Users/matts/Desktop/pico/Bird-Removal-System/pico-sdk/src/rp2_common/hardware_timer/timer.c.obj
                0x10001208                busy_wait_us
 .text.clock_configure_internal
                0x1000121c       0xc4 CMakeFiles/UsbTest.dir/C_/Users/matts/Desktop/pico/Bird-Removal-System/pico-sdk/src/rp2_common/hardware_clocks/clocks.c.obj
 .text.clock_configure_int_divider
                0x100012e0       0x28 CMakeFiles/UsbTest.dir/C_/Users/matts/Desktop/pico/Bird-Removal-System/pico-sdk/src/rp2_common/hardware_clocks/clocks.c.obj
                0x100012e0                clock_configure_int_divider
 .text.clock_configure_undivided
                0x10001308       0x12 CMakeFiles/UsbTest.dir/C_/Users/matts/Desktop/pico/Bird-Removal-System/pico-sdk/src/rp2_common/hardware_clocks/clocks.c.obj
                0x10001308                clock_configure_undivided
 *fill*         0x1000131a        0x2 
 .text.clock_get_hz
                0x1000131c        0xc CMakeFiles/UsbTest.dir/C_/Users/matts/Desktop/pico/Bird-Removal-System/pico-sdk/src/rp2_common/hardware_clocks/clocks.c.obj
                0x1000131c                clock_get_hz
 .text.pll_init
                0x10001328      0x120 CMakeFiles/UsbTest.dir/C_/Users/matts/Desktop/pico/Bird-Removal-System/pico-sdk/src/rp2_common/hardware_pll/pll.c.obj
                0x10001328                pll_init
 .text.watchdog_update
                0x10001448       0x14 CMakeFiles/UsbTest.dir/C_/Users/matts/Desktop/pico/Bird-Removal-System/pico-sdk/src/rp2_common/hardware_watchdog/watchdog.c.obj
                0x10001448                watchdog_update
 .text._watchdog_enable
                0x1000145c       0x78 CMakeFiles/UsbTest.dir/C_/Users/matts/Desktop/pico/Bird-Removal-System/pico-sdk/src/rp2_common/hardware_watchdog/watchdog.c.obj
                0x1000145c                _watchdog_enable
 .text.watchdog_reboot
                0x100014d4       0x48 CMakeFiles/UsbTest.dir/C_/Users/matts/Desktop/pico/Bird-Removal-System/pico-sdk/src/rp2_common/hardware_watchdog/watchdog.c.obj
                0x100014d4                watchdog_reboot
 .text.tick_start
                0x1000151c       0x10 CMakeFiles/UsbTest.dir/C_/Users/matts/Desktop/pico/Bird-Removal-System/pico-sdk/src/rp2_common/hardware_ticks/ticks.c.obj
                0x1000151c                tick_start
 .text.rom_func_lookup
                0x1000152c       0x10 CMakeFiles/UsbTest.dir/C_/Users/matts/Desktop/pico/Bird-Removal-System/pico-sdk/src/rp2_common/pico_bootrom/bootrom.c.obj
                0x1000152c                rom_func_lookup
 .text.rom_data_lookup
                0x1000153c       0x10 CMakeFiles/UsbTest.dir/C_/Users/matts/Desktop/pico/Bird-Removal-System/pico-sdk/src/rp2_common/pico_bootrom/bootrom.c.obj
                0x1000153c                rom_data_lookup
 .text.rom_funcs_lookup
                0x1000154c       0x36 CMakeFiles/UsbTest.dir/C_/Users/matts/Desktop/pico/Bird-Removal-System/pico-sdk/src/rp2_common/pico_bootrom/bootrom.c.obj
                0x1000154c                rom_funcs_lookup
 *fill*         0x10001582        0x2 
 .text.rom_reset_usb_boot_extra
                0x10001584       0x24 CMakeFiles/UsbTest.dir/C_/Users/matts/Desktop/pico/Bird-Removal-System/pico-sdk/src/rp2_common/pico_bootrom/bootrom.c.obj
                0x10001584                rom_reset_usb_boot_extra
 .text.xosc_init
                0x100015a8       0x2c CMakeFiles/UsbTest.dir/C_/Users/matts/Desktop/pico/Bird-Removal-System/pico-sdk/src/rp2_common/hardware_xosc/xosc.c.obj
                0x100015a8                xosc_init
 .text.runtime_run_initializers_from
                0x100015d4       0x18 CMakeFiles/UsbTest.dir/C_/Users/matts/Desktop/pico/Bird-Removal-System/pico-sdk/src/rp2_common/pico_runtime/runtime.c.obj
 .text.first_per_core_initializer
                0x100015ec        0x2 CMakeFiles/UsbTest.dir/C_/Users/matts/Desktop/pico/Bird-Removal-System/pico-sdk/src/rp2_common/pico_runtime/runtime.c.obj
 *fill*         0x100015ee        0x2 
 .text.runtime_run_initializers
                0x100015f0       0x10 CMakeFiles/UsbTest.dir/C_/Users/matts/Desktop/pico/Bird-Removal-System/pico-sdk/src/rp2_common/pico_runtime/runtime.c.obj
                0x100015f0                runtime_run_initializers
 .text.runtime_init_early_resets
                0x10001600       0x2c CMakeFiles/UsbTest.dir/C_/Users/matts/Desktop/pico/Bird-Removal-System/pico-sdk/src/rp2_common/pico_runtime_init/runtime_init.c.obj
                0x10001600                runtime_init_early_resets
 .text.runtime_init_usb_power_down
                0x1000162c       0x1c CMakeFiles/UsbTest.dir/C_/Users/matts/Desktop/pico/Bird-Removal-System/pico-sdk/src/rp2_common/pico_runtime_init/runtime_init.c.obj
                0x1000162c                runtime_init_usb_power_down
 .text.runtime_init_post_clock_resets
                0x10001648       0x20 CMakeFiles/UsbTest.dir/C_/Users/matts/Desktop/pico/Bird-Removal-System/pico-sdk/src/rp2_common/pico_runtime_init/runtime_init.c.obj
                0x10001648                runtime_init_post_clock_resets
 .text.runtime_init_rp2040_gpio_ie_disable
                0x10001668       0x14 CMakeFiles/UsbTest.dir/C_/Users/matts/Desktop/pico/Bird-Removal-System/pico-sdk/src/rp2_common/pico_runtime_init/runtime_init.c.obj
                0x10001668                runtime_init_rp2040_gpio_ie_disable
 .text.runtime_init_spin_locks_reset
                0x1000167c        0x8 CMakeFiles/UsbTest.dir/C_/Users/matts/Desktop/pico/Bird-Removal-System/pico-sdk/src/rp2_common/pico_runtime_init/runtime_init.c.obj
                0x1000167c                runtime_init_spin_locks_reset
 .text.runtime_init_install_ram_vector_table
                0x10001684       0x48 CMakeFiles/UsbTest.dir/C_/Users/matts/Desktop/pico/Bird-Removal-System/pico-sdk/src/rp2_common/pico_runtime_init/runtime_init.c.obj
                0x10001684                runtime_init_install_ram_vector_table
 .text.start_all_ticks
                0x100016cc       0x28 CMakeFiles/UsbTest.dir/C_/Users/matts/Desktop/pico/Bird-Removal-System/pico-sdk/src/rp2_common/pico_runtime_init/runtime_init_clocks.c.obj
 .text.runtime_init_clocks
                0x100016f4       0xcc CMakeFiles/UsbTest.dir/C_/Users/matts/Desktop/pico/Bird-Removal-System/pico-sdk/src/rp2_common/pico_runtime_init/runtime_init_clocks.c.obj
                0x100016f4                runtime_init_clocks
 .text          0x100017c0       0x10 CMakeFiles/UsbTest.dir/C_/Users/matts/Desktop/pico/Bird-Removal-System/pico-sdk/src/rp2_common/pico_bit_ops/bit_ops_aeabi.S.obj
 .text.__wrap___aeabi_idiv
                0x100017d0       0x50 CMakeFiles/UsbTest.dir/C_/Users/matts/Desktop/pico/Bird-Removal-System/pico-sdk/src/rp2_common/pico_divider/divider_hardware.S.obj
                0x100017d0                __wrap___aeabi_idivmod
                0x100017d0                divmod_s32s32
                0x100017d0                div_s32s32
                0x100017d0                __wrap___aeabi_idiv
                0x100017d8                divmod_s32s32_unsafe
                0x10001804                divmod_s32s32_savestate
 .text.__wrap___aeabi_uidiv
                0x10001820       0x4c CMakeFiles/UsbTest.dir/C_/Users/matts/Desktop/pico/Bird-Removal-System/pico-sdk/src/rp2_common/pico_divider/divider_hardware.S.obj
                0x10001820                __wrap___aeabi_uidiv
                0x10001820                __wrap___aeabi_uidivmod
                0x10001820                div_u32u32
                0x10001820                divmod_u32u32
                0x10001828                divmod_u32u32_unsafe
                0x10001850                divmod_u32u32_savestate
 .text.__wrap___aeabi_ldiv
                0x1000186c      0x424 CMakeFiles/UsbTest.dir/C_/Users/matts/Desktop/pico/Bird-Removal-System/pico-sdk/src/rp2_common/pico_divider/divider_hardware.S.obj
                0x1000186c                div_s64s64
                0x1000186c                divmod_s64s64
                0x1000186c                __wrap___aeabi_ldivmod
                0x1000189c                divmod_u64u64
                0x1000189c                div_u64u64
                0x1000189c                __wrap___aeabi_uldivmod
                0x100018ac                divmod_u64u64_savestate
                0x100018cc                divmod_s64s64_unsafe
                0x10001954                divmod_u64u64_unsafe
 .text.__wrap___aeabi_darithmetic
                0x10001c90       0x80 CMakeFiles/UsbTest.dir/C_/Users/matts/Desktop/pico/Bird-Removal-System/pico-sdk/src/rp2_common/pico_double/double_aeabi_rp2040.S.obj
                0x10001c90                __wrap___aeabi_drsub
                0x10001c96                __wrap___aeabi_dsub
                0x10001ca8                __wrap___aeabi_dadd
                0x10001cba                __wrap___aeabi_ddiv
                0x10001cf6                __wrap___aeabi_dmul
 .text.__wrap___aeabi_cdcmple
                0x10001d10       0x6c CMakeFiles/UsbTest.dir/C_/Users/matts/Desktop/pico/Bird-Removal-System/pico-sdk/src/rp2_common/pico_double/double_aeabi_rp2040.S.obj
                0x10001d10                __wrap___aeabi_cdrcmple
                0x10001d20                __wrap___aeabi_cdcmpeq
                0x10001d20                __wrap___aeabi_cdcmple
 .text.__wrap___aeabi_dcmplt
                0x10001d7c        0xc CMakeFiles/UsbTest.dir/C_/Users/matts/Desktop/pico/Bird-Removal-System/pico-sdk/src/rp2_common/pico_double/double_aeabi_rp2040.S.obj
                0x10001d7c                __wrap___aeabi_dcmplt
 .text.__wrap___aeabi_dcmple
                0x10001d88       0x10 CMakeFiles/UsbTest.dir/C_/Users/matts/Desktop/pico/Bird-Removal-System/pico-sdk/src/rp2_common/pico_double/double_aeabi_rp2040.S.obj
                0x10001d88                __wrap___aeabi_dcmple
 .text.__wrap___aeabi_dcmpge
                0x10001d98       0x10 CMakeFiles/UsbTest.dir/C_/Users/matts/Desktop/pico/Bird-Removal-System/pico-sdk/src/rp2_common/pico_double/double_aeabi_rp2040.S.obj
                0x10001d98                __wrap___aeabi_dcmpge
 .text.__wrap___aeabi_dcmpgt
                0x10001da8        0xa CMakeFiles/UsbTest.dir/C_/Users/matts/Desktop/pico/Bird-Removal-System/pico-sdk/src/rp2_common/pico_double/double_aeabi_rp2040.S.obj
                0x10001da8                __wrap___aeabi_dcmpgt
 .text.__wrap___aeabi_dcmpun
                0x10001db2       0x18 CMakeFiles/UsbTest.dir/C_/Users/matts/Desktop/pico/Bird-Removal-System/pico-sdk/src/rp2_common/pico_double/double_aeabi_rp2040.S.obj
                0x10001db2                __wrap___aeabi_dcmpun
 *fill*         0x10001dca        0x2 
 .text.__wrap___aeabi_i2d
                0x10001dcc       0x38 CMakeFiles/UsbTest.dir/C_/Users/matts/Desktop/pico/Bird-Removal-System/pico-sdk/src/rp2_common/pico_double/double_aeabi_rp2040.S.obj
                0x10001dcc                uint2double
                0x10001dcc                __wrap___aeabi_ui2d
                0x10001dd4                int2double
                0x10001dd4                __wrap___aeabi_i2d
 .text.__wrap___aeabi_d2iz
                0x10001e04       0x48 CMakeFiles/UsbTest.dir/C_/Users/matts/Desktop/pico/Bird-Removal-System/pico-sdk/src/rp2_common/pico_double/double_aeabi_rp2040.S.obj
                0x10001e04                double2int_z
                0x10001e04                __wrap___aeabi_d2iz
 .text.__wrap___aeabi_d2uiz
                0x10001e4c       0x18 CMakeFiles/UsbTest.dir/C_/Users/matts/Desktop/pico/Bird-Removal-System/pico-sdk/src/rp2_common/pico_double/double_aeabi_rp2040.S.obj
                0x10001e4c                double2uint
                0x10001e4c                __wrap___aeabi_d2uiz
                0x10001e4c                double2uint_z
 .text.__aeabi_double_init
                0x10001e64       0xc8 CMakeFiles/UsbTest.dir/C_/Users/matts/Desktop/pico/Bird-Removal-System/pico-sdk/src/rp2_common/pico_double/double_init_rom_rp2040.c.obj
                0x10001e64                __aeabi_double_init
 .text.double_table_shim_on_use_helper
                0x10001f2c       0x34 CMakeFiles/UsbTest.dir/C_/Users/matts/Desktop/pico/Bird-Removal-System/pico-sdk/src/rp2_common/pico_double/double_v1_rom_shim_rp2040.S.obj
                0x10001f2c                double_table_shim_on_use_helper
 .text.__wrap___aeabi_dsub
                0x10001f60       0x10 CMakeFiles/UsbTest.dir/C_/Users/matts/Desktop/pico/Bird-Removal-System/pico-sdk/src/rp2_common/pico_double/double_v1_rom_shim_rp2040.S.obj
                0x10001f60                drsub_shim
                0x10001f66                dsub_shim
 .text.dadd_shim
                0x10001f70      0x15c CMakeFiles/UsbTest.dir/C_/Users/matts/Desktop/pico/Bird-Removal-System/pico-sdk/src/rp2_common/pico_double/double_v1_rom_shim_rp2040.S.obj
                0x10001f70                dadd_shim
 .text.dmul_shim
                0x100020cc      0x15c CMakeFiles/UsbTest.dir/C_/Users/matts/Desktop/pico/Bird-Removal-System/pico-sdk/src/rp2_common/pico_double/double_v1_rom_shim_rp2040.S.obj
                0x100020cc                dmul_shim
 .text.ddiv_shim
                0x10002228      0x1b0 CMakeFiles/UsbTest.dir/C_/Users/matts/Desktop/pico/Bird-Removal-System/pico-sdk/src/rp2_common/pico_double/double_v1_rom_shim_rp2040.S.obj
                0x10002228                ddiv_shim
 .text.double2uint_shim
                0x100023d8        0xe CMakeFiles/UsbTest.dir/C_/Users/matts/Desktop/pico/Bird-Removal-System/pico-sdk/src/rp2_common/pico_double/double_v1_rom_shim_rp2040.S.obj
                0x100023d8                double2uint_shim
                0x100023da                double2ufix_shim
 *fill*         0x100023e6        0x2 
 .text.double2uint64_shim
                0x100023e8       0x70 CMakeFiles/UsbTest.dir/C_/Users/matts/Desktop/pico/Bird-Removal-System/pico-sdk/src/rp2_common/pico_double/double_v1_rom_shim_rp2040.S.obj
                0x100023e8                double2uint64_shim
                0x100023ea                double2ufix64_shim
                0x1000240a                d2fix_a
 .text.dunpacks
                0x10002458       0x3c CMakeFiles/UsbTest.dir/C_/Users/matts/Desktop/pico/Bird-Removal-System/pico-sdk/src/rp2_common/pico_double/double_v1_rom_shim_rp2040.S.obj
                0x10002458                dunpacks
 .text.__aeabi_lmul
                0x10002494       0x32 CMakeFiles/UsbTest.dir/C_/Users/matts/Desktop/pico/Bird-Removal-System/pico-sdk/src/rp2_common/pico_int64_ops/pico_int64_ops_aeabi.S.obj
                0x10002494                __wrap___aeabi_lmul
 *fill*         0x100024c6        0x2 
 .text.__aeabi_float_init
                0x100024c8       0xfc CMakeFiles/UsbTest.dir/C_/Users/matts/Desktop/pico/Bird-Removal-System/pico-sdk/src/rp2_common/pico_float/float_init_rom_rp2040.c.obj
                0x100024c8                __aeabi_float_init
 .text.float_table_shim_on_use_helper
                0x100025c4       0x34 CMakeFiles/UsbTest.dir/C_/Users/matts/Desktop/pico/Bird-Removal-System/pico-sdk/src/rp2_common/pico_float/float_v1_rom_shim_rp2040.S.obj
                0x100025c4                float_table_shim_on_use_helper
 .text          0x100025f8       0x10 CMakeFiles/UsbTest.dir/C_/Users/matts/Desktop/pico/Bird-Removal-System/pico-sdk/src/rp2_common/pico_mem_ops/mem_ops_aeabi.S.obj
                0x100025f8                __aeabi_mem_init
 .text.memset   0x10002608        0xc CMakeFiles/UsbTest.dir/C_/Users/matts/Desktop/pico/Bird-Removal-System/pico-sdk/src/rp2_common/pico_mem_ops/mem_ops_aeabi.S.obj
                0x10002608                __wrap_memset
 .text.memcpy   0x10002614        0xc CMakeFiles/UsbTest.dir/C_/Users/matts/Desktop/pico/Bird-Removal-System/pico-sdk/src/rp2_common/pico_mem_ops/mem_ops_aeabi.S.obj
                0x10002614                __wrap_memcpy
                0x10002614                __wrap___aeabi_memcpy
 .text._out_null
                0x10002620        0x2 CMakeFiles/UsbTest.dir/C_/Users/matts/Desktop/pico/Bird-Removal-System/pico-sdk/src/rp2_common/pico_printf/printf.c.obj
 .text._out_fct
                0x10002622        0xe CMakeFiles/UsbTest.dir/C_/Users/matts/Desktop/pico/Bird-Removal-System/pico-sdk/src/rp2_common/pico_printf/printf.c.obj
 .text._atoi    0x10002630       0x24 CMakeFiles/UsbTest.dir/C_/Users/matts/Desktop/pico/Bird-Removal-System/pico-sdk/src/rp2_common/pico_printf/printf.c.obj
 .text._out_rev
                0x10002654       0xae CMakeFiles/UsbTest.dir/C_/Users/matts/Desktop/pico/Bird-Removal-System/pico-sdk/src/rp2_common/pico_printf/printf.c.obj
 .text._ntoa_format
                0x10002702      0x112 CMakeFiles/UsbTest.dir/C_/Users/matts/Desktop/pico/Bird-Removal-System/pico-sdk/src/rp2_common/pico_printf/printf.c.obj
 .text._ntoa_long
                0x10002814       0xbc CMakeFiles/UsbTest.dir/C_/Users/matts/Desktop/pico/Bird-Removal-System/pico-sdk/src/rp2_common/pico_printf/printf.c.obj
 .text._ntoa_long_long
                0x100028d0       0xe2 CMakeFiles/UsbTest.dir/C_/Users/matts/Desktop/pico/Bird-Removal-System/pico-sdk/src/rp2_common/pico_printf/printf.c.obj
 *fill*         0x100029b2        0x2 
 .text._etoa    0x100029b4      0x414 CMakeFiles/UsbTest.dir/C_/Users/matts/Desktop/pico/Bird-Removal-System/pico-sdk/src/rp2_common/pico_printf/printf.c.obj
 .text._ftoa    0x10002dc8      0x354 CMakeFiles/UsbTest.dir/C_/Users/matts/Desktop/pico/Bird-Removal-System/pico-sdk/src/rp2_common/pico_printf/printf.c.obj
 .text._vsnprintf
                0x1000311c      0x624 CMakeFiles/UsbTest.dir/C_/Users/matts/Desktop/pico/Bird-Removal-System/pico-sdk/src/rp2_common/pico_printf/printf.c.obj
 .text.vfctprintf
                0x10003740       0x20 CMakeFiles/UsbTest.dir/C_/Users/matts/Desktop/pico/Bird-Removal-System/pico-sdk/src/rp2_common/pico_printf/printf.c.obj
                0x10003740                vfctprintf
 .text._exit    0x10003760        0x4 CMakeFiles/UsbTest.dir/C_/Users/matts/Desktop/pico/Bird-Removal-System/pico-sdk/src/rp2_common/pico_clib_interface/newlib_interface.c.obj
                0x10003760                _exit
 .text.exit     0x10003764        0x6 CMakeFiles/UsbTest.dir/C_/Users/matts/Desktop/pico/Bird-Removal-System/pico-sdk/src/rp2_common/pico_clib_interface/newlib_interface.c.obj
                0x10003764                exit
 *fill*         0x1000376a        0x2 
 .text.__assert_func
                0x1000376c       0x3c CMakeFiles/UsbTest.dir/C_/Users/matts/Desktop/pico/Bird-Removal-System/pico-sdk/src/rp2_common/pico_clib_interface/newlib_interface.c.obj
                0x1000376c                __assert_func
 .text.runtime_init
                0x100037a8       0x28 CMakeFiles/UsbTest.dir/C_/Users/matts/Desktop/pico/Bird-Removal-System/pico-sdk/src/rp2_common/pico_clib_interface/newlib_interface.c.obj
                0x100037a8                runtime_init
 .text.stdio_out_chars_no_crlf
                0x100037d0        0xe CMakeFiles/UsbTest.dir/C_/Users/matts/Desktop/pico/Bird-Removal-System/pico-sdk/src/rp2_common/pico_stdio/stdio.c.obj
 *fill*         0x100037de        0x2 
 .text.stdio_out_chars_crlf
                0x100037e0       0x80 CMakeFiles/UsbTest.dir/C_/Users/matts/Desktop/pico/Bird-Removal-System/pico-sdk/src/rp2_common/pico_stdio/stdio.c.obj
 .text.stdio_stack_buffer_flush
                0x10003860       0x44 CMakeFiles/UsbTest.dir/C_/Users/matts/Desktop/pico/Bird-Removal-System/pico-sdk/src/rp2_common/pico_stdio/stdio.c.obj
 .text.stdio_buffered_printer
                0x100038a4       0x20 CMakeFiles/UsbTest.dir/C_/Users/matts/Desktop/pico/Bird-Removal-System/pico-sdk/src/rp2_common/pico_stdio/stdio.c.obj
 .text.stdout_serialize_begin
                0x100038c4       0x30 CMakeFiles/UsbTest.dir/C_/Users/matts/Desktop/pico/Bird-Removal-System/pico-sdk/src/rp2_common/pico_stdio/stdio.c.obj
                0x100038c4                stdout_serialize_begin
 .text.stdout_serialize_end
                0x100038f4       0x10 CMakeFiles/UsbTest.dir/C_/Users/matts/Desktop/pico/Bird-Removal-System/pico-sdk/src/rp2_common/pico_stdio/stdio.c.obj
                0x100038f4                stdout_serialize_end
 .text.stdio_put_string
                0x10003904       0x94 CMakeFiles/UsbTest.dir/C_/Users/matts/Desktop/pico/Bird-Removal-System/pico-sdk/src/rp2_common/pico_stdio/stdio.c.obj
                0x10003904                stdio_put_string
 .text.stdio_get_until
                0x10003998       0x88 CMakeFiles/UsbTest.dir/C_/Users/matts/Desktop/pico/Bird-Removal-System/pico-sdk/src/rp2_common/pico_stdio/stdio.c.obj
                0x10003998                stdio_get_until
 .text.stdio_set_driver_enabled
                0x10003a20       0x2c CMakeFiles/UsbTest.dir/C_/Users/matts/Desktop/pico/Bird-Removal-System/pico-sdk/src/rp2_common/pico_stdio/stdio.c.obj
                0x10003a20                stdio_set_driver_enabled
 .text.stdio_flush
                0x10003a4c       0x20 CMakeFiles/UsbTest.dir/C_/Users/matts/Desktop/pico/Bird-Removal-System/pico-sdk/src/rp2_common/pico_stdio/stdio.c.obj
                0x10003a4c                stdio_flush
 .text.stdio_init_all
                0x10003a6c        0x8 CMakeFiles/UsbTest.dir/C_/Users/matts/Desktop/pico/Bird-Removal-System/pico-sdk/src/rp2_common/pico_stdio/stdio.c.obj
                0x10003a6c                stdio_init_all
 .text.__wrap_getchar
                0x10003a74       0x40 CMakeFiles/UsbTest.dir/C_/Users/matts/Desktop/pico/Bird-Removal-System/pico-sdk/src/rp2_common/pico_stdio/stdio.c.obj
                0x10003a74                stdio_getchar
                0x10003a74                __wrap_getchar
 .text.__wrap_puts
                0x10003ab4       0x1e CMakeFiles/UsbTest.dir/C_/Users/matts/Desktop/pico/Bird-Removal-System/pico-sdk/src/rp2_common/pico_stdio/stdio.c.obj
                0x10003ab4                stdio_puts
                0x10003ab4                __wrap_puts
 *fill*         0x10003ad2        0x2 
 .text.__wrap_vprintf
                0x10003ad4       0x40 CMakeFiles/UsbTest.dir/C_/Users/matts/Desktop/pico/Bird-Removal-System/pico-sdk/src/rp2_common/pico_stdio/stdio.c.obj
                0x10003ad4                stdio_vprintf
                0x10003ad4                __wrap_vprintf
 .text.__wrap_printf
                0x10003b14       0x18 CMakeFiles/UsbTest.dir/C_/Users/matts/Desktop/pico/Bird-Removal-System/pico-sdk/src/rp2_common/pico_stdio/stdio.c.obj
                0x10003b14                __wrap_printf
                0x10003b14                stdio_printf
 .text.resetd_init
                0x10003b2c        0x2 CMakeFiles/UsbTest.dir/C_/Users/matts/Desktop/pico/Bird-Removal-System/pico-sdk/src/rp2_common/pico_stdio_usb/reset_interface.c.obj
 *fill*         0x10003b2e        0x2 
 .text.resetd_reset
                0x10003b30        0xc CMakeFiles/UsbTest.dir/C_/Users/matts/Desktop/pico/Bird-Removal-System/pico-sdk/src/rp2_common/pico_stdio_usb/reset_interface.c.obj
 .text.resetd_open
                0x10003b3c       0x34 CMakeFiles/UsbTest.dir/C_/Users/matts/Desktop/pico/Bird-Removal-System/pico-sdk/src/rp2_common/pico_stdio_usb/reset_interface.c.obj
 .text.resetd_xfer_cb
                0x10003b70        0x4 CMakeFiles/UsbTest.dir/C_/Users/matts/Desktop/pico/Bird-Removal-System/pico-sdk/src/rp2_common/pico_stdio_usb/reset_interface.c.obj
 .text.resetd_control_xfer_cb
                0x10003b74       0x60 CMakeFiles/UsbTest.dir/C_/Users/matts/Desktop/pico/Bird-Removal-System/pico-sdk/src/rp2_common/pico_stdio_usb/reset_interface.c.obj
 .text.tud_descriptor_bos_cb
                0x10003bd4        0x8 CMakeFiles/UsbTest.dir/C_/Users/matts/Desktop/pico/Bird-Removal-System/pico-sdk/src/rp2_common/pico_stdio_usb/reset_interface.c.obj
                0x10003bd4                tud_descriptor_bos_cb
 .text.tud_vendor_control_xfer_cb
                0x10003bdc       0x38 CMakeFiles/UsbTest.dir/C_/Users/matts/Desktop/pico/Bird-Removal-System/pico-sdk/src/rp2_common/pico_stdio_usb/reset_interface.c.obj
                0x10003bdc                tud_vendor_control_xfer_cb
 .text.usbd_app_driver_get_cb
                0x10003c14        0xc CMakeFiles/UsbTest.dir/C_/Users/matts/Desktop/pico/Bird-Removal-System/pico-sdk/src/rp2_common/pico_stdio_usb/reset_interface.c.obj
                0x10003c14                usbd_app_driver_get_cb
 .text.tud_cdc_line_coding_cb
                0x10003c20       0x2c CMakeFiles/UsbTest.dir/C_/Users/matts/Desktop/pico/Bird-Removal-System/pico-sdk/src/rp2_common/pico_stdio_usb/reset_interface.c.obj
                0x10003c20                tud_cdc_line_coding_cb
 .text.stdio_usb_set_chars_available_callback
                0x10003c4c       0x14 CMakeFiles/UsbTest.dir/C_/Users/matts/Desktop/pico/Bird-Removal-System/pico-sdk/src/rp2_common/pico_stdio_usb/stdio_usb.c.obj
                0x10003c4c                stdio_usb_set_chars_available_callback
 .text.stdio_usb_out_flush
                0x10003c60       0x4c CMakeFiles/UsbTest.dir/C_/Users/matts/Desktop/pico/Bird-Removal-System/pico-sdk/src/rp2_common/pico_stdio_usb/stdio_usb.c.obj
 .text.usb_irq  0x10003cac       0x10 CMakeFiles/UsbTest.dir/C_/Users/matts/Desktop/pico/Bird-Removal-System/pico-sdk/src/rp2_common/pico_stdio_usb/stdio_usb.c.obj
 .text.timer_task
                0x10003cbc       0x68 CMakeFiles/UsbTest.dir/C_/Users/matts/Desktop/pico/Bird-Removal-System/pico-sdk/src/rp2_common/pico_stdio_usb/stdio_usb.c.obj
 .text.low_priority_worker_irq
                0x10003d24       0xcc CMakeFiles/UsbTest.dir/C_/Users/matts/Desktop/pico/Bird-Removal-System/pico-sdk/src/rp2_common/pico_stdio_usb/stdio_usb.c.obj
 .text.stdio_usb_init
                0x10003df0      0x100 CMakeFiles/UsbTest.dir/C_/Users/matts/Desktop/pico/Bird-Removal-System/pico-sdk/src/rp2_common/pico_stdio_usb/stdio_usb.c.obj
                0x10003df0                stdio_usb_init
 .text.stdio_usb_connected
                0x10003ef0        0xa CMakeFiles/UsbTest.dir/C_/Users/matts/Desktop/pico/Bird-Removal-System/pico-sdk/src/rp2_common/pico_stdio_usb/stdio_usb.c.obj
                0x10003ef0                stdio_usb_connected
 *fill*         0x10003efa        0x2 
 .text.stdio_usb_in_chars
                0x10003efc       0x98 CMakeFiles/UsbTest.dir/C_/Users/matts/Desktop/pico/Bird-Removal-System/pico-sdk/src/rp2_common/pico_stdio_usb/stdio_usb.c.obj
                0x10003efc                stdio_usb_in_chars
 .text.stdio_usb_out_chars
                0x10003f94       0xe8 CMakeFiles/UsbTest.dir/C_/Users/matts/Desktop/pico/Bird-Removal-System/pico-sdk/src/rp2_common/pico_stdio_usb/stdio_usb.c.obj
 .text.tud_descriptor_device_cb
                0x1000407c        0x8 CMakeFiles/UsbTest.dir/C_/Users/matts/Desktop/pico/Bird-Removal-System/pico-sdk/src/rp2_common/pico_stdio_usb/stdio_usb_descriptors.c.obj
                0x1000407c                tud_descriptor_device_cb
 .text.tud_descriptor_configuration_cb
                0x10004084        0x8 CMakeFiles/UsbTest.dir/C_/Users/matts/Desktop/pico/Bird-Removal-System/pico-sdk/src/rp2_common/pico_stdio_usb/stdio_usb_descriptors.c.obj
                0x10004084                tud_descriptor_configuration_cb
 .text.tud_descriptor_string_cb
                0x1000408c       0x6c CMakeFiles/UsbTest.dir/C_/Users/matts/Desktop/pico/Bird-Removal-System/pico-sdk/src/rp2_common/pico_stdio_usb/stdio_usb_descriptors.c.obj
                0x1000408c                tud_descriptor_string_cb
 .text._retrieve_unique_id_on_boot
                0x100040f8       0x10 CMakeFiles/UsbTest.dir/C_/Users/matts/Desktop/pico/Bird-Removal-System/pico-sdk/src/rp2_common/pico_unique_id/unique_id.c.obj
 .text.pico_get_unique_board_id_string
                0x10004108       0x60 CMakeFiles/UsbTest.dir/C_/Users/matts/Desktop/pico/Bird-Removal-System/pico-sdk/src/rp2_common/pico_unique_id/unique_id.c.obj
                0x10004108                pico_get_unique_board_id_string
 .text.flash_get_unique_id
                0x10004168       0x46 CMakeFiles/UsbTest.dir/C_/Users/matts/Desktop/pico/Bird-Removal-System/pico-sdk/src/rp2_common/hardware_flash/flash.c.obj
                0x10004168                flash_get_unique_id
 *fill*         0x100041ae        0x2 
 .text.hw_endpoint_init
                0x100041b0       0xbc CMakeFiles/UsbTest.dir/C_/Users/matts/Desktop/pico/Bird-Removal-System/pico-sdk/lib/tinyusb/src/portable/raspberrypi/rp2040/dcd_rp2040.c.obj
 .text.hw_endpoint_alloc
                0x1000426c       0x48 CMakeFiles/UsbTest.dir/C_/Users/matts/Desktop/pico/Bird-Removal-System/pico-sdk/lib/tinyusb/src/portable/raspberrypi/rp2040/dcd_rp2040.c.obj
 .text.hw_endpoint_open
                0x100042b4       0x50 CMakeFiles/UsbTest.dir/C_/Users/matts/Desktop/pico/Bird-Removal-System/pico-sdk/lib/tinyusb/src/portable/raspberrypi/rp2040/dcd_rp2040.c.obj
 .text.hw_endpoint_xfer
                0x10004304       0x20 CMakeFiles/UsbTest.dir/C_/Users/matts/Desktop/pico/Bird-Removal-System/pico-sdk/lib/tinyusb/src/portable/raspberrypi/rp2040/dcd_rp2040.c.obj
 .text.dcd_int_enable
                0x10004324       0x2c CMakeFiles/UsbTest.dir/C_/Users/matts/Desktop/pico/Bird-Removal-System/pico-sdk/lib/tinyusb/src/portable/raspberrypi/rp2040/dcd_rp2040.c.obj
                0x10004324                dcd_int_enable
 .text.dcd_set_address
                0x10004350       0x2c CMakeFiles/UsbTest.dir/C_/Users/matts/Desktop/pico/Bird-Removal-System/pico-sdk/lib/tinyusb/src/portable/raspberrypi/rp2040/dcd_rp2040.c.obj
                0x10004350                dcd_set_address
 .text.dcd_connect
                0x1000437c       0x10 CMakeFiles/UsbTest.dir/C_/Users/matts/Desktop/pico/Bird-Removal-System/pico-sdk/lib/tinyusb/src/portable/raspberrypi/rp2040/dcd_rp2040.c.obj
                0x1000437c                dcd_connect
 .text.dcd_init
                0x1000438c       0x80 CMakeFiles/UsbTest.dir/C_/Users/matts/Desktop/pico/Bird-Removal-System/pico-sdk/lib/tinyusb/src/portable/raspberrypi/rp2040/dcd_rp2040.c.obj
                0x1000438c                dcd_init
 .text.dcd_sof_enable
                0x1000440c       0x1c CMakeFiles/UsbTest.dir/C_/Users/matts/Desktop/pico/Bird-Removal-System/pico-sdk/lib/tinyusb/src/portable/raspberrypi/rp2040/dcd_rp2040.c.obj
                0x1000440c                dcd_sof_enable
 .text.dcd_edpt0_status_complete
                0x10004428       0x1c CMakeFiles/UsbTest.dir/C_/Users/matts/Desktop/pico/Bird-Removal-System/pico-sdk/lib/tinyusb/src/portable/raspberrypi/rp2040/dcd_rp2040.c.obj
                0x10004428                dcd_edpt0_status_complete
 .text.dcd_edpt_open
                0x10004444       0x28 CMakeFiles/UsbTest.dir/C_/Users/matts/Desktop/pico/Bird-Removal-System/pico-sdk/lib/tinyusb/src/portable/raspberrypi/rp2040/dcd_rp2040.c.obj
                0x10004444                dcd_edpt_open
 .text.dcd_edpt_close_all
                0x1000446c        0x8 CMakeFiles/UsbTest.dir/C_/Users/matts/Desktop/pico/Bird-Removal-System/pico-sdk/lib/tinyusb/src/portable/raspberrypi/rp2040/dcd_rp2040.c.obj
                0x1000446c                dcd_edpt_close_all
 .text.dcd_edpt_xfer
                0x10004474       0x30 CMakeFiles/UsbTest.dir/C_/Users/matts/Desktop/pico/Bird-Removal-System/pico-sdk/lib/tinyusb/src/portable/raspberrypi/rp2040/dcd_rp2040.c.obj
                0x10004474                dcd_edpt_xfer
 .text.dcd_edpt_stall
                0x100044a4       0x3c CMakeFiles/UsbTest.dir/C_/Users/matts/Desktop/pico/Bird-Removal-System/pico-sdk/lib/tinyusb/src/portable/raspberrypi/rp2040/dcd_rp2040.c.obj
                0x100044a4                dcd_edpt_stall
 .text.dcd_edpt_clear_stall
                0x100044e0       0x30 CMakeFiles/UsbTest.dir/C_/Users/matts/Desktop/pico/Bird-Removal-System/pico-sdk/lib/tinyusb/src/portable/raspberrypi/rp2040/dcd_rp2040.c.obj
                0x100044e0                dcd_edpt_clear_stall
 .text.unaligned_memcpy
                0x10004510       0x14 CMakeFiles/UsbTest.dir/C_/Users/matts/Desktop/pico/Bird-Removal-System/pico-sdk/lib/tinyusb/src/portable/raspberrypi/rp2040/rp2040_usb.c.obj
 .text.rp2040_usb_init
                0x10004524       0x44 CMakeFiles/UsbTest.dir/C_/Users/matts/Desktop/pico/Bird-Removal-System/pico-sdk/lib/tinyusb/src/portable/raspberrypi/rp2040/rp2040_usb.c.obj
                0x10004524                rp2040_usb_init
 .text.hw_endpoint_xfer_start
                0x10004568       0x60 CMakeFiles/UsbTest.dir/C_/Users/matts/Desktop/pico/Bird-Removal-System/pico-sdk/lib/tinyusb/src/portable/raspberrypi/rp2040/rp2040_usb.c.obj
                0x10004568                hw_endpoint_xfer_start
 .text.configuration_reset
                0x100045c8       0x84 CMakeFiles/UsbTest.dir/C_/Users/matts/Desktop/pico/Bird-Removal-System/pico-sdk/lib/tinyusb/src/device/usbd.c.obj
 .text.usbd_reset
                0x1000464c        0xc CMakeFiles/UsbTest.dir/C_/Users/matts/Desktop/pico/Bird-Removal-System/pico-sdk/lib/tinyusb/src/device/usbd.c.obj
 .text.invoke_class_control
                0x10004658       0x1a CMakeFiles/UsbTest.dir/C_/Users/matts/Desktop/pico/Bird-Removal-System/pico-sdk/lib/tinyusb/src/device/usbd.c.obj
 *fill*         0x10004672        0x2 
 .text.process_set_config
                0x10004674      0x19c CMakeFiles/UsbTest.dir/C_/Users/matts/Desktop/pico/Bird-Removal-System/pico-sdk/lib/tinyusb/src/device/usbd.c.obj
 .text.tud_event_hook_cb
                0x10004810        0x2 CMakeFiles/UsbTest.dir/C_/Users/matts/Desktop/pico/Bird-Removal-System/pico-sdk/lib/tinyusb/src/device/usbd.c.obj
                0x10004810                tud_event_hook_cb
 .text.tud_sof_cb
                0x10004812        0x2 CMakeFiles/UsbTest.dir/C_/Users/matts/Desktop/pico/Bird-Removal-System/pico-sdk/lib/tinyusb/src/device/usbd.c.obj
                0x10004812                tud_sof_cb
 .text.tud_descriptor_device_qualifier_cb
                0x10004814        0x4 CMakeFiles/UsbTest.dir/C_/Users/matts/Desktop/pico/Bird-Removal-System/pico-sdk/lib/tinyusb/src/device/usbd.c.obj
                0x10004814                tud_descriptor_device_qualifier_cb
 .text.tud_descriptor_other_speed_configuration_cb
                0x10004818        0x4 CMakeFiles/UsbTest.dir/C_/Users/matts/Desktop/pico/Bird-Removal-System/pico-sdk/lib/tinyusb/src/device/usbd.c.obj
                0x10004818                tud_descriptor_other_speed_configuration_cb
 .text.process_get_descriptor
                0x1000481c       0xe0 CMakeFiles/UsbTest.dir/C_/Users/matts/Desktop/pico/Bird-Removal-System/pico-sdk/lib/tinyusb/src/device/usbd.c.obj
 .text.tud_mount_cb
                0x100048fc        0x2 CMakeFiles/UsbTest.dir/C_/Users/matts/Desktop/pico/Bird-Removal-System/pico-sdk/lib/tinyusb/src/device/usbd.c.obj
                0x100048fc                tud_mount_cb
 .text.tud_umount_cb
                0x100048fe        0x2 CMakeFiles/UsbTest.dir/C_/Users/matts/Desktop/pico/Bird-Removal-System/pico-sdk/lib/tinyusb/src/device/usbd.c.obj
                0x100048fe                tud_umount_cb
 .text.tud_suspend_cb
                0x10004900        0x2 CMakeFiles/UsbTest.dir/C_/Users/matts/Desktop/pico/Bird-Removal-System/pico-sdk/lib/tinyusb/src/device/usbd.c.obj
                0x10004900                tud_suspend_cb
 .text.tud_resume_cb
                0x10004902        0x2 CMakeFiles/UsbTest.dir/C_/Users/matts/Desktop/pico/Bird-Removal-System/pico-sdk/lib/tinyusb/src/device/usbd.c.obj
                0x10004902                tud_resume_cb
 .text.tud_mounted
                0x10004904       0x10 CMakeFiles/UsbTest.dir/C_/Users/matts/Desktop/pico/Bird-Removal-System/pico-sdk/lib/tinyusb/src/device/usbd.c.obj
                0x10004904                tud_mounted
 .text.tud_suspended
                0x10004914       0x10 CMakeFiles/UsbTest.dir/C_/Users/matts/Desktop/pico/Bird-Removal-System/pico-sdk/lib/tinyusb/src/device/usbd.c.obj
                0x10004914                tud_suspended
 .text.tud_inited
                0x10004924       0x14 CMakeFiles/UsbTest.dir/C_/Users/matts/Desktop/pico/Bird-Removal-System/pico-sdk/lib/tinyusb/src/device/usbd.c.obj
                0x10004924                tud_inited
 .text.tud_rhport_init
                0x10004938      0x100 CMakeFiles/UsbTest.dir/C_/Users/matts/Desktop/pico/Bird-Removal-System/pico-sdk/lib/tinyusb/src/device/usbd.c.obj
                0x10004938                tud_rhport_init
 .text.usbd_edpt_open
                0x10004a38       0x60 CMakeFiles/UsbTest.dir/C_/Users/matts/Desktop/pico/Bird-Removal-System/pico-sdk/lib/tinyusb/src/device/usbd.c.obj
                0x10004a38                usbd_edpt_open
 .text.usbd_open_edpt_pair
                0x10004a98       0x88 CMakeFiles/UsbTest.dir/C_/Users/matts/Desktop/pico/Bird-Removal-System/pico-sdk/lib/tinyusb/src/device/usbd.c.obj
                0x10004a98                usbd_open_edpt_pair
 .text.usbd_edpt_claim
                0x10004b20       0x28 CMakeFiles/UsbTest.dir/C_/Users/matts/Desktop/pico/Bird-Removal-System/pico-sdk/lib/tinyusb/src/device/usbd.c.obj
                0x10004b20                usbd_edpt_claim
 .text.usbd_edpt_release
                0x10004b48       0x28 CMakeFiles/UsbTest.dir/C_/Users/matts/Desktop/pico/Bird-Removal-System/pico-sdk/lib/tinyusb/src/device/usbd.c.obj
                0x10004b48                usbd_edpt_release
 .text.usbd_edpt_xfer
                0x10004b70       0x88 CMakeFiles/UsbTest.dir/C_/Users/matts/Desktop/pico/Bird-Removal-System/pico-sdk/lib/tinyusb/src/device/usbd.c.obj
                0x10004b70                usbd_edpt_xfer
 .text.usbd_edpt_stall
                0x10004bf8       0x34 CMakeFiles/UsbTest.dir/C_/Users/matts/Desktop/pico/Bird-Removal-System/pico-sdk/lib/tinyusb/src/device/usbd.c.obj
                0x10004bf8                usbd_edpt_stall
 .text.usbd_edpt_clear_stall
                0x10004c2c       0x34 CMakeFiles/UsbTest.dir/C_/Users/matts/Desktop/pico/Bird-Removal-System/pico-sdk/lib/tinyusb/src/device/usbd.c.obj
                0x10004c2c                usbd_edpt_clear_stall
 .text.usbd_edpt_stalled
                0x10004c60       0x1c CMakeFiles/UsbTest.dir/C_/Users/matts/Desktop/pico/Bird-Removal-System/pico-sdk/lib/tinyusb/src/device/usbd.c.obj
                0x10004c60                usbd_edpt_stalled
 .text.process_control_request
                0x10004c7c      0x390 CMakeFiles/UsbTest.dir/C_/Users/matts/Desktop/pico/Bird-Removal-System/pico-sdk/lib/tinyusb/src/device/usbd.c.obj
 .text.tud_task_ext
                0x1000500c      0x1d0 CMakeFiles/UsbTest.dir/C_/Users/matts/Desktop/pico/Bird-Removal-System/pico-sdk/lib/tinyusb/src/device/usbd.c.obj
                0x1000500c                tud_task_ext
 .text.data_stage_xact
                0x100051dc       0x60 CMakeFiles/UsbTest.dir/C_/Users/matts/Desktop/pico/Bird-Removal-System/pico-sdk/lib/tinyusb/src/device/usbd_control.c.obj
 .text.tud_control_status
                0x1000523c       0x38 CMakeFiles/UsbTest.dir/C_/Users/matts/Desktop/pico/Bird-Removal-System/pico-sdk/lib/tinyusb/src/device/usbd_control.c.obj
                0x1000523c                tud_control_status
 .text.tud_control_xfer
                0x10005274       0xa8 CMakeFiles/UsbTest.dir/C_/Users/matts/Desktop/pico/Bird-Removal-System/pico-sdk/lib/tinyusb/src/device/usbd_control.c.obj
                0x10005274                tud_control_xfer
 .text.usbd_control_reset
                0x1000531c       0x14 CMakeFiles/UsbTest.dir/C_/Users/matts/Desktop/pico/Bird-Removal-System/pico-sdk/lib/tinyusb/src/device/usbd_control.c.obj
                0x1000531c                usbd_control_reset
 .text.usbd_control_set_complete_callback
                0x10005330        0xc CMakeFiles/UsbTest.dir/C_/Users/matts/Desktop/pico/Bird-Removal-System/pico-sdk/lib/tinyusb/src/device/usbd_control.c.obj
                0x10005330                usbd_control_set_complete_callback
 .text.usbd_control_set_request
                0x1000533c       0x1c CMakeFiles/UsbTest.dir/C_/Users/matts/Desktop/pico/Bird-Removal-System/pico-sdk/lib/tinyusb/src/device/usbd_control.c.obj
                0x1000533c                usbd_control_set_request
 .text.usbd_control_xfer_cb
                0x10005358       0xf4 CMakeFiles/UsbTest.dir/C_/Users/matts/Desktop/pico/Bird-Removal-System/pico-sdk/lib/tinyusb/src/device/usbd_control.c.obj
                0x10005358                usbd_control_xfer_cb
 .text._prep_out_transaction
                0x1000544c       0xa0 CMakeFiles/UsbTest.dir/C_/Users/matts/Desktop/pico/Bird-Removal-System/pico-sdk/lib/tinyusb/src/class/cdc/cdc_device.c.obj
 .text.tud_cdc_n_connected
                0x100054ec       0x40 CMakeFiles/UsbTest.dir/C_/Users/matts/Desktop/pico/Bird-Removal-System/pico-sdk/lib/tinyusb/src/class/cdc/cdc_device.c.obj
                0x100054ec                tud_cdc_n_connected
 .text.tud_cdc_n_available
                0x1000552c       0x18 CMakeFiles/UsbTest.dir/C_/Users/matts/Desktop/pico/Bird-Removal-System/pico-sdk/lib/tinyusb/src/class/cdc/cdc_device.c.obj
                0x1000552c                tud_cdc_n_available
 .text.tud_cdc_n_read
                0x10005544       0x38 CMakeFiles/UsbTest.dir/C_/Users/matts/Desktop/pico/Bird-Removal-System/pico-sdk/lib/tinyusb/src/class/cdc/cdc_device.c.obj
                0x10005544                tud_cdc_n_read
 .text.tud_cdc_n_write_flush
                0x1000557c       0xbc CMakeFiles/UsbTest.dir/C_/Users/matts/Desktop/pico/Bird-Removal-System/pico-sdk/lib/tinyusb/src/class/cdc/cdc_device.c.obj
                0x1000557c                tud_cdc_n_write_flush
 .text.tud_cdc_n_write
                0x10005638       0x48 CMakeFiles/UsbTest.dir/C_/Users/matts/Desktop/pico/Bird-Removal-System/pico-sdk/lib/tinyusb/src/class/cdc/cdc_device.c.obj
                0x10005638                tud_cdc_n_write
 .text.tud_cdc_n_write_available
                0x10005680       0x18 CMakeFiles/UsbTest.dir/C_/Users/matts/Desktop/pico/Bird-Removal-System/pico-sdk/lib/tinyusb/src/class/cdc/cdc_device.c.obj
                0x10005680                tud_cdc_n_write_available
 .text.cdcd_init
                0x10005698       0xac CMakeFiles/UsbTest.dir/C_/Users/matts/Desktop/pico/Bird-Removal-System/pico-sdk/lib/tinyusb/src/class/cdc/cdc_device.c.obj
                0x10005698                cdcd_init
 .text.cdcd_deinit
                0x10005744       0x48 CMakeFiles/UsbTest.dir/C_/Users/matts/Desktop/pico/Bird-Removal-System/pico-sdk/lib/tinyusb/src/class/cdc/cdc_device.c.obj
                0x10005744                cdcd_deinit
 .text.cdcd_reset
                0x1000578c       0x70 CMakeFiles/UsbTest.dir/C_/Users/matts/Desktop/pico/Bird-Removal-System/pico-sdk/lib/tinyusb/src/class/cdc/cdc_device.c.obj
                0x1000578c                cdcd_reset
 .text.cdcd_open
                0x100057fc       0xec CMakeFiles/UsbTest.dir/C_/Users/matts/Desktop/pico/Bird-Removal-System/pico-sdk/lib/tinyusb/src/class/cdc/cdc_device.c.obj
                0x100057fc                cdcd_open
 .text.cdcd_control_xfer_cb
                0x100058e8      0x140 CMakeFiles/UsbTest.dir/C_/Users/matts/Desktop/pico/Bird-Removal-System/pico-sdk/lib/tinyusb/src/class/cdc/cdc_device.c.obj
                0x100058e8                cdcd_control_xfer_cb
 .text.cdcd_xfer_cb
                0x10005a28      0x148 CMakeFiles/UsbTest.dir/C_/Users/matts/Desktop/pico/Bird-Removal-System/pico-sdk/lib/tinyusb/src/class/cdc/cdc_device.c.obj
                0x10005a28                cdcd_xfer_cb
 .text.tud_vendor_n_mounted
                0x10005b70       0x38 CMakeFiles/UsbTest.dir/C_/Users/matts/Desktop/pico/Bird-Removal-System/pico-sdk/lib/tinyusb/src/class/vendor/vendor_device.c.obj
                0x10005b70                tud_vendor_n_mounted
 .text.tud_vendor_n_write_flush
                0x10005ba8       0x24 CMakeFiles/UsbTest.dir/C_/Users/matts/Desktop/pico/Bird-Removal-System/pico-sdk/lib/tinyusb/src/class/vendor/vendor_device.c.obj
                0x10005ba8                tud_vendor_n_write_flush
 .text.vendord_init
                0x10005bcc       0x9c CMakeFiles/UsbTest.dir/C_/Users/matts/Desktop/pico/Bird-Removal-System/pico-sdk/lib/tinyusb/src/class/vendor/vendor_device.c.obj
                0x10005bcc                vendord_init
 .text.vendord_deinit
                0x10005c68       0x34 CMakeFiles/UsbTest.dir/C_/Users/matts/Desktop/pico/Bird-Removal-System/pico-sdk/lib/tinyusb/src/class/vendor/vendor_device.c.obj
                0x10005c68                vendord_deinit
 .text.vendord_reset
                0x10005c9c       0x50 CMakeFiles/UsbTest.dir/C_/Users/matts/Desktop/pico/Bird-Removal-System/pico-sdk/lib/tinyusb/src/class/vendor/vendor_device.c.obj
                0x10005c9c                vendord_reset
 .text.vendord_open
                0x10005cec      0x14c CMakeFiles/UsbTest.dir/C_/Users/matts/Desktop/pico/Bird-Removal-System/pico-sdk/lib/tinyusb/src/class/vendor/vendor_device.c.obj
                0x10005cec                vendord_open
 .text.vendord_xfer_cb
                0x10005e38       0xdc CMakeFiles/UsbTest.dir/C_/Users/matts/Desktop/pico/Bird-Removal-System/pico-sdk/lib/tinyusb/src/class/vendor/vendor_device.c.obj
                0x10005e38                vendord_xfer_cb
 .text.tusb_rhport_init
                0x10005f14       0x7c CMakeFiles/UsbTest.dir/C_/Users/matts/Desktop/pico/Bird-Removal-System/pico-sdk/lib/tinyusb/src/tusb.c.obj
                0x10005f14                tusb_rhport_init
 .text.tu_edpt_claim
                0x10005f90       0x50 CMakeFiles/UsbTest.dir/C_/Users/matts/Desktop/pico/Bird-Removal-System/pico-sdk/lib/tinyusb/src/tusb.c.obj
                0x10005f90                tu_edpt_claim
 .text.tu_edpt_release
                0x10005fe0       0x3c CMakeFiles/UsbTest.dir/C_/Users/matts/Desktop/pico/Bird-Removal-System/pico-sdk/lib/tinyusb/src/tusb.c.obj
                0x10005fe0                tu_edpt_release
 .text.tu_edpt_validate
                0x1000601c       0xac CMakeFiles/UsbTest.dir/C_/Users/matts/Desktop/pico/Bird-Removal-System/pico-sdk/lib/tinyusb/src/tusb.c.obj
                0x1000601c                tu_edpt_validate
 .text.tu_edpt_bind_driver
                0x100060c8       0x26 CMakeFiles/UsbTest.dir/C_/Users/matts/Desktop/pico/Bird-Removal-System/pico-sdk/lib/tinyusb/src/tusb.c.obj
                0x100060c8                tu_edpt_bind_driver
 .text.tu_edpt_stream_init
                0x100060ee       0x68 CMakeFiles/UsbTest.dir/C_/Users/matts/Desktop/pico/Bird-Removal-System/pico-sdk/lib/tinyusb/src/tusb.c.obj
                0x100060ee                tu_edpt_stream_init
 .text.tu_edpt_stream_deinit
                0x10006156        0x4 CMakeFiles/UsbTest.dir/C_/Users/matts/Desktop/pico/Bird-Removal-System/pico-sdk/lib/tinyusb/src/tusb.c.obj
                0x10006156                tu_edpt_stream_deinit
 *fill*         0x1000615a        0x2 
 .text.tu_edpt_stream_write_zlp_if_needed
                0x1000615c       0x80 CMakeFiles/UsbTest.dir/C_/Users/matts/Desktop/pico/Bird-Removal-System/pico-sdk/lib/tinyusb/src/tusb.c.obj
                0x1000615c                tu_edpt_stream_write_zlp_if_needed
 .text.tu_edpt_stream_write_xfer
                0x100061dc       0x84 CMakeFiles/UsbTest.dir/C_/Users/matts/Desktop/pico/Bird-Removal-System/pico-sdk/lib/tinyusb/src/tusb.c.obj
                0x100061dc                tu_edpt_stream_write_xfer
 .text.tu_edpt_stream_read_xfer
                0x10006260       0xf4 CMakeFiles/UsbTest.dir/C_/Users/matts/Desktop/pico/Bird-Removal-System/pico-sdk/lib/tinyusb/src/tusb.c.obj
                0x10006260                tu_edpt_stream_read_xfer
 .text.advance_index
                0x10006354       0x1a CMakeFiles/UsbTest.dir/C_/Users/matts/Desktop/pico/Bird-Removal-System/pico-sdk/lib/tinyusb/src/common/tusb_fifo.c.obj
 .text._tu_fifo_peek
                0x1000636e       0x56 CMakeFiles/UsbTest.dir/C_/Users/matts/Desktop/pico/Bird-Removal-System/pico-sdk/lib/tinyusb/src/common/tusb_fifo.c.obj
 .text._ff_pull_n
                0x100063c4       0x68 CMakeFiles/UsbTest.dir/C_/Users/matts/Desktop/pico/Bird-Removal-System/pico-sdk/lib/tinyusb/src/common/tusb_fifo.c.obj
 .text._tu_fifo_peek_n
                0x1000642c       0x6a CMakeFiles/UsbTest.dir/C_/Users/matts/Desktop/pico/Bird-Removal-System/pico-sdk/lib/tinyusb/src/common/tusb_fifo.c.obj
 .text._tu_fifo_read_n
                0x10006496       0x4e CMakeFiles/UsbTest.dir/C_/Users/matts/Desktop/pico/Bird-Removal-System/pico-sdk/lib/tinyusb/src/common/tusb_fifo.c.obj
 .text._ff_push_n
                0x100064e4       0x68 CMakeFiles/UsbTest.dir/C_/Users/matts/Desktop/pico/Bird-Removal-System/pico-sdk/lib/tinyusb/src/common/tusb_fifo.c.obj
 .text._tu_fifo_write_n
                0x1000654c       0xf0 CMakeFiles/UsbTest.dir/C_/Users/matts/Desktop/pico/Bird-Removal-System/pico-sdk/lib/tinyusb/src/common/tusb_fifo.c.obj
 .text.tu_fifo_config
                0x1000663c       0x7c CMakeFiles/UsbTest.dir/C_/Users/matts/Desktop/pico/Bird-Removal-System/pico-sdk/lib/tinyusb/src/common/tusb_fifo.c.obj
                0x1000663c                tu_fifo_config
 .text.tu_fifo_count
                0x100066b8       0x2a CMakeFiles/UsbTest.dir/C_/Users/matts/Desktop/pico/Bird-Removal-System/pico-sdk/lib/tinyusb/src/common/tusb_fifo.c.obj
                0x100066b8                tu_fifo_count
 .text.tu_fifo_empty
                0x100066e2       0x10 CMakeFiles/UsbTest.dir/C_/Users/matts/Desktop/pico/Bird-Removal-System/pico-sdk/lib/tinyusb/src/common/tusb_fifo.c.obj
                0x100066e2                tu_fifo_empty
 .text.tu_fifo_full
                0x100066f2       0x28 CMakeFiles/UsbTest.dir/C_/Users/matts/Desktop/pico/Bird-Removal-System/pico-sdk/lib/tinyusb/src/common/tusb_fifo.c.obj
                0x100066f2                tu_fifo_full
 .text.tu_fifo_remaining
                0x1000671a       0x2c CMakeFiles/UsbTest.dir/C_/Users/matts/Desktop/pico/Bird-Removal-System/pico-sdk/lib/tinyusb/src/common/tusb_fifo.c.obj
                0x1000671a                tu_fifo_remaining
 .text.tu_fifo_read
                0x10006746       0x42 CMakeFiles/UsbTest.dir/C_/Users/matts/Desktop/pico/Bird-Removal-System/pico-sdk/lib/tinyusb/src/common/tusb_fifo.c.obj
                0x10006746                tu_fifo_read
 .text.tu_fifo_read_n
                0x10006788        0xa CMakeFiles/UsbTest.dir/C_/Users/matts/Desktop/pico/Bird-Removal-System/pico-sdk/lib/tinyusb/src/common/tusb_fifo.c.obj
                0x10006788                tu_fifo_read_n
 .text.tu_fifo_write
                0x10006792       0x64 CMakeFiles/UsbTest.dir/C_/Users/matts/Desktop/pico/Bird-Removal-System/pico-sdk/lib/tinyusb/src/common/tusb_fifo.c.obj
                0x10006792                tu_fifo_write
 .text.tu_fifo_write_n
                0x100067f6        0xa CMakeFiles/UsbTest.dir/C_/Users/matts/Desktop/pico/Bird-Removal-System/pico-sdk/lib/tinyusb/src/common/tusb_fifo.c.obj
                0x100067f6                tu_fifo_write_n
 .text.tu_fifo_clear
                0x10006800       0x3e CMakeFiles/UsbTest.dir/C_/Users/matts/Desktop/pico/Bird-Removal-System/pico-sdk/lib/tinyusb/src/common/tusb_fifo.c.obj
                0x10006800                tu_fifo_clear
 .text.tu_fifo_set_overwritable
                0x1000683e       0x46 CMakeFiles/UsbTest.dir/C_/Users/matts/Desktop/pico/Bird-Removal-System/pico-sdk/lib/tinyusb/src/common/tusb_fifo.c.obj
                0x1000683e                tu_fifo_set_overwritable
 .text.strlen   0x10006884       0x5c c:/progra~2/gnuarm~1/102021~1.10/bin/../lib/gcc/arm-none-eabi/10.3.1/../../../../arm-none-eabi/lib/thumb/v6-m/nofp\libg.a(lib_a-strlen-stub.o)
                0x10006884                strlen
 *(.fini)
 .fini          0x100068e0        0x4 c:/progra~2/gnuarm~1/102021~1.10/bin/../lib/gcc/arm-none-eabi/10.3.1/thumb/v6-m/nofp/crti.o
                0x100068e0                _fini
 *fill*         0x100068e4        0x4 
 .fini.__stub   0x100068e8       0xd0 linker stubs
 *crtbegin.o(.ctors)
 *crtbegin?.o(.ctors)
 *(EXCLUDE_FILE(*crtend.o *crtend?.o) .ctors)
 *(SORT_BY_NAME(.ctors.*))
 *(.ctors)
 *crtbegin.o(.dtors)
 *crtbegin?.o(.dtors)
 *(EXCLUDE_FILE(*crtend.o *crtend?.o) .dtors)
 *(SORT_BY_NAME(.dtors.*))
 *(.dtors)
                0x100069b8                . = ALIGN (0x4)
                0x100069b8                PROVIDE (__preinit_array_start = .)
 *(SORT_BY_NAME(.preinit_array.*))
 .preinit_array.00100
                0x100069b8        0x4 CMakeFiles/UsbTest.dir/C_/Users/matts/Desktop/pico/Bird-Removal-System/pico-sdk/src/rp2_common/pico_runtime_init/runtime_init.c.obj
                0x100069b8                __pre_init_runtime_init_early_resets
 .preinit_array.00101
                0x100069bc        0x4 CMakeFiles/UsbTest.dir/C_/Users/matts/Desktop/pico/Bird-Removal-System/pico-sdk/src/rp2_common/pico_runtime_init/runtime_init.c.obj
                0x100069bc                __pre_init_runtime_init_usb_power_down
 .preinit_array.00275
                0x100069c0        0x4 CMakeFiles/UsbTest.dir/C_/Users/matts/Desktop/pico/Bird-Removal-System/pico-sdk/src/rp2_common/pico_bit_ops/bit_ops_aeabi.S.obj
 .preinit_array.00300
                0x100069c4        0x4 CMakeFiles/UsbTest.dir/C_/Users/matts/Desktop/pico/Bird-Removal-System/pico-sdk/src/rp2_common/pico_mem_ops/mem_ops_aeabi.S.obj
 .preinit_array.00350
                0x100069c8        0x4 CMakeFiles/UsbTest.dir/C_/Users/matts/Desktop/pico/Bird-Removal-System/pico-sdk/src/rp2_common/pico_double/double_aeabi_rp2040.S.obj
 .preinit_array.00350
                0x100069cc        0x4 CMakeFiles/UsbTest.dir/C_/Users/matts/Desktop/pico/Bird-Removal-System/pico-sdk/src/rp2_common/pico_float/float_aeabi_rp2040.S.obj
 .preinit_array.00500
                0x100069d0        0x4 CMakeFiles/UsbTest.dir/C_/Users/matts/Desktop/pico/Bird-Removal-System/pico-sdk/src/rp2_common/pico_runtime_init/runtime_init.c.obj
                0x100069d0                __pre_init_runtime_init_clocks
 .preinit_array.00600
                0x100069d4        0x4 CMakeFiles/UsbTest.dir/C_/Users/matts/Desktop/pico/Bird-Removal-System/pico-sdk/src/rp2_common/pico_runtime_init/runtime_init.c.obj
                0x100069d4                __pre_init_runtime_init_post_clock_resets
 .preinit_array.00700
                0x100069d8        0x4 CMakeFiles/UsbTest.dir/C_/Users/matts/Desktop/pico/Bird-Removal-System/pico-sdk/src/rp2_common/pico_runtime_init/runtime_init.c.obj
                0x100069d8                __pre_init_runtime_init_rp2040_gpio_ie_disable
 .preinit_array.01000
                0x100069dc        0x4 CMakeFiles/UsbTest.dir/C_/Users/matts/Desktop/pico/Bird-Removal-System/pico-sdk/src/rp2_common/pico_runtime_init/runtime_init.c.obj
                0x100069dc                __pre_init_runtime_init_spin_locks_reset
 .preinit_array.01100
                0x100069e0        0x4 CMakeFiles/UsbTest.dir/C_/Users/matts/Desktop/pico/Bird-Removal-System/pico-sdk/src/common/pico_sync/mutex.c.obj
                0x100069e0                __pre_init_runtime_init_mutex
 .preinit_array.10080
                0x100069e4        0x4 CMakeFiles/UsbTest.dir/C_/Users/matts/Desktop/pico/Bird-Removal-System/pico-sdk/src/rp2_common/pico_runtime_init/runtime_init.c.obj
                0x100069e4                __pre_init_runtime_init_install_ram_vector_table
 .preinit_array.11000
                0x100069e8        0x4 CMakeFiles/UsbTest.dir/C_/Users/matts/Desktop/pico/Bird-Removal-System/pico-sdk/src/common/pico_time/time.c.obj
                0x100069e8                __pre_init_runtime_init_default_alarm_pool
 .preinit_array.YYYYY
                0x100069ec        0x4 CMakeFiles/UsbTest.dir/C_/Users/matts/Desktop/pico/Bird-Removal-System/pico-sdk/src/rp2_common/pico_runtime/runtime.c.obj
                0x100069ec                __pre_init_first_per_core_initializer
 .preinit_array.ZZZZZ.01200
                0x100069f0        0x4 CMakeFiles/UsbTest.dir/C_/Users/matts/Desktop/pico/Bird-Removal-System/pico-sdk/src/rp2_common/hardware_irq/irq.c.obj
                0x100069f0                __pre_init_runtime_init_per_core_irq_priorities
 *(.preinit_array)
                0x100069f4                PROVIDE (__preinit_array_end = .)
                0x100069f4                . = ALIGN (0x4)
                0x100069f4                PROVIDE (__init_array_start = .)
 *(SORT_BY_NAME(.init_array.*))
 .init_array.01000
                0x100069f4        0x4 CMakeFiles/UsbTest.dir/C_/Users/matts/Desktop/pico/Bird-Removal-System/pico-sdk/src/rp2_common/pico_unique_id/unique_id.c.obj
 *(.init_array)
 .init_array    0x100069f8        0x4 c:/progra~2/gnuarm~1/102021~1.10/bin/../lib/gcc/arm-none-eabi/10.3.1/thumb/v6-m/nofp/crtbegin.o
                0x100069fc                PROVIDE (__init_array_end = .)
                0x100069fc                . = ALIGN (0x4)
                [!provide]                PROVIDE (__fini_array_start = .)
 *(SORT_BY_NAME(.fini_array.*))
 *(.fini_array)
                [!provide]                PROVIDE (__fini_array_end = .)
 *(.eh_frame*)
 .eh_frame      0x100069fc        0x0 c:/progra~2/gnuarm~1/102021~1.10/bin/../lib/gcc/arm-none-eabi/10.3.1/thumb/v6-m/nofp/crtbegin.o
                0x100069fc                . = ALIGN (0x4)

.glue_7         0x100069fc        0x0
 .glue_7        0x100069fc        0x0 linker stubs

.glue_7t        0x100069fc        0x0
 .glue_7t       0x100069fc        0x0 linker stubs

.vfp11_veneer   0x100069fc        0x0
 .vfp11_veneer  0x100069fc        0x0 linker stubs

.v4_bx          0x100069fc        0x0
 .v4_bx         0x100069fc        0x0 linker stubs

.iplt           0x100069fc        0x0
 .iplt          0x100069fc        0x0 c:/progra~2/gnuarm~1/102021~1.10/bin/../lib/gcc/arm-none-eabi/10.3.1/thumb/v6-m/nofp/crtbegin.o

.rodata         0x10006a00     0x15f4
 *(EXCLUDE_FILE(*libm.a: *libc.a:*lib_a-mem*.o *libgcc.a:) .rodata*)
 .rodata.led_off.str1.4
                0x10006a00       0x12 CMakeFiles/UsbTest.dir/UsbTest.c.obj
 *fill*         0x10006a12        0x2 
 .rodata.main.str1.4
                0x10006a14       0x2f CMakeFiles/UsbTest.dir/UsbTest.c.obj
 *fill*         0x10006a43        0x1 
 .rodata.rp2040_chip_version.str1.4
                0x10006a44       0x95 CMakeFiles/UsbTest.dir/C_/Users/matts/Desktop/pico/Bird-Removal-System/pico-sdk/src/rp2040/pico_platform/platform.c.obj
 *fill*         0x10006ad9        0x3 
 .rodata.__func__.0
                0x10006adc       0x14 CMakeFiles/UsbTest.dir/C_/Users/matts/Desktop/pico/Bird-Removal-System/pico-sdk/src/rp2040/pico_platform/platform.c.obj
 .rodata.panic.str1.4
                0x10006af0       0x12 CMakeFiles/UsbTest.dir/C_/Users/matts/Desktop/pico/Bird-Removal-System/pico-sdk/src/rp2_common/pico_platform_panic/panic.c.obj
 *fill*         0x10006b02        0x2 
 .rodata.spin_lock_claim_unused.str1.4
                0x10006b04       0x1b CMakeFiles/UsbTest.dir/C_/Users/matts/Desktop/pico/Bird-Removal-System/pico-sdk/src/rp2_common/hardware_sync/sync.c.obj
 *fill*         0x10006b1f        0x1 
 .rodata.make_j_16.str1.4
                0x10006b20       0x8b CMakeFiles/UsbTest.dir/C_/Users/matts/Desktop/pico/Bird-Removal-System/pico-sdk/src/rp2_common/hardware_irq/irq.c.obj
 *fill*         0x10006bab        0x1 
 .rodata.irq_set_exclusive_handler.str1.4
                0x10006bac       0x36 CMakeFiles/UsbTest.dir/C_/Users/matts/Desktop/pico/Bird-Removal-System/pico-sdk/src/rp2_common/hardware_irq/irq.c.obj
 *fill*         0x10006be2        0x2 
 .rodata.irq_add_shared_handler.str1.4
                0x10006be4       0xe9 CMakeFiles/UsbTest.dir/C_/Users/matts/Desktop/pico/Bird-Removal-System/pico-sdk/src/rp2_common/hardware_irq/irq.c.obj
 *fill*         0x10006ccd        0x3 
 .rodata.irq_add_tail_to_free_list.str1.4
                0x10006cd0       0x3a CMakeFiles/UsbTest.dir/C_/Users/matts/Desktop/pico/Bird-Removal-System/pico-sdk/src/rp2_common/hardware_irq/irq.c.obj
 *fill*         0x10006d0a        0x2 
 .rodata.user_irq_claim_unused.str1.4
                0x10006d0c       0x1b CMakeFiles/UsbTest.dir/C_/Users/matts/Desktop/pico/Bird-Removal-System/pico-sdk/src/rp2_common/hardware_irq/irq.c.obj
 *fill*         0x10006d27        0x1 
 .rodata.__func__.0
                0x10006d28       0x1a CMakeFiles/UsbTest.dir/C_/Users/matts/Desktop/pico/Bird-Removal-System/pico-sdk/src/rp2_common/hardware_irq/irq.c.obj
 *fill*         0x10006d42        0x2 
 .rodata.__func__.3
                0x10006d44        0xa CMakeFiles/UsbTest.dir/C_/Users/matts/Desktop/pico/Bird-Removal-System/pico-sdk/src/rp2_common/hardware_irq/irq.c.obj
 *fill*         0x10006d4e        0x2 
 .rodata.__func__.4
                0x10006d50        0xd CMakeFiles/UsbTest.dir/C_/Users/matts/Desktop/pico/Bird-Removal-System/pico-sdk/src/rp2_common/hardware_irq/irq.c.obj
 *fill*         0x10006d5d        0x3 
 .rodata.__func__.5
                0x10006d60       0x17 CMakeFiles/UsbTest.dir/C_/Users/matts/Desktop/pico/Bird-Removal-System/pico-sdk/src/rp2_common/hardware_irq/irq.c.obj
 *fill*         0x10006d77        0x1 
 .rodata.__func__.6
                0x10006d78       0x1a CMakeFiles/UsbTest.dir/C_/Users/matts/Desktop/pico/Bird-Removal-System/pico-sdk/src/rp2_common/hardware_irq/irq.c.obj
 *fill*         0x10006d92        0x2 
 .rodata.runtime_init_mutex.str1.4
                0x10006d94       0x76 CMakeFiles/UsbTest.dir/C_/Users/matts/Desktop/pico/Bird-Removal-System/pico-sdk/src/common/pico_sync/mutex.c.obj
 *fill*         0x10006e0a        0x2 
 .rodata.str1.4
                0x10006e0c       0x51 CMakeFiles/UsbTest.dir/C_/Users/matts/Desktop/pico/Bird-Removal-System/pico-sdk/src/common/pico_sync/mutex.c.obj
 *fill*         0x10006e5d        0x3 
 .rodata.__func__.1
                0x10006e60        0xb CMakeFiles/UsbTest.dir/C_/Users/matts/Desktop/pico/Bird-Removal-System/pico-sdk/src/common/pico_sync/mutex.c.obj
 *fill*         0x10006e6b        0x1 
 .rodata.__func__.3
                0x10006e6c       0x18 CMakeFiles/UsbTest.dir/C_/Users/matts/Desktop/pico/Bird-Removal-System/pico-sdk/src/common/pico_sync/mutex.c.obj
 .rodata.__func__.6
                0x10006e84       0x13 CMakeFiles/UsbTest.dir/C_/Users/matts/Desktop/pico/Bird-Removal-System/pico-sdk/src/common/pico_sync/mutex.c.obj
 *fill*         0x10006e97        0x1 
 .rodata.alarm_pool_irq_handler.str1.4
                0x10006e98       0x81 CMakeFiles/UsbTest.dir/C_/Users/matts/Desktop/pico/Bird-Removal-System/pico-sdk/src/common/pico_time/time.c.obj
 *fill*         0x10006f19        0x3 
 .rodata.alarm_pool_get_default.str1.4
                0x10006f1c       0x21 CMakeFiles/UsbTest.dir/C_/Users/matts/Desktop/pico/Bird-Removal-System/pico-sdk/src/common/pico_time/time.c.obj
 *fill*         0x10006f3d        0x3 
 .rodata.__func__.1
                0x10006f40       0x17 CMakeFiles/UsbTest.dir/C_/Users/matts/Desktop/pico/Bird-Removal-System/pico-sdk/src/common/pico_time/time.c.obj
 *fill*         0x10006f57        0x1 
 .rodata.__func__.2
                0x10006f58       0x17 CMakeFiles/UsbTest.dir/C_/Users/matts/Desktop/pico/Bird-Removal-System/pico-sdk/src/common/pico_time/time.c.obj
 *fill*         0x10006f6f        0x1 
 .rodata.at_the_end_of_time
                0x10006f70        0x8 CMakeFiles/UsbTest.dir/C_/Users/matts/Desktop/pico/Bird-Removal-System/pico-sdk/src/common/pico_time/time.c.obj
                0x10006f70                at_the_end_of_time
 .rodata.timer_hardware_alarm_claim.str1.4
                0x10006f78       0x22 CMakeFiles/UsbTest.dir/C_/Users/matts/Desktop/pico/Bird-Removal-System/pico-sdk/src/rp2_common/hardware_timer/timer.c.obj
 *fill*         0x10006f9a        0x2 
 .rodata.pll_init.str1.4
                0x10006f9c      0x130 CMakeFiles/UsbTest.dir/C_/Users/matts/Desktop/pico/Bird-Removal-System/pico-sdk/src/rp2_common/hardware_pll/pll.c.obj
 .rodata.__func__.0
                0x100070cc        0x9 CMakeFiles/UsbTest.dir/C_/Users/matts/Desktop/pico/Bird-Removal-System/pico-sdk/src/rp2_common/hardware_pll/pll.c.obj
 *fill*         0x100070d5        0x3 
 .rodata.__aeabi_double_init.str1.4
                0x100070d8       0xb1 CMakeFiles/UsbTest.dir/C_/Users/matts/Desktop/pico/Bird-Removal-System/pico-sdk/src/rp2_common/pico_double/double_init_rom_rp2040.c.obj
 *fill*         0x10007189        0x3 
 .rodata.__func__.0
                0x1000718c       0x14 CMakeFiles/UsbTest.dir/C_/Users/matts/Desktop/pico/Bird-Removal-System/pico-sdk/src/rp2_common/pico_double/double_init_rom_rp2040.c.obj
 .rodata.__aeabi_float_init.str1.4
                0x100071a0       0x9f CMakeFiles/UsbTest.dir/C_/Users/matts/Desktop/pico/Bird-Removal-System/pico-sdk/src/rp2_common/pico_float/float_init_rom_rp2040.c.obj
                                 0xa3 (size before relaxing)
 *fill*         0x1000723f        0x1 
 .rodata.__func__.0
                0x10007240       0x13 CMakeFiles/UsbTest.dir/C_/Users/matts/Desktop/pico/Bird-Removal-System/pico-sdk/src/rp2_common/pico_float/float_init_rom_rp2040.c.obj
 *fill*         0x10007253        0x1 
 .rodata.str1.4
                0x10007254       0x3c CMakeFiles/UsbTest.dir/C_/Users/matts/Desktop/pico/Bird-Removal-System/pico-sdk/src/rp2_common/pico_standard_binary_info/standard_binary_info.c.obj
 .rodata.__bi_26
                0x10007290        0xc CMakeFiles/UsbTest.dir/C_/Users/matts/Desktop/pico/Bird-Removal-System/pico-sdk/src/rp2_common/pico_standard_binary_info/standard_binary_info.c.obj
 .rodata.__bi_34
                0x1000729c        0xc CMakeFiles/UsbTest.dir/C_/Users/matts/Desktop/pico/Bird-Removal-System/pico-sdk/src/rp2_common/pico_standard_binary_info/standard_binary_info.c.obj
 .rodata.__bi_42
                0x100072a8        0xc CMakeFiles/UsbTest.dir/C_/Users/matts/Desktop/pico/Bird-Removal-System/pico-sdk/src/rp2_common/pico_standard_binary_info/standard_binary_info.c.obj
 .rodata.__bi_48
                0x100072b4        0xc CMakeFiles/UsbTest.dir/C_/Users/matts/Desktop/pico/Bird-Removal-System/pico-sdk/src/rp2_common/pico_standard_binary_info/standard_binary_info.c.obj
 .rodata.__bi_54
                0x100072c0        0xc CMakeFiles/UsbTest.dir/C_/Users/matts/Desktop/pico/Bird-Removal-System/pico-sdk/src/rp2_common/pico_standard_binary_info/standard_binary_info.c.obj
 .rodata.__bi_78
                0x100072cc        0xc CMakeFiles/UsbTest.dir/C_/Users/matts/Desktop/pico/Bird-Removal-System/pico-sdk/src/rp2_common/pico_standard_binary_info/standard_binary_info.c.obj
 .rodata.__bi_84
                0x100072d8        0xc CMakeFiles/UsbTest.dir/C_/Users/matts/Desktop/pico/Bird-Removal-System/pico-sdk/src/rp2_common/pico_standard_binary_info/standard_binary_info.c.obj
 .rodata._ftoa.str1.4
                0x100072e4       0x15 CMakeFiles/UsbTest.dir/C_/Users/matts/Desktop/pico/Bird-Removal-System/pico-sdk/src/rp2_common/pico_printf/printf.c.obj
 *fill*         0x100072f9        0x3 
 .rodata._vsnprintf
                0x100072fc      0x1e0 CMakeFiles/UsbTest.dir/C_/Users/matts/Desktop/pico/Bird-Removal-System/pico-sdk/src/rp2_common/pico_printf/printf.c.obj
 *fill*         0x100074dc        0x4 
 .rodata.pow10.0
                0x100074e0       0x50 CMakeFiles/UsbTest.dir/C_/Users/matts/Desktop/pico/Bird-Removal-System/pico-sdk/src/rp2_common/pico_printf/printf.c.obj
 .rodata.__assert_func.str1.4
                0x10007530       0x3f CMakeFiles/UsbTest.dir/C_/Users/matts/Desktop/pico/Bird-Removal-System/pico-sdk/src/rp2_common/pico_clib_interface/newlib_interface.c.obj
                                 0x43 (size before relaxing)
 *fill*         0x1000756f        0x1 
 .rodata.stdio_getchar_timeout_us.str1.4
                0x10007570       0x5f CMakeFiles/UsbTest.dir/C_/Users/matts/Desktop/pico/Bird-Removal-System/pico-sdk/src/rp2_common/pico_stdio/stdio.c.obj
 *fill*         0x100075cf        0x1 
 .rodata.__wrap_getchar.str1.4
                0x100075d0        0x9 CMakeFiles/UsbTest.dir/C_/Users/matts/Desktop/pico/Bird-Removal-System/pico-sdk/src/rp2_common/pico_stdio/stdio.c.obj
 *fill*         0x100075d9        0x3 
 .rodata.__func__.2
                0x100075dc        0xf CMakeFiles/UsbTest.dir/C_/Users/matts/Desktop/pico/Bird-Removal-System/pico-sdk/src/rp2_common/pico_stdio/stdio.c.obj
 *fill*         0x100075eb        0x1 
 .rodata.crlf_str.0
                0x100075ec        0x2 CMakeFiles/UsbTest.dir/C_/Users/matts/Desktop/pico/Bird-Removal-System/pico-sdk/src/rp2_common/pico_stdio/stdio.c.obj
 *fill*         0x100075ee        0x2 
 .rodata._resetd_driver
                0x100075f0       0x20 CMakeFiles/UsbTest.dir/C_/Users/matts/Desktop/pico/Bird-Removal-System/pico-sdk/src/rp2_common/pico_stdio_usb/reset_interface.c.obj
 .rodata.desc_bos
                0x10007610       0x21 CMakeFiles/UsbTest.dir/C_/Users/matts/Desktop/pico/Bird-Removal-System/pico-sdk/src/rp2_common/pico_stdio_usb/reset_interface.c.obj
                0x10007610                desc_bos
 *fill*         0x10007631        0x3 
 .rodata.desc_ms_os_20
                0x10007634       0xa6 CMakeFiles/UsbTest.dir/C_/Users/matts/Desktop/pico/Bird-Removal-System/pico-sdk/src/rp2_common/pico_stdio_usb/reset_interface.c.obj
 *fill*         0x100076da        0x2 
 .rodata.stdio_usb_init.str1.4
                0x100076dc       0x6b CMakeFiles/UsbTest.dir/C_/Users/matts/Desktop/pico/Bird-Removal-System/pico-sdk/src/rp2_common/pico_stdio_usb/stdio_usb.c.obj
 *fill*         0x10007747        0x1 
 .rodata.str1.4
                0x10007748       0x13 CMakeFiles/UsbTest.dir/C_/Users/matts/Desktop/pico/Bird-Removal-System/pico-sdk/src/rp2_common/pico_stdio_usb/stdio_usb.c.obj
 *fill*         0x1000775b        0x1 
 .rodata.__bi_202.1
                0x1000775c        0xc CMakeFiles/UsbTest.dir/C_/Users/matts/Desktop/pico/Bird-Removal-System/pico-sdk/src/rp2_common/pico_stdio_usb/stdio_usb.c.obj
 .rodata.__func__.2
                0x10007768        0xf CMakeFiles/UsbTest.dir/C_/Users/matts/Desktop/pico/Bird-Removal-System/pico-sdk/src/rp2_common/pico_stdio_usb/stdio_usb.c.obj
 *fill*         0x10007777        0x1 
 .rodata.str1.4
                0x10007778       0x2a CMakeFiles/UsbTest.dir/C_/Users/matts/Desktop/pico/Bird-Removal-System/pico-sdk/src/rp2_common/pico_stdio_usb/stdio_usb_descriptors.c.obj
 *fill*         0x100077a2        0x2 
 .rodata.usbd_desc_cfg
                0x100077a4       0x54 CMakeFiles/UsbTest.dir/C_/Users/matts/Desktop/pico/Bird-Removal-System/pico-sdk/src/rp2_common/pico_stdio_usb/stdio_usb_descriptors.c.obj
 .rodata.usbd_desc_device
                0x100077f8       0x12 CMakeFiles/UsbTest.dir/C_/Users/matts/Desktop/pico/Bird-Removal-System/pico-sdk/src/rp2_common/pico_stdio_usb/stdio_usb_descriptors.c.obj
 *fill*         0x1000780a        0x2 
 .rodata.usbd_desc_str
                0x1000780c       0x18 CMakeFiles/UsbTest.dir/C_/Users/matts/Desktop/pico/Bird-Removal-System/pico-sdk/src/rp2_common/pico_stdio_usb/stdio_usb_descriptors.c.obj
 .rodata.pico_get_unique_board_id_string.str1.4
                0x10007824       0x6b CMakeFiles/UsbTest.dir/C_/Users/matts/Desktop/pico/Bird-Removal-System/pico-sdk/src/rp2_common/pico_unique_id/unique_id.c.obj
 *fill*         0x1000788f        0x1 
 .rodata.__func__.0
                0x10007890       0x20 CMakeFiles/UsbTest.dir/C_/Users/matts/Desktop/pico/Bird-Removal-System/pico-sdk/src/rp2_common/pico_unique_id/unique_id.c.obj
 .rodata.str1.4
                0x100078b0      0x219 CMakeFiles/UsbTest.dir/C_/Users/matts/Desktop/pico/Bird-Removal-System/pico-sdk/src/rp2_common/hardware_flash/flash.c.obj
 *fill*         0x10007ac9        0x3 
 .rodata.__func__.0
                0x10007acc        0xd CMakeFiles/UsbTest.dir/C_/Users/matts/Desktop/pico/Bird-Removal-System/pico-sdk/src/rp2_common/hardware_flash/flash.c.obj
 *fill*         0x10007ad9        0x3 
 .rodata.hw_endpoint_alloc.str1.4
                0x10007adc       0xb6 CMakeFiles/UsbTest.dir/C_/Users/matts/Desktop/pico/Bird-Removal-System/pico-sdk/lib/tinyusb/src/portable/raspberrypi/rp2040/dcd_rp2040.c.obj
 *fill*         0x10007b92        0x2 
 .rodata.str1.4
                0x10007b94       0x14 CMakeFiles/UsbTest.dir/C_/Users/matts/Desktop/pico/Bird-Removal-System/pico-sdk/lib/tinyusb/src/portable/raspberrypi/rp2040/dcd_rp2040.c.obj
 .rodata.dcd_int_enable.str1.4
                0x10007ba8        0xc CMakeFiles/UsbTest.dir/C_/Users/matts/Desktop/pico/Bird-Removal-System/pico-sdk/lib/tinyusb/src/portable/raspberrypi/rp2040/dcd_rp2040.c.obj
 .rodata.__func__.0
                0x10007bb4        0xe CMakeFiles/UsbTest.dir/C_/Users/matts/Desktop/pico/Bird-Removal-System/pico-sdk/lib/tinyusb/src/portable/raspberrypi/rp2040/dcd_rp2040.c.obj
 *fill*         0x10007bc2        0x2 
 .rodata.__func__.3
                0x10007bc4       0x10 CMakeFiles/UsbTest.dir/C_/Users/matts/Desktop/pico/Bird-Removal-System/pico-sdk/lib/tinyusb/src/portable/raspberrypi/rp2040/dcd_rp2040.c.obj
 .rodata.__func__.5
                0x10007bd4        0xf CMakeFiles/UsbTest.dir/C_/Users/matts/Desktop/pico/Bird-Removal-System/pico-sdk/lib/tinyusb/src/portable/raspberrypi/rp2040/dcd_rp2040.c.obj
 *fill*         0x10007be3        0x1 
 .rodata.__func__.6
                0x10007be4       0x12 CMakeFiles/UsbTest.dir/C_/Users/matts/Desktop/pico/Bird-Removal-System/pico-sdk/lib/tinyusb/src/portable/raspberrypi/rp2040/dcd_rp2040.c.obj
 *fill*         0x10007bf6        0x2 
 .rodata.__func__.7
                0x10007bf8        0x9 CMakeFiles/UsbTest.dir/C_/Users/matts/Desktop/pico/Bird-Removal-System/pico-sdk/lib/tinyusb/src/portable/raspberrypi/rp2040/dcd_rp2040.c.obj
 *fill*         0x10007c01        0x3 
 .rodata.str1.4
                0x10007c04       0xfc CMakeFiles/UsbTest.dir/C_/Users/matts/Desktop/pico/Bird-Removal-System/pico-sdk/lib/tinyusb/src/portable/raspberrypi/rp2040/rp2040_usb.c.obj
 .rodata.hw_endpoint_xfer_start.str1.4
                0x10007d00       0x38 CMakeFiles/UsbTest.dir/C_/Users/matts/Desktop/pico/Bird-Removal-System/pico-sdk/lib/tinyusb/src/portable/raspberrypi/rp2040/rp2040_usb.c.obj
 .rodata.__func__.0
                0x10007d38        0xf CMakeFiles/UsbTest.dir/C_/Users/matts/Desktop/pico/Bird-Removal-System/pico-sdk/lib/tinyusb/src/portable/raspberrypi/rp2040/rp2040_usb.c.obj
 *fill*         0x10007d47        0x1 
 .rodata.configuration_reset.str1.4
                0x10007d48       0x17 CMakeFiles/UsbTest.dir/C_/Users/matts/Desktop/pico/Bird-Removal-System/pico-sdk/lib/tinyusb/src/device/usbd.c.obj
 *fill*         0x10007d5f        0x1 
 .rodata.process_get_descriptor
                0x10007d60       0x40 CMakeFiles/UsbTest.dir/C_/Users/matts/Desktop/pico/Bird-Removal-System/pico-sdk/lib/tinyusb/src/device/usbd.c.obj
 .rodata        0x10007da0       0x1c CMakeFiles/UsbTest.dir/C_/Users/matts/Desktop/pico/Bird-Removal-System/pico-sdk/lib/tinyusb/src/device/usbd.c.obj
 .rodata.process_control_request
                0x10007dbc       0x28 CMakeFiles/UsbTest.dir/C_/Users/matts/Desktop/pico/Bird-Removal-System/pico-sdk/lib/tinyusb/src/device/usbd.c.obj
 .rodata.tud_task_ext
                0x10007de4       0x24 CMakeFiles/UsbTest.dir/C_/Users/matts/Desktop/pico/Bird-Removal-System/pico-sdk/lib/tinyusb/src/device/usbd.c.obj
 .rodata.__func__.10
                0x10007e08       0x14 CMakeFiles/UsbTest.dir/C_/Users/matts/Desktop/pico/Bird-Removal-System/pico-sdk/lib/tinyusb/src/device/usbd.c.obj
 .rodata.__func__.11
                0x10007e1c        0xd CMakeFiles/UsbTest.dir/C_/Users/matts/Desktop/pico/Bird-Removal-System/pico-sdk/lib/tinyusb/src/device/usbd.c.obj
 *fill*         0x10007e29        0x3 
 .rodata.__func__.12
                0x10007e2c       0x10 CMakeFiles/UsbTest.dir/C_/Users/matts/Desktop/pico/Bird-Removal-System/pico-sdk/lib/tinyusb/src/device/usbd.c.obj
 .rodata.__func__.3
                0x10007e3c        0xf CMakeFiles/UsbTest.dir/C_/Users/matts/Desktop/pico/Bird-Removal-System/pico-sdk/lib/tinyusb/src/device/usbd.c.obj
 *fill*         0x10007e4b        0x1 
 .rodata.__func__.4
                0x10007e4c        0xf CMakeFiles/UsbTest.dir/C_/Users/matts/Desktop/pico/Bird-Removal-System/pico-sdk/lib/tinyusb/src/device/usbd.c.obj
 *fill*         0x10007e5b        0x1 
 .rodata.__func__.5
                0x10007e5c       0x14 CMakeFiles/UsbTest.dir/C_/Users/matts/Desktop/pico/Bird-Removal-System/pico-sdk/lib/tinyusb/src/device/usbd.c.obj
 .rodata.__func__.6
                0x10007e70        0xc CMakeFiles/UsbTest.dir/C_/Users/matts/Desktop/pico/Bird-Removal-System/pico-sdk/lib/tinyusb/src/device/usbd.c.obj
 .rodata.__func__.7
                0x10007e7c       0x17 CMakeFiles/UsbTest.dir/C_/Users/matts/Desktop/pico/Bird-Removal-System/pico-sdk/lib/tinyusb/src/device/usbd.c.obj
 *fill*         0x10007e93        0x1 
 .rodata.__func__.8