Archive member included to satisfy reference by file (symbol)

c:/progra~2/gnuarm~1/102021~1.10/bin/../lib/gcc/arm-none-eabi/10.3.1/thumb/v6-m/nofp\libgcc.a(_dvmd_tls.o)
                              CMakeFiles/UsbTest.dir/C_/Users/matts/Desktop/pico/Bird-Removal-System/pico-sdk/src/rp2_common/pico_divider/divider_hardware.S.obj (__aeabi_idiv0)
c:/progra~2/gnuarm~1/102021~1.10/bin/../lib/gcc/arm-none-eabi/10.3.1/../../../../arm-none-eabi/lib/thumb/v6-m/nofp\libg.a(lib_a-calloc.o)
                              CMakeFiles/UsbTest.dir/C_/Users/matts/Desktop/pico/Bird-Removal-System/pico-sdk/src/rp2_common/pico_malloc/malloc.c.obj (calloc)
c:/progra~2/gnuarm~1/102021~1.10/bin/../lib/gcc/arm-none-eabi/10.3.1/../../../../arm-none-eabi/lib/thumb/v6-m/nofp\libg.a(lib_a-callocr.o)
                              c:/progra~2/gnuarm~1/102021~1.10/bin/../lib/gcc/arm-none-eabi/10.3.1/../../../../arm-none-eabi/lib/thumb/v6-m/nofp\libg.a(lib_a-calloc.o) (_calloc_r)
c:/progra~2/gnuarm~1/102021~1.10/bin/../lib/gcc/arm-none-eabi/10.3.1/../../../../arm-none-eabi/lib/thumb/v6-m/nofp\libg.a(lib_a-ctype_.o)
                              CMakeFiles/UsbTest.dir/C_/Users/matts/Desktop/pico/Bird-Removal-System/pico-sdk/lib/tinyusb/src/tusb.c.obj (_ctype_)
c:/progra~2/gnuarm~1/102021~1.10/bin/../lib/gcc/arm-none-eabi/10.3.1/../../../../arm-none-eabi/lib/thumb/v6-m/nofp\libg.a(lib_a-errno.o)
                              c:/progra~2/gnuarm~1/102021~1.10/bin/../lib/gcc/arm-none-eabi/10.3.1/../../../../arm-none-eabi/lib/thumb/v6-m/nofp\libg.a(lib_a-callocr.o) (__errno)
c:/progra~2/gnuarm~1/102021~1.10/bin/../lib/gcc/arm-none-eabi/10.3.1/../../../../arm-none-eabi/lib/thumb/v6-m/nofp\libg.a(lib_a-impure.o)
                              c:/progra~2/gnuarm~1/102021~1.10/bin/../lib/gcc/arm-none-eabi/10.3.1/../../../../arm-none-eabi/lib/thumb/v6-m/nofp\libg.a(lib_a-calloc.o) (_impure_ptr)
c:/progra~2/gnuarm~1/102021~1.10/bin/../lib/gcc/arm-none-eabi/10.3.1/../../../../arm-none-eabi/lib/thumb/v6-m/nofp\libg.a(lib_a-init.o)
                              c:/progra~2/gnuarm~1/102021~1.10/bin/../lib/gcc/arm-none-eabi/10.3.1/../../../../arm-none-eabi/lib/thumb/v6-m/nofp/crt0.o (__libc_init_array)
c:/progra~2/gnuarm~1/102021~1.10/bin/../lib/gcc/arm-none-eabi/10.3.1/../../../../arm-none-eabi/lib/thumb/v6-m/nofp\libg.a(lib_a-lcltime_r.o)
                              CMakeFiles/UsbTest.dir/C_/Users/matts/Desktop/pico/Bird-Removal-System/pico-sdk/src/common/pico_util/datetime.c.obj (localtime_r)
c:/progra~2/gnuarm~1/102021~1.10/bin/../lib/gcc/arm-none-eabi/10.3.1/../../../../arm-none-eabi/lib/thumb/v6-m/nofp\libg.a(lib_a-malloc.o)
                              CMakeFiles/UsbTest.dir/C_/Users/matts/Desktop/pico/Bird-Removal-System/pico-sdk/src/rp2_common/pico_malloc/malloc.c.obj (malloc)
c:/progra~2/gnuarm~1/102021~1.10/bin/../lib/gcc/arm-none-eabi/10.3.1/../../../../arm-none-eabi/lib/thumb/v6-m/nofp\libg.a(lib_a-mallocr.o)
                              c:/progra~2/gnuarm~1/102021~1.10/bin/../lib/gcc/arm-none-eabi/10.3.1/../../../../arm-none-eabi/lib/thumb/v6-m/nofp\libg.a(lib_a-callocr.o) (_malloc_r)
c:/progra~2/gnuarm~1/102021~1.10/bin/../lib/gcc/arm-none-eabi/10.3.1/../../../../arm-none-eabi/lib/thumb/v6-m/nofp\libg.a(lib_a-memcmp.o)
                              CMakeFiles/UsbTest.dir/C_/Users/matts/Desktop/pico/Bird-Removal-System/pico-sdk/src/rp2_common/pico_atomic/atomic.c.obj (memcmp)
c:/progra~2/gnuarm~1/102021~1.10/bin/../lib/gcc/arm-none-eabi/10.3.1/../../../../arm-none-eabi/lib/thumb/v6-m/nofp\libg.a(lib_a-mktime.o)
                              CMakeFiles/UsbTest.dir/C_/Users/matts/Desktop/pico/Bird-Removal-System/pico-sdk/src/common/pico_util/datetime.c.obj (mktime)
c:/progra~2/gnuarm~1/102021~1.10/bin/../lib/gcc/arm-none-eabi/10.3.1/../../../../arm-none-eabi/lib/thumb/v6-m/nofp\libg.a(lib_a-mlock.o)
                              c:/progra~2/gnuarm~1/102021~1.10/bin/../lib/gcc/arm-none-eabi/10.3.1/../../../../arm-none-eabi/lib/thumb/v6-m/nofp\libg.a(lib_a-mallocr.o) (__malloc_lock)
c:/progra~2/gnuarm~1/102021~1.10/bin/../lib/gcc/arm-none-eabi/10.3.1/../../../../arm-none-eabi/lib/thumb/v6-m/nofp\libg.a(lib_a-month_lengths.o)
                              c:/progra~2/gnuarm~1/102021~1.10/bin/../lib/gcc/arm-none-eabi/10.3.1/../../../../arm-none-eabi/lib/thumb/v6-m/nofp\libg.a(lib_a-lcltime_r.o) (__month_lengths)
c:/progra~2/gnuarm~1/102021~1.10/bin/../lib/gcc/arm-none-eabi/10.3.1/../../../../arm-none-eabi/lib/thumb/v6-m/nofp\libg.a(lib_a-realloc.o)
                              CMakeFiles/UsbTest.dir/C_/Users/matts/Desktop/pico/Bird-Removal-System/pico-sdk/src/rp2_common/pico_malloc/malloc.c.obj (realloc)
c:/progra~2/gnuarm~1/102021~1.10/bin/../lib/gcc/arm-none-eabi/10.3.1/../../../../arm-none-eabi/lib/thumb/v6-m/nofp\libg.a(lib_a-reallocr.o)
[...]
Memory Configuration

Name             Origin             Length             Attributes
FLASH            0x10000000         0x00200000         xr
RAM              0x20000000         0x00040000         xrw
SCRATCH_X        0x20040000         0x00001000         xrw
SCRATCH_Y        0x20041000         0x00001000         xrw
*default*        0x00000000         0xffffffff

Linker script and memory map

LOAD c:/progra~2/gnuarm~1/102021~1.10/bin/../lib/gcc/arm-none-eabi/10.3.1/thumb/v6-m/nofp/crti.o
LOAD c:/progra~2/gnuarm~1/102021~1.10/bin/../lib/gcc/arm-none-eabi/10.3.1/thumb/v6-m/nofp/crtbegin.o
LOAD c:/progra~2/gnuarm~1/102021~1.10/bin/../lib/gcc/arm-none-eabi/10.3.1/../../../../arm-none-eabi/lib/thumb/v6-m/nofp/crt0.o

.flash_begin    0x10000000        0x0
                0x10000000                __flash_binary_start = .

.boot2          0x10000000      0x100
                0x10000000                __boot2_start__ = .
 *(.boot2)
 .boot2         0x10000000      0x100 pico-sdk\src\rp2040\boot_stage2\CMakeFiles\bs2_default_library.dir\bs2_default_padded_checksummed.S.obj
                0x10000100                __boot2_end__ = .
                0x00000001                ASSERT (((__boot2_end__ - __boot2_start__) == 0x100), ERROR: Pico second stage bootloader must be 256 bytes in size)

.text           0x10000100     0x68e4
                0x10000100                __logical_binary_start = .
 *(.vectors)
 .vectors       0x10000100       0xd4 CMakeFiles/UsbTest.dir/C_/Users/matts/Desktop/pico/Bird-Removal-System/pico-sdk/src/rp2_common/pico_crt0/crt0.S.obj
                0x10000100                __VECTOR_TABLE
                0x10000100                __vectors
                0x100001c0                isr_irq13
                0x100001c0                isr_irq27
                0x100001c0                isr_irq31
                0x100001c0                isr_irq12
                0x100001c0                isr_irq5
                0x100001c0                isr_irq11
                0x100001c0                isr_irq3
                0x100001c0                isr_irq23
                0x100001c0                __unhandled_user_irq
                0x100001c0                isr_irq26
                0x100001c0                isr_irq28
                0x100001c0                isr_irq19
                0x100001c0                isr_irq0
                0x100001c0                isr_irq6
                0x100001c0                isr_irq29
                0x100001c0                isr_irq16
                0x100001c0                isr_irq22
                0x100001c0                isr_irq18
                0x100001c0                isr_irq17
                0x100001c0                isr_irq14
                0x100001c0                __vectors_end
                0x100001c0                __default_isrs_start
                0x100001c0                isr_irq2
                0x100001c0                isr_irq10
                0x100001c0                isr_irq8
                0x100001c0                isr_irq24
                0x100001c0                isr_irq1
                0x100001c0                isr_irq7
                0x100001c0                isr_irq21
                0x100001c0                isr_irq20
                0x100001c0                isr_irq15
                0x100001c0                isr_irq25
                0x100001c0                isr_irq4
                0x100001c0                isr_irq30
                0x100001c0                isr_irq9
                0x100001c6                unhandled_user_irq_num_in_r0
                0x100001c8                isr_invalid
                0x100001ca                isr_nmi
                0x100001cc                isr_hardfault
                0x100001ce                isr_svcall
                0x100001d0                isr_pendsv
                0x100001d2                isr_systick
                0x100001d4                __default_isrs_end
 *(.binary_info_header)
 .binary_info_header
                0x100001d4       0x14 CMakeFiles/UsbTest.dir/C_/Users/matts/Desktop/pico/Bird-Removal-System/pico-sdk/src/rp2_common/pico_crt0/crt0.S.obj
                0x100001e8                __binary_info_header_end = .
 *(.embedded_block)
                0x100001e8                __embedded_block_end = .
 *(.reset)
 .reset         0x100001e8       0x9c CMakeFiles/UsbTest.dir/C_/Users/matts/Desktop/pico/Bird-Removal-System/pico-sdk/src/rp2_common/pico_crt0/crt0.S.obj
                0x100001e8                _entry_point
 *(.init)
 .init          0x10000284        0x4 c:/progra~2/gnuarm~1/102021~1.10/bin/../lib/gcc/arm-none-eabi/10.3.1/thumb/v6-m/nofp/crti.o
                0x10000284                _init
 *(EXCLUDE_FILE(*libm.a: *libc.a:*lib_a-mem*.o *libgcc.a:) .text*)
 .text          0x10000288       0x48 c:/progra~2/gnuarm~1/102021~1.10/bin/../lib/gcc/arm-none-eabi/10.3.1/thumb/v6-m/nofp/crtbegin.o
 .text.main     0x100002d0       0x68 CMakeFiles/UsbTest.dir/UsbTest.c.obj
                0x100002d0                main
 .text.gpio_set_function
                0x10000338       0x34 CMakeFiles/UsbTest.dir/C_/Users/matts/Desktop/pico/Bird-Removal-System/pico-sdk/src/rp2_common/hardware_gpio/gpio.c.obj
                0x10000338                gpio_set_function
 .text.gpio_init
                0x1000036c       0x16 CMakeFiles/UsbTest.dir/C_/Users/matts/Desktop/pico/Bird-Removal-System/pico-sdk/src/rp2_common/hardware_gpio/gpio.c.obj
                0x1000036c                gpio_init
 *fill*         0x10000382        0x2 
 .text.rp2040_chip_version
                0x10000384       0x4c CMakeFiles/UsbTest.dir/C_/Users/matts/Desktop/pico/Bird-Removal-System/pico-sdk/src/rp2040/pico_platform/platform.c.obj
                0x10000384                rp2040_chip_version
 .text.panic    0x100003d0       0x30 CMakeFiles/UsbTest.dir/C_/Users/matts/Desktop/pico/Bird-Removal-System/pico-sdk/src/rp2_common/pico_platform_panic/panic.c.obj
                0x100003d0                panic
 .text.hw_claim_lock
                0x10000400       0x18 CMakeFiles/UsbTest.dir/C_/Users/matts/Desktop/pico/Bird-Removal-System/pico-sdk/src/common/hardware_claim/claim.c.obj
                0x10000400                hw_claim_lock
 .text.hw_claim_unlock
                0x10000418       0x14 CMakeFiles/UsbTest.dir/C_/Users/matts/Desktop/pico/Bird-Removal-System/pico-sdk/src/common/hardware_claim/claim.c.obj
                0x10000418                hw_claim_unlock
 .text.hw_claim_or_assert
                0x1000042c       0x32 CMakeFiles/UsbTest.dir/C_/Users/matts/Desktop/pico/Bird-Removal-System/pico-sdk/src/common/hardware_claim/claim.c.obj
                0x1000042c                hw_claim_or_assert
 .text.hw_claim_unused_from_range
                0x1000045e       0x50 CMakeFiles/UsbTest.dir/C_/Users/matts/Desktop/pico/Bird-Removal-System/pico-sdk/src/common/hardware_claim/claim.c.obj
                0x1000045e                hw_claim_unused_from_range
 *fill*         0x100004ae        0x2 
 .text.next_striped_spin_lock_num
                0x100004b0       0x1c CMakeFiles/UsbTest.dir/C_/Users/matts/Desktop/pico/Bird-Removal-System/pico-sdk/src/rp2_common/hardware_sync/sync.c.obj
                0x100004b0                next_striped_spin_lock_num
 .text.spin_lock_claim_unused
                0x100004cc       0x20 CMakeFiles/UsbTest.dir/C_/Users/matts/Desktop/pico/Bird-Removal-System/pico-sdk/src/rp2_common/hardware_sync/sync.c.obj
                0x100004cc                spin_lock_claim_unused
 .text.spin_locks_reset
                0x100004ec       0x20 CMakeFiles/UsbTest.dir/C_/Users/matts/Desktop/pico/Bird-Removal-System/pico-sdk/src/rp2_common/hardware_sync_spin_lock/sync_spin_lock.c.obj
                0x100004ec                spin_locks_reset
 .text.set_raw_irq_handler_and_unlock
                0x1000050c       0x28 CMakeFiles/UsbTest.dir/C_/Users/matts/Desktop/pico/Bird-Removal-System/pico-sdk/src/rp2_common/hardware_irq/irq.c.obj
 .text.nvic_ipr0
                0x10000534        0x8 CMakeFiles/UsbTest.dir/C_/Users/matts/Desktop/pico/Bird-Removal-System/pico-sdk/src/rp2_common/hardware_irq/irq.c.obj
 .text.runtime_init_per_core_irq_priorities
                0x1000053c       0x1c CMakeFiles/UsbTest.dir/C_/Users/matts/Desktop/pico/Bird-Removal-System/pico-sdk/src/rp2_common/hardware_irq/irq.c.obj
                0x1000053c                runtime_init_per_core_irq_priorities
 .text.make_j_16
                0x10000558       0x4c CMakeFiles/UsbTest.dir/C_/Users/matts/Desktop/pico/Bird-Removal-System/pico-sdk/src/rp2_common/hardware_irq/irq.c.obj
 .text.irq_is_enabled
                0x100005a4       0x18 CMakeFiles/UsbTest.dir/C_/Users/matts/Desktop/pico/Bird-Removal-System/pico-sdk/src/rp2_common/hardware_irq/irq.c.obj
                0x100005a4                irq_is_enabled
 .text.irq_set_mask_n_enabled
                0x100005bc       0x1c CMakeFiles/UsbTest.dir/C_/Users/matts/Desktop/pico/Bird-Removal-System/pico-sdk/src/rp2_common/hardware_irq/irq.c.obj
                0x100005bc                irq_set_mask_n_enabled
 .text.irq_set_enabled
                0x100005d8       0x14 CMakeFiles/UsbTest.dir/C_/Users/matts/Desktop/pico/Bird-Removal-System/pico-sdk/src/rp2_common/hardware_irq/irq.c.obj
                0x100005d8                irq_set_enabled
 .text.irq_set_pending
                0x100005ec       0x10 CMakeFiles/UsbTest.dir/C_/Users/matts/Desktop/pico/Bird-Removal-System/pico-sdk/src/rp2_common/hardware_irq/irq.c.obj
                0x100005ec                irq_set_pending
 .text.irq_get_vtable_handler
                0x100005fc       0x10 CMakeFiles/UsbTest.dir/C_/Users/matts/Desktop/pico/Bird-Removal-System/pico-sdk/src/rp2_common/hardware_irq/irq.c.obj
                0x100005fc                irq_get_vtable_handler
 .text.irq_has_shared_handler
                0x1000060c       0x1c CMakeFiles/UsbTest.dir/C_/Users/matts/Desktop/pico/Bird-Removal-System/pico-sdk/src/rp2_common/hardware_irq/irq.c.obj
                0x1000060c                irq_has_shared_handler
 .text.irq_set_exclusive_handler
                0x10000628       0x54 CMakeFiles/UsbTest.dir/C_/Users/matts/Desktop/pico/Bird-Removal-System/pico-sdk/src/rp2_common/hardware_irq/irq.c.obj
                0x10000628                irq_set_exclusive_handler
 .text.irq_add_shared_handler
                0x1000067c      0x238 CMakeFiles/UsbTest.dir/C_/Users/matts/Desktop/pico/Bird-Removal-System/pico-sdk/src/rp2_common/hardware_irq/irq.c.obj
                0x1000067c                irq_add_shared_handler
 .text.irq_add_tail_to_free_list
                0x100008b4       0xf4 CMakeFiles/UsbTest.dir/C_/Users/matts/Desktop/pico/Bird-Removal-System/pico-sdk/src/rp2_common/hardware_irq/irq.c.obj
                0x100008b4                irq_add_tail_to_free_list
 .text.user_irq_claim_unused
                0x100009a8       0x28 CMakeFiles/UsbTest.dir/C_/Users/matts/Desktop/pico/Bird-Removal-System/pico-sdk/src/rp2_common/hardware_irq/irq.c.obj
                0x100009a8                user_irq_claim_unused
 .text.lock_init
                0x100009d0       0x10 CMakeFiles/UsbTest.dir/C_/Users/matts/Desktop/pico/Bird-Removal-System/pico-sdk/src/common/pico_sync/lock_core.c.obj
                0x100009d0                lock_init
 .text.mutex_init
                0x100009e0       0x1a CMakeFiles/UsbTest.dir/C_/Users/matts/Desktop/pico/Bird-Removal-System/pico-sdk/src/common/pico_sync/mutex.c.obj
                0x100009e0                mutex_init
 .text.recursive_mutex_init
                0x100009fa       0x1e CMakeFiles/UsbTest.dir/C_/Users/matts/Desktop/pico/Bird-Removal-System/pico-sdk/src/common/pico_sync/mutex.c.obj
                0x100009fa                recursive_mutex_init
 .text.runtime_init_mutex
                0x10000a18       0x4c CMakeFiles/UsbTest.dir/C_/Users/matts/Desktop/pico/Bird-Removal-System/pico-sdk/src/common/pico_sync/mutex.c.obj
                0x10000a18                runtime_init_mutex
 .text.critical_section_init_with_lock_num
                0x10000a64       0x14 CMakeFiles/UsbTest.dir/C_/Users/matts/Desktop/pico/Bird-Removal-System/pico-sdk/src/common/pico_sync/critical_section.c.obj
                0x10000a64                critical_section_init_with_lock_num
 .text.critical_section_init
                0x10000a78       0x14 CMakeFiles/UsbTest.dir/C_/Users/matts/Desktop/pico/Bird-Removal-System/pico-sdk/src/common/pico_sync/critical_section.c.obj
                0x10000a78                critical_section_init
 .text.make_alarm_id
                0x10000a8c        0x6 CMakeFiles/UsbTest.dir/C_/Users/matts/Desktop/pico/Bird-Removal-System/pico-sdk/src/common/pico_time/time.c.obj
 *fill*         0x10000a92        0x2 
 .text.sleep_until_callback
                0x10000a94       0x30 CMakeFiles/UsbTest.dir/C_/Users/matts/Desktop/pico/Bird-Removal-System/pico-sdk/src/common/pico_time/time.c.obj
 .text.alarm_pool_irq_handler
                0x10000ac4      0x304 CMakeFiles/UsbTest.dir/C_/Users/matts/Desktop/pico/Bird-Removal-System/pico-sdk/src/common/pico_time/time.c.obj
 .text.alarm_pool_post_alloc_init
                0x10000dc8       0x94 CMakeFiles/UsbTest.dir/C_/Users/matts/Desktop/pico/Bird-Removal-System/pico-sdk/src/common/pico_time/time.c.obj
 .text.alarm_pool_get_default
                0x10000e5c       0x2c CMakeFiles/UsbTest.dir/C_/Users/matts/Desktop/pico/Bird-Removal-System/pico-sdk/src/common/pico_time/time.c.obj
                0x10000e5c                alarm_pool_get_default
 .text.alarm_pool_add_alarm_at_force_in_context
                0x10000e88       0xb0 CMakeFiles/UsbTest.dir/C_/Users/matts/Desktop/pico/Bird-Removal-System/pico-sdk/src/common/pico_time/time.c.obj
                0x10000e88                alarm_pool_add_alarm_at_force_in_context
 .text.alarm_pool_add_alarm_at
                0x10000f38       0x3c CMakeFiles/UsbTest.dir/C_/Users/matts/Desktop/pico/Bird-Removal-System/pico-sdk/src/common/pico_time/time.c.obj
                0x10000f38                alarm_pool_add_alarm_at
 .text.alarm_pool_cancel_alarm
                0x10000f74       0x78 CMakeFiles/UsbTest.dir/C_/Users/matts/Desktop/pico/Bird-Removal-System/pico-sdk/src/common/pico_time/time.c.obj
                0x10000f74                alarm_pool_cancel_alarm
 .text.alarm_pool_core_num
                0x10000fec        0x4 CMakeFiles/UsbTest.dir/C_/Users/matts/Desktop/pico/Bird-Removal-System/pico-sdk/src/common/pico_time/time.c.obj
                0x10000fec                alarm_pool_core_num
 .text.best_effort_wfe_or_timeout
                0x10000ff0      0x13c CMakeFiles/UsbTest.dir/C_/Users/matts/Desktop/pico/Bird-Removal-System/pico-sdk/src/common/pico_time/time.c.obj
                0x10000ff0                best_effort_wfe_or_timeout
 .text.alarm_pool_get_default_timer
                0x1000112c        0x8 CMakeFiles/UsbTest.dir/C_/Users/matts/Desktop/pico/Bird-Removal-System/pico-sdk/src/common/pico_time/time.c.obj
                0x1000112c                alarm_pool_get_default_timer
 .text.runtime_init_default_alarm_pool
                0x10001134       0x38 CMakeFiles/UsbTest.dir/C_/Users/matts/Desktop/pico/Bird-Removal-System/pico-sdk/src/common/pico_time/time.c.obj
                0x10001134                runtime_init_default_alarm_pool
 .text.timer_hardware_alarm_claim
                0x1000116c       0x14 CMakeFiles/UsbTest.dir/C_/Users/matts/Desktop/pico/Bird-Removal-System/pico-sdk/src/rp2_common/hardware_timer/timer.c.obj
                0x1000116c                timer_hardware_alarm_claim
 .text.timer_time_us_64
                0x10001180       0x10 CMakeFiles/UsbTest.dir/C_/Users/matts/Desktop/pico/Bird-Removal-System/pico-sdk/src/rp2_common/hardware_timer/timer.c.obj
                0x10001180                timer_time_us_64
 .text.timer_busy_wait_until
                0x10001190       0x1a CMakeFiles/UsbTest.dir/C_/Users/matts/Desktop/pico/Bird-Removal-System/pico-sdk/src/rp2_common/hardware_timer/timer.c.obj
                0x10001190                timer_busy_wait_until
 .text.timer_busy_wait_us
                0x100011aa       0x38 CMakeFiles/UsbTest.dir/C_/Users/matts/Desktop/pico/Bird-Removal-System/pico-sdk/src/rp2_common/hardware_timer/timer.c.obj
                0x100011aa                timer_busy_wait_us
 *fill*         0x100011e2        0x2 
 .text.time_us_64
                0x100011e4       0x10 CMakeFiles/UsbTest.dir/C_/Users/matts/Desktop/pico/Bird-Removal-System/pico-sdk/src/rp2_common/hardware_timer/timer.c.obj
                0x100011e4                time_us_64
 .text.busy_wait_us
                0x100011f4       0x14 CMakeFiles/UsbTest.dir/C_/Users/matts/Desktop/pico/Bird-Removal-System/pico-sdk/src/rp2_common/hardware_timer/timer.c.obj
                0x100011f4                busy_wait_us
 .text.clock_configure_internal
                0x10001208       0xc4 CMakeFiles/UsbTest.dir/C_/Users/matts/Desktop/pico/Bird-Removal-System/pico-sdk/src/rp2_common/hardware_clocks/clocks.c.obj
 .text.clock_configure_int_divider
                0x100012cc       0x28 CMakeFiles/UsbTest.dir/C_/Users/matts/Desktop/pico/Bird-Removal-System/pico-sdk/src/rp2_common/hardware_clocks/clocks.c.obj
                0x100012cc                clock_configure_int_divider
 .text.clock_configure_undivided
                0x100012f4       0x12 CMakeFiles/UsbTest.dir/C_/Users/matts/Desktop/pico/Bird-Removal-System/pico-sdk/src/rp2_common/hardware_clocks/clocks.c.obj
                0x100012f4                clock_configure_undivided
 *fill*         0x10001306        0x2 
 .text.clock_get_hz
                0x10001308        0xc CMakeFiles/UsbTest.dir/C_/Users/matts/Desktop/pico/Bird-Removal-System/pico-sdk/src/rp2_common/hardware_clocks/clocks.c.obj
                0x10001308                clock_get_hz
 .text.pll_init
                0x10001314      0x120 CMakeFiles/UsbTest.dir/C_/Users/matts/Desktop/pico/Bird-Removal-System/pico-sdk/src/rp2_common/hardware_pll/pll.c.obj
                0x10001314                pll_init
 .text.watchdog_update
                0x10001434       0x14 CMakeFiles/UsbTest.dir/C_/Users/matts/Desktop/pico/Bird-Removal-System/pico-sdk/src/rp2_common/hardware_watchdog/watchdog.c.obj
                0x10001434                watchdog_update
 .text._watchdog_enable
                0x10001448       0x78 CMakeFiles/UsbTest.dir/C_/Users/matts/Desktop/pico/Bird-Removal-System/pico-sdk/src/rp2_common/hardware_watchdog/watchdog.c.obj
                0x10001448                _watchdog_enable
 .text.watchdog_reboot
                0x100014c0       0x48 CMakeFiles/UsbTest.dir/C_/Users/matts/Desktop/pico/Bird-Removal-System/pico-sdk/src/rp2_common/hardware_watchdog/watchdog.c.obj
                0x100014c0                watchdog_reboot
 .text.tick_start
                0x10001508       0x10 CMakeFiles/UsbTest.dir/C_/Users/matts/Desktop/pico/Bird-Removal-System/pico-sdk/src/rp2_common/hardware_ticks/ticks.c.obj
                0x10001508                tick_start
 .text.rom_func_lookup
                0x10001518       0x10 CMakeFiles/UsbTest.dir/C_/Users/matts/Desktop/pico/Bird-Removal-System/pico-sdk/src/rp2_common/pico_bootrom/bootrom.c.obj
                0x10001518                rom_func_lookup
 .text.rom_data_lookup
                0x10001528       0x10 CMakeFiles/UsbTest.dir/C_/Users/matts/Desktop/pico/Bird-Removal-System/pico-sdk/src/rp2_common/pico_bootrom/bootrom.c.obj
                0x10001528                rom_data_lookup
 .text.rom_funcs_lookup
                0x10001538       0x36 CMakeFiles/UsbTest.dir/C_/Users/matts/Desktop/pico/Bird-Removal-System/pico-sdk/src/rp2_common/pico_bootrom/bootrom.c.obj
                0x10001538                rom_funcs_lookup
 *fill*         0x1000156e        0x2 
 .text.rom_reset_usb_boot_extra
                0x10001570       0x24 CMakeFiles/UsbTest.dir/C_/Users/matts/Desktop/pico/Bird-Removal-System/pico-sdk/src/rp2_common/pico_bootrom/bootrom.c.obj
                0x10001570                rom_reset_usb_boot_extra
 .text.xosc_init
                0x10001594       0x2c CMakeFiles/UsbTest.dir/C_/Users/matts/Desktop/pico/Bird-Removal-System/pico-sdk/src/rp2_common/hardware_xosc/xosc.c.obj
                0x10001594                xosc_init
 .text.runtime_run_initializers_from
                0x100015c0       0x18 CMakeFiles/UsbTest.dir/C_/Users/matts/Desktop/pico/Bird-Removal-System/pico-sdk/src/rp2_common/pico_runtime/runtime.c.obj
 .text.first_per_core_initializer
                0x100015d8        0x2 CMakeFiles/UsbTest.dir/C_/Users/matts/Desktop/pico/Bird-Removal-System/pico-sdk/src/rp2_common/pico_runtime/runtime.c.obj
 *fill*         0x100015da        0x2 
 .text.runtime_run_initializers
                0x100015dc       0x10 CMakeFiles/UsbTest.dir/C_/Users/matts/Desktop/pico/Bird-Removal-System/pico-sdk/src/rp2_common/pico_runtime/runtime.c.obj
                0x100015dc                runtime_run_initializers
 .text.runtime_init_early_resets
                0x100015ec       0x2c CMakeFiles/UsbTest.dir/C_/Users/matts/Desktop/pico/Bird-Removal-System/pico-sdk/src/rp2_common/pico_runtime_init/runtime_init.c.obj
                0x100015ec                runtime_init_early_resets
 .text.runtime_init_usb_power_down
                0x10001618       0x1c CMakeFiles/UsbTest.dir/C_/Users/matts/Desktop/pico/Bird-Removal-System/pico-sdk/src/rp2_common/pico_runtime_init/runtime_init.c.obj
                0x10001618                runtime_init_usb_power_down
 .text.runtime_init_post_clock_resets
                0x10001634       0x20 CMakeFiles/UsbTest.dir/C_/Users/matts/Desktop/pico/Bird-Removal-System/pico-sdk/src/rp2_common/pico_runtime_init/runtime_init.c.obj
                0x10001634                runtime_init_post_clock_resets
 .text.runtime_init_rp2040_gpio_ie_disable
                0x10001654       0x14 CMakeFiles/UsbTest.dir/C_/Users/matts/Desktop/pico/Bird-Removal-System/pico-sdk/src/rp2_common/pico_runtime_init/runtime_init.c.obj
                0x10001654                runtime_init_rp2040_gpio_ie_disable
 .text.runtime_init_spin_locks_reset
                0x10001668        0x8 CMakeFiles/UsbTest.dir/C_/Users/matts/Desktop/pico/Bird-Removal-System/pico-sdk/src/rp2_common/pico_runtime_init/runtime_init.c.obj
                0x10001668                runtime_init_spin_locks_reset
 .text.runtime_init_install_ram_vector_table
                0x10001670       0x48 CMakeFiles/UsbTest.dir/C_/Users/matts/Desktop/pico/Bird-Removal-System/pico-sdk/src/rp2_common/pico_runtime_init/runtime_init.c.obj
                0x10001670                runtime_init_install_ram_vector_table
 .text.start_all_ticks
                0x100016b8       0x28 CMakeFiles/UsbTest.dir/C_/Users/matts/Desktop/pico/Bird-Removal-System/pico-sdk/src/rp2_common/pico_runtime_init/runtime_init_clocks.c.obj
 .text.runtime_init_clocks
                0x100016e0       0xcc CMakeFiles/UsbTest.dir/C_/Users/matts/Desktop/pico/Bird-Removal-System/pico-sdk/src/rp2_common/pico_runtime_init/runtime_init_clocks.c.obj
                0x100016e0                runtime_init_clocks
 .text          0x100017ac       0x10 CMakeFiles/UsbTest.dir/C_/Users/matts/Desktop/pico/Bird-Removal-System/pico-sdk/src/rp2_common/pico_bit_ops/bit_ops_aeabi.S.obj
 .text.__wrap___aeabi_idiv
                0x100017bc       0x50 CMakeFiles/UsbTest.dir/C_/Users/matts/Desktop/pico/Bird-Removal-System/pico-sdk/src/rp2_common/pico_divider/divider_hardware.S.obj
                0x100017bc                __wrap___aeabi_idivmod
                0x100017bc                divmod_s32s32
                0x100017bc                div_s32s32
                0x100017bc                __wrap___aeabi_idiv
                0x100017c4                divmod_s32s32_unsafe
                0x100017f0                divmod_s32s32_savestate
 .text.__wrap___aeabi_uidiv
                0x1000180c       0x4c CMakeFiles/UsbTest.dir/C_/Users/matts/Desktop/pico/Bird-Removal-System/pico-sdk/src/rp2_common/pico_divider/divider_hardware.S.obj
                0x1000180c                __wrap___aeabi_uidiv
                0x1000180c                __wrap___aeabi_uidivmod
                0x1000180c                div_u32u32
                0x1000180c                divmod_u32u32
                0x10001814                divmod_u32u32_unsafe
                0x1000183c                divmod_u32u32_savestate
 .text.__wrap___aeabi_ldiv
                0x10001858      0x424 CMakeFiles/UsbTest.dir/C_/Users/matts/Desktop/pico/Bird-Removal-System/pico-sdk/src/rp2_common/pico_divider/divider_hardware.S.obj
                0x10001858                div_s64s64
                0x10001858                divmod_s64s64
                0x10001858                __wrap___aeabi_ldivmod
                0x10001888                divmod_u64u64
                0x10001888                div_u64u64
                0x10001888                __wrap___aeabi_uldivmod
                0x10001898                divmod_u64u64_savestate
                0x100018b8                divmod_s64s64_unsafe
                0x10001940                divmod_u64u64_unsafe
 .text.__wrap___aeabi_darithmetic
                0x10001c7c       0x80 CMakeFiles/UsbTest.dir/C_/Users/matts/Desktop/pico/Bird-Removal-System/pico-sdk/src/rp2_common/pico_double/double_aeabi_rp2040.S.obj
                0x10001c7c                __wrap___aeabi_drsub
                0x10001c82                __wrap___aeabi_dsub
                0x10001c94                __wrap___aeabi_dadd
                0x10001ca6                __wrap___aeabi_ddiv
                0x10001ce2                __wrap___aeabi_dmul
 .text.__wrap___aeabi_cdcmple
                0x10001cfc       0x6c CMakeFiles/UsbTest.dir/C_/Users/matts/Desktop/pico/Bird-Removal-System/pico-sdk/src/rp2_common/pico_double/double_aeabi_rp2040.S.obj
                0x10001cfc                __wrap___aeabi_cdrcmple
                0x10001d0c                __wrap___aeabi_cdcmpeq
                0x10001d0c                __wrap___aeabi_cdcmple
 .text.__wrap___aeabi_dcmplt
                0x10001d68        0xc CMakeFiles/UsbTest.dir/C_/Users/matts/Desktop/pico/Bird-Removal-System/pico-sdk/src/rp2_common/pico_double/double_aeabi_rp2040.S.obj
                0x10001d68                __wrap___aeabi_dcmplt
 .text.__wrap___aeabi_dcmple
                0x10001d74       0x10 CMakeFiles/UsbTest.dir/C_/Users/matts/Desktop/pico/Bird-Removal-System/pico-sdk/src/rp2_common/pico_double/double_aeabi_rp2040.S.obj
                0x10001d74                __wrap___aeabi_dcmple
 .text.__wrap___aeabi_dcmpge
                0x10001d84       0x10 CMakeFiles/UsbTest.dir/C_/Users/matts/Desktop/pico/Bird-Removal-System/pico-sdk/src/rp2_common/pico_double/double_aeabi_rp2040.S.obj
                0x10001d84                __wrap___aeabi_dcmpge
 .text.__wrap___aeabi_dcmpgt
                0x10001d94        0xa CMakeFiles/UsbTest.dir/C_/Users/matts/Desktop/pico/Bird-Removal-System/pico-sdk/src/rp2_common/pico_double/double_aeabi_rp2040.S.obj
                0x10001d94                __wrap___aeabi_dcmpgt
 .text.__wrap___aeabi_dcmpun
                0x10001d9e       0x18 CMakeFiles/UsbTest.dir/C_/Users/matts/Desktop/pico/Bird-Removal-System/pico-sdk/src/rp2_common/pico_double/double_aeabi_rp2040.S.obj
                0x10001d9e                __wrap___aeabi_dcmpun
 *fill*         0x10001db6        0x2 
 .text.__wrap___aeabi_i2d
                0x10001db8       0x38 CMakeFiles/UsbTest.dir/C_/Users/matts/Desktop/pico/Bird-Removal-System/pico-sdk/src/rp2_common/pico_double/double_aeabi_rp2040.S.obj
                0x10001db8                uint2double
                0x10001db8                __wrap___aeabi_ui2d
                0x10001dc0                int2double
                0x10001dc0                __wrap___aeabi_i2d
 .text.__wrap___aeabi_d2iz
                0x10001df0       0x48 CMakeFiles/UsbTest.dir/C_/Users/matts/Desktop/pico/Bird-Removal-System/pico-sdk/src/rp2_common/pico_double/double_aeabi_rp2040.S.obj
                0x10001df0                double2int_z
                0x10001df0                __wrap___aeabi_d2iz
 .text.__wrap___aeabi_d2uiz
                0x10001e38       0x18 CMakeFiles/UsbTest.dir/C_/Users/matts/Desktop/pico/Bird-Removal-System/pico-sdk/src/rp2_common/pico_double/double_aeabi_rp2040.S.obj
                0x10001e38                double2uint
                0x10001e38                __wrap___aeabi_d2uiz
                0x10001e38                double2uint_z
 .text.__aeabi_double_init
                0x10001e50       0xc8 CMakeFiles/UsbTest.dir/C_/Users/matts/Desktop/pico/Bird-Removal-System/pico-sdk/src/rp2_common/pico_double/double_init_rom_rp2040.c.obj
                0x10001e50                __aeabi_double_init
 .text.double_table_shim_on_use_helper
                0x10001f18       0x34 CMakeFiles/UsbTest.dir/C_/Users/matts/Desktop/pico/Bird-Removal-System/pico-sdk/src/rp2_common/pico_double/double_v1_rom_shim_rp2040.S.obj
                0x10001f18                double_table_shim_on_use_helper
 .text.__wrap___aeabi_dsub
                0x10001f4c       0x10 CMakeFiles/UsbTest.dir/C_/Users/matts/Desktop/pico/Bird-Removal-System/pico-sdk/src/rp2_common/pico_double/double_v1_rom_shim_rp2040.S.obj
                0x10001f4c                drsub_shim
                0x10001f52                dsub_shim
 .text.dadd_shim
                0x10001f5c      0x15c CMakeFiles/UsbTest.dir/C_/Users/matts/Desktop/pico/Bird-Removal-System/pico-sdk/src/rp2_common/pico_double/double_v1_rom_shim_rp2040.S.obj
                0x10001f5c                dadd_shim
 .text.dmul_shim
                0x100020b8      0x15c CMakeFiles/UsbTest.dir/C_/Users/matts/Desktop/pico/Bird-Removal-System/pico-sdk/src/rp2_common/pico_double/double_v1_rom_shim_rp2040.S.obj
                0x100020b8                dmul_shim
 .text.ddiv_shim
                0x10002214      0x1b0 CMakeFiles/UsbTest.dir/C_/Users/matts/Desktop/pico/Bird-Removal-System/pico-sdk/src/rp2_common/pico_double/double_v1_rom_shim_rp2040.S.obj
                0x10002214                ddiv_shim
 .text.double2uint_shim
                0x100023c4        0xe CMakeFiles/UsbTest.dir/C_/Users/matts/Desktop/pico/Bird-Removal-System/pico-sdk/src/rp2_common/pico_double/double_v1_rom_shim_rp2040.S.obj
                0x100023c4                double2uint_shim
                0x100023c6                double2ufix_shim
 *fill*         0x100023d2        0x2 
 .text.double2uint64_shim
                0x100023d4       0x70 CMakeFiles/UsbTest.dir/C_/Users/matts/Desktop/pico/Bird-Removal-System/pico-sdk/src/rp2_common/pico_double/double_v1_rom_shim_rp2040.S.obj
                0x100023d4                double2uint64_shim
                0x100023d6                double2ufix64_shim
                0x100023f6                d2fix_a
 .text.dunpacks
                0x10002444       0x3c CMakeFiles/UsbTest.dir/C_/Users/matts/Desktop/pico/Bird-Removal-System/pico-sdk/src/rp2_common/pico_double/double_v1_rom_shim_rp2040.S.obj
                0x10002444                dunpacks
 .text.__aeabi_lmul
                0x10002480       0x32 CMakeFiles/UsbTest.dir/C_/Users/matts/Desktop/pico/Bird-Removal-System/pico-sdk/src/rp2_common/pico_int64_ops/pico_int64_ops_aeabi.S.obj
                0x10002480                __wrap___aeabi_lmul
 *fill*         0x100024b2        0x2 
 .text.__aeabi_float_init
                0x100024b4       0xfc CMakeFiles/UsbTest.dir/C_/Users/matts/Desktop/pico/Bird-Removal-System/pico-sdk/src/rp2_common/pico_float/float_init_rom_rp2040.c.obj
                0x100024b4                __aeabi_float_init
 .text.float_table_shim_on_use_helper
                0x100025b0       0x34 CMakeFiles/UsbTest.dir/C_/Users/matts/Desktop/pico/Bird-Removal-System/pico-sdk/src/rp2_common/pico_float/float_v1_rom_shim_rp2040.S.obj
                0x100025b0                float_table_shim_on_use_helper
 .text          0x100025e4       0x10 CMakeFiles/UsbTest.dir/C_/Users/matts/Desktop/pico/Bird-Removal-System/pico-sdk/src/rp2_common/pico_mem_ops/mem_ops_aeabi.S.obj
                0x100025e4                __aeabi_mem_init
 .text.memset   0x100025f4        0xc CMakeFiles/UsbTest.dir/C_/Users/matts/Desktop/pico/Bird-Removal-System/pico-sdk/src/rp2_common/pico_mem_ops/mem_ops_aeabi.S.obj
                0x100025f4                __wrap_memset
 .text.memcpy   0x10002600        0xc CMakeFiles/UsbTest.dir/C_/Users/matts/Desktop/pico/Bird-Removal-System/pico-sdk/src/rp2_common/pico_mem_ops/mem_ops_aeabi.S.obj
                0x10002600                __wrap_memcpy
                0x10002600                __wrap___aeabi_memcpy
 .text._out_null
                0x1000260c        0x2 CMakeFiles/UsbTest.dir/C_/Users/matts/Desktop/pico/Bird-Removal-System/pico-sdk/src/rp2_common/pico_printf/printf.c.obj
 .text._out_fct
                0x1000260e        0xe CMakeFiles/UsbTest.dir/C_/Users/matts/Desktop/pico/Bird-Removal-System/pico-sdk/src/rp2_common/pico_printf/printf.c.obj
 .text._atoi    0x1000261c       0x24 CMakeFiles/UsbTest.dir/C_/Users/matts/Desktop/pico/Bird-Removal-System/pico-sdk/src/rp2_common/pico_printf/printf.c.obj
 .text._out_rev
                0x10002640       0xae CMakeFiles/UsbTest.dir/C_/Users/matts/Desktop/pico/Bird-Removal-System/pico-sdk/src/rp2_common/pico_printf/printf.c.obj
 .text._ntoa_format
                0x100026ee      0x112 CMakeFiles/UsbTest.dir/C_/Users/matts/Desktop/pico/Bird-Removal-System/pico-sdk/src/rp2_common/pico_printf/printf.c.obj
 .text._ntoa_long
                0x10002800       0xbc CMakeFiles/UsbTest.dir/C_/Users/matts/Desktop/pico/Bird-Removal-System/pico-sdk/src/rp2_common/pico_printf/printf.c.obj
 .text._ntoa_long_long
                0x100028bc       0xe2 CMakeFiles/UsbTest.dir/C_/Users/matts/Desktop/pico/Bird-Removal-System/pico-sdk/src/rp2_common/pico_printf/printf.c.obj
 *fill*         0x1000299e        0x2 
 .text._etoa    0x100029a0      0x414 CMakeFiles/UsbTest.dir/C_/Users/matts/Desktop/pico/Bird-Removal-System/pico-sdk/src/rp2_common/pico_printf/printf.c.obj
 .text._ftoa    0x10002db4      0x354 CMakeFiles/UsbTest.dir/C_/Users/matts/Desktop/pico/Bird-Removal-System/pico-sdk/src/rp2_common/pico_printf/printf.c.obj
 .text._vsnprintf
                0x10003108      0x624 CMakeFiles/UsbTest.dir/C_/Users/matts/Desktop/pico/Bird-Removal-System/pico-sdk/src/rp2_common/pico_printf/printf.c.obj
 .text.vfctprintf
                0x1000372c       0x20 CMakeFiles/UsbTest.dir/C_/Users/matts/Desktop/pico/Bird-Removal-System/pico-sdk/src/rp2_common/pico_printf/printf.c.obj
                0x1000372c                vfctprintf
 .text._exit    0x1000374c        0x4 CMakeFiles/UsbTest.dir/C_/Users/matts/Desktop/pico/Bird-Removal-System/pico-sdk/src/rp2_common/pico_clib_interface/newlib_interface.c.obj
                0x1000374c                _exit
 .text.exit     0x10003750        0x6 CMakeFiles/UsbTest.dir/C_/Users/matts/Desktop/pico/Bird-Removal-System/pico-sdk/src/rp2_common/pico_clib_interface/newlib_interface.c.obj
                0x10003750                exit
 *fill*         0x10003756        0x2 
 .text.__assert_func
                0x10003758       0x3c CMakeFiles/UsbTest.dir/C_/Users/matts/Desktop/pico/Bird-Removal-System/pico-sdk/src/rp2_common/pico_clib_interface/newlib_interface.c.obj
                0x10003758                __assert_func
 .text.runtime_init
                0x10003794       0x28 CMakeFiles/UsbTest.dir/C_/Users/matts/Desktop/pico/Bird-Removal-System/pico-sdk/src/rp2_common/pico_clib_interface/newlib_interface.c.obj
                0x10003794                runtime_init
 .text.stdio_out_chars_no_crlf
                0x100037bc        0xe CMakeFiles/UsbTest.dir/C_/Users/matts/Desktop/pico/Bird-Removal-System/pico-sdk/src/rp2_common/pico_stdio/stdio.c.obj
 *fill*         0x100037ca        0x2 
 .text.stdio_out_chars_crlf
                0x100037cc       0x80 CMakeFiles/UsbTest.dir/C_/Users/matts/Desktop/pico/Bird-Removal-System/pico-sdk/src/rp2_common/pico_stdio/stdio.c.obj
 .text.stdio_stack_buffer_flush
                0x1000384c       0x44 CMakeFiles/UsbTest.dir/C_/Users/matts/Desktop/pico/Bird-Removal-System/pico-sdk/src/rp2_common/pico_stdio/stdio.c.obj
 .text.stdio_buffered_printer
                0x10003890       0x20 CMakeFiles/UsbTest.dir/C_/Users/matts/Desktop/pico/Bird-Removal-System/pico-sdk/src/rp2_common/pico_stdio/stdio.c.obj
 .text.stdout_serialize_begin
                0x100038b0       0x30 CMakeFiles/UsbTest.dir/C_/Users/matts/Desktop/pico/Bird-Removal-System/pico-sdk/src/rp2_common/pico_stdio/stdio.c.obj
                0x100038b0                stdout_serialize_begin
 .text.stdout_serialize_end
                0x100038e0       0x10 CMakeFiles/UsbTest.dir/C_/Users/matts/Desktop/pico/Bird-Removal-System/pico-sdk/src/rp2_common/pico_stdio/stdio.c.obj
                0x100038e0                stdout_serialize_end
 .text.stdio_put_string
                0x100038f0       0x94 CMakeFiles/UsbTest.dir/C_/Users/matts/Desktop/pico/Bird-Removal-System/pico-sdk/src/rp2_common/pico_stdio/stdio.c.obj
                0x100038f0                stdio_put_string
 .text.stdio_get_until
                0x10003984       0x88 CMakeFiles/UsbTest.dir/C_/Users/matts/Desktop/pico/Bird-Removal-System/pico-sdk/src/rp2_common/pico_stdio/stdio.c.obj
                0x10003984                stdio_get_until
 .text.stdio_set_driver_enabled
                0x10003a0c       0x2c CMakeFiles/UsbTest.dir/C_/Users/matts/Desktop/pico/Bird-Removal-System/pico-sdk/src/rp2_common/pico_stdio/stdio.c.obj
                0x10003a0c                stdio_set_driver_enabled
 .text.stdio_flush
                0x10003a38       0x20 CMakeFiles/UsbTest.dir/C_/Users/matts/Desktop/pico/Bird-Removal-System/pico-sdk/src/rp2_common/pico_stdio/stdio.c.obj
                0x10003a38                stdio_flush
 .text.stdio_init_all
                0x10003a58        0x8 CMakeFiles/UsbTest.dir/C_/Users/matts/Desktop/pico/Bird-Removal-System/pico-sdk/src/rp2_common/pico_stdio/stdio.c.obj
                0x10003a58                stdio_init_all
 .text.__wrap_getchar
                0x10003a60       0x40 CMakeFiles/UsbTest.dir/C_/Users/matts/Desktop/pico/Bird-Removal-System/pico-sdk/src/rp2_common/pico_stdio/stdio.c.obj
                0x10003a60                stdio_getchar
                0x10003a60                __wrap_getchar
 .text.__wrap_puts
                0x10003aa0       0x1e CMakeFiles/UsbTest.dir/C_/Users/matts/Desktop/pico/Bird-Removal-System/pico-sdk/src/rp2_common/pico_stdio/stdio.c.obj
                0x10003aa0                stdio_puts
                0x10003aa0                __wrap_puts
 *fill*         0x10003abe        0x2 
 .text.__wrap_vprintf
                0x10003ac0       0x40 CMakeFiles/UsbTest.dir/C_/Users/matts/Desktop/pico/Bird-Removal-System/pico-sdk/src/rp2_common/pico_stdio/stdio.c.obj
                0x10003ac0                stdio_vprintf
                0x10003ac0                __wrap_vprintf
 .text.__wrap_printf
                0x10003b00       0x18 CMakeFiles/UsbTest.dir/C_/Users/matts/Desktop/pico/Bird-Removal-System/pico-sdk/src/rp2_common/pico_stdio/stdio.c.obj
                0x10003b00                __wrap_printf
                0x10003b00                stdio_printf
 .text.resetd_init
                0x10003b18        0x2 CMakeFiles/UsbTest.dir/C_/Users/matts/Desktop/pico/Bird-Removal-System/pico-sdk/src/rp2_common/pico_stdio_usb/reset_interface.c.obj
 *fill*         0x10003b1a        0x2 
 .text.resetd_reset
                0x10003b1c        0xc CMakeFiles/UsbTest.dir/C_/Users/matts/Desktop/pico/Bird-Removal-System/pico-sdk/src/rp2_common/pico_stdio_usb/reset_interface.c.obj
 .text.resetd_open
                0x10003b28       0x34 CMakeFiles/UsbTest.dir/C_/Users/matts/Desktop/pico/Bird-Removal-System/pico-sdk/src/rp2_common/pico_stdio_usb/reset_interface.c.obj
 .text.resetd_xfer_cb
                0x10003b5c        0x4 CMakeFiles/UsbTest.dir/C_/Users/matts/Desktop/pico/Bird-Removal-System/pico-sdk/src/rp2_common/pico_stdio_usb/reset_interface.c.obj
 .text.resetd_control_xfer_cb
                0x10003b60       0x60 CMakeFiles/UsbTest.dir/C_/Users/matts/Desktop/pico/Bird-Removal-System/pico-sdk/src/rp2_common/pico_stdio_usb/reset_interface.c.obj
 .text.tud_descriptor_bos_cb
                0x10003bc0        0x8 CMakeFiles/UsbTest.dir/C_/Users/matts/Desktop/pico/Bird-Removal-System/pico-sdk/src/rp2_common/pico_stdio_usb/reset_interface.c.obj
                0x10003bc0                tud_descriptor_bos_cb
 .text.tud_vendor_control_xfer_cb
                0x10003bc8       0x38 CMakeFiles/UsbTest.dir/C_/Users/matts/Desktop/pico/Bird-Removal-System/pico-sdk/src/rp2_common/pico_stdio_usb/reset_interface.c.obj
                0x10003bc8                tud_vendor_control_xfer_cb
 .text.usbd_app_driver_get_cb
                0x10003c00        0xc CMakeFiles/UsbTest.dir/C_/Users/matts/Desktop/pico/Bird-Removal-System/pico-sdk/src/rp2_common/pico_stdio_usb/reset_interface.c.obj
                0x10003c00                usbd_app_driver_get_cb
 .text.tud_cdc_line_coding_cb
                0x10003c0c       0x2c CMakeFiles/UsbTest.dir/C_/Users/matts/Desktop/pico/Bird-Removal-System/pico-sdk/src/rp2_common/pico_stdio_usb/reset_interface.c.obj
                0x10003c0c                tud_cdc_line_coding_cb
 .text.stdio_usb_set_chars_available_callback
                0x10003c38       0x14 CMakeFiles/UsbTest.dir/C_/Users/matts/Desktop/pico/Bird-Removal-System/pico-sdk/src/rp2_common/pico_stdio_usb/stdio_usb.c.obj
                0x10003c38                stdio_usb_set_chars_available_callback
 .text.stdio_usb_out_flush
                0x10003c4c       0x4c CMakeFiles/UsbTest.dir/C_/Users/matts/Desktop/pico/Bird-Removal-System/pico-sdk/src/rp2_common/pico_stdio_usb/stdio_usb.c.obj
 .text.usb_irq  0x10003c98       0x10 CMakeFiles/UsbTest.dir/C_/Users/matts/Desktop/pico/Bird-Removal-System/pico-sdk/src/rp2_common/pico_stdio_usb/stdio_usb.c.obj
 .text.timer_task
                0x10003ca8       0x68 CMakeFiles/UsbTest.dir/C_/Users/matts/Desktop/pico/Bird-Removal-System/pico-sdk/src/rp2_common/pico_stdio_usb/stdio_usb.c.obj
 .text.low_priority_worker_irq
                0x10003d10       0xcc CMakeFiles/UsbTest.dir/C_/Users/matts/Desktop/pico/Bird-Removal-System/pico-sdk/src/rp2_common/pico_stdio_usb/stdio_usb.c.obj
 .text.stdio_usb_init
                0x10003ddc      0x100 CMakeFiles/UsbTest.dir/C_/Users/matts/Desktop/pico/Bird-Removal-System/pico-sdk/src/rp2_common/pico_stdio_usb/stdio_usb.c.obj
                0x10003ddc                stdio_usb_init
 .text.stdio_usb_connected
                0x10003edc        0xa CMakeFiles/UsbTest.dir/C_/Users/matts/Desktop/pico/Bird-Removal-System/pico-sdk/src/rp2_common/pico_stdio_usb/stdio_usb.c.obj
                0x10003edc                stdio_usb_connected
 *fill*         0x10003ee6        0x2 
 .text.stdio_usb_in_chars
                0x10003ee8       0x98 CMakeFiles/UsbTest.dir/C_/Users/matts/Desktop/pico/Bird-Removal-System/pico-sdk/src/rp2_common/pico_stdio_usb/stdio_usb.c.obj
                0x10003ee8                stdio_usb_in_chars
 .text.stdio_usb_out_chars
                0x10003f80       0xe8 CMakeFiles/UsbTest.dir/C_/Users/matts/Desktop/pico/Bird-Removal-System/pico-sdk/src/rp2_common/pico_stdio_usb/stdio_usb.c.obj
 .text.tud_descriptor_device_cb
                0x10004068        0x8 CMakeFiles/UsbTest.dir/C_/Users/matts/Desktop/pico/Bird-Removal-System/pico-sdk/src/rp2_common/pico_stdio_usb/stdio_usb_descriptors.c.obj
                0x10004068                tud_descriptor_device_cb
 .text.tud_descriptor_configuration_cb
                0x10004070        0x8 CMakeFiles/UsbTest.dir/C_/Users/matts/Desktop/pico/Bird-Removal-System/pico-sdk/src/rp2_common/pico_stdio_usb/stdio_usb_descriptors.c.obj
                0x10004070                tud_descriptor_configuration_cb
 .text.tud_descriptor_string_cb
                0x10004078       0x6c CMakeFiles/UsbTest.dir/C_/Users/matts/Desktop/pico/Bird-Removal-System/pico-sdk/src/rp2_common/pico_stdio_usb/stdio_usb_descriptors.c.obj
                0x10004078                tud_descriptor_string_cb
 .text._retrieve_unique_id_on_boot
                0x100040e4       0x10 CMakeFiles/UsbTest.dir/C_/Users/matts/Desktop/pico/Bird-Removal-System/pico-sdk/src/rp2_common/pico_unique_id/unique_id.c.obj
 .text.pico_get_unique_board_id_string
                0x100040f4       0x60 CMakeFiles/UsbTest.dir/C_/Users/matts/Desktop/pico/Bird-Removal-System/pico-sdk/src/rp2_common/pico_unique_id/unique_id.c.obj
                0x100040f4                pico_get_unique_board_id_string
 .text.flash_get_unique_id
                0x10004154       0x46 CMakeFiles/UsbTest.dir/C_/Users/matts/Desktop/pico/Bird-Removal-System/pico-sdk/src/rp2_common/hardware_flash/flash.c.obj
                0x10004154                flash_get_unique_id
 *fill*         0x1000419a        0x2 
 .text.hw_endpoint_init
                0x1000419c       0xbc CMakeFiles/UsbTest.dir/C_/Users/matts/Desktop/pico/Bird-Removal-System/pico-sdk/lib/tinyusb/src/portable/raspberrypi/rp2040/dcd_rp2040.c.obj
 .text.hw_endpoint_alloc
                0x10004258       0x48 CMakeFiles/UsbTest.dir/C_/Users/matts/Desktop/pico/Bird-Removal-System/pico-sdk/lib/tinyusb/src/portable/raspberrypi/rp2040/dcd_rp2040.c.obj
 .text.hw_endpoint_open
                0x100042a0       0x50 CMakeFiles/UsbTest.dir/C_/Users/matts/Desktop/pico/Bird-Removal-System/pico-sdk/lib/tinyusb/src/portable/raspberrypi/rp2040/dcd_rp2040.c.obj
 .text.hw_endpoint_xfer
                0x100042f0       0x20 CMakeFiles/UsbTest.dir/C_/Users/matts/Desktop/pico/Bird-Removal-System/pico-sdk/lib/tinyusb/src/portable/raspberrypi/rp2040/dcd_rp2040.c.obj
 .text.dcd_int_enable
                0x10004310       0x2c CMakeFiles/UsbTest.dir/C_/Users/matts/Desktop/pico/Bird-Removal-System/pico-sdk/lib/tinyusb/src/portable/raspberrypi/rp2040/dcd_rp2040.c.obj
                0x10004310                dcd_int_enable
 .text.dcd_set_address
                0x1000433c       0x2c CMakeFiles/UsbTest.dir/C_/Users/matts/Desktop/pico/Bird-Removal-System/pico-sdk/lib/tinyusb/src/portable/raspberrypi/rp2040/dcd_rp2040.c.obj
                0x1000433c                dcd_set_address
 .text.dcd_connect
                0x10004368       0x10 CMakeFiles/UsbTest.dir/C_/Users/matts/Desktop/pico/Bird-Removal-System/pico-sdk/lib/tinyusb/src/portable/raspberrypi/rp2040/dcd_rp2040.c.obj
                0x10004368                dcd_connect
 .text.dcd_init
                0x10004378       0x80 CMakeFiles/UsbTest.dir/C_/Users/matts/Desktop/pico/Bird-Removal-System/pico-sdk/lib/tinyusb/src/portable/raspberrypi/rp2040/dcd_rp2040.c.obj
                0x10004378                dcd_init
 .text.dcd_sof_enable
                0x100043f8       0x1c CMakeFiles/UsbTest.dir/C_/Users/matts/Desktop/pico/Bird-Removal-System/pico-sdk/lib/tinyusb/src/portable/raspberrypi/rp2040/dcd_rp2040.c.obj
                0x100043f8                dcd_sof_enable
 .text.dcd_edpt0_status_complete
                0x10004414       0x1c CMakeFiles/UsbTest.dir/C_/Users/matts/Desktop/pico/Bird-Removal-System/pico-sdk/lib/tinyusb/src/portable/raspberrypi/rp2040/dcd_rp2040.c.obj
                0x10004414                dcd_edpt0_status_complete
 .text.dcd_edpt_open
                0x10004430       0x28 CMakeFiles/UsbTest.dir/C_/Users/matts/Desktop/pico/Bird-Removal-System/pico-sdk/lib/tinyusb/src/portable/raspberrypi/rp2040/dcd_rp2040.c.obj
                0x10004430                dcd_edpt_open
 .text.dcd_edpt_close_all
                0x10004458        0x8 CMakeFiles/UsbTest.dir/C_/Users/matts/Desktop/pico/Bird-Removal-System/pico-sdk/lib/tinyusb/src/portable/raspberrypi/rp2040/dcd_rp2040.c.obj
                0x10004458                dcd_edpt_close_all
 .text.dcd_edpt_xfer
                0x10004460       0x30 CMakeFiles/UsbTest.dir/C_/Users/matts/Desktop/pico/Bird-Removal-System/pico-sdk/lib/tinyusb/src/portable/raspberrypi/rp2040/dcd_rp2040.c.obj
                0x10004460                dcd_edpt_xfer
 .text.dcd_edpt_stall
                0x10004490       0x3c CMakeFiles/UsbTest.dir/C_/Users/matts/Desktop/pico/Bird-Removal-System/pico-sdk/lib/tinyusb/src/portable/raspberrypi/rp2040/dcd_rp2040.c.obj
                0x10004490                dcd_edpt_stall
 .text.dcd_edpt_clear_stall
                0x100044cc       0x30 CMakeFiles/UsbTest.dir/C_/Users/matts/Desktop/pico/Bird-Removal-System/pico-sdk/lib/tinyusb/src/portable/raspberrypi/rp2040/dcd_rp2040.c.obj
                0x100044cc                dcd_edpt_clear_stall
 .text.unaligned_memcpy
                0x100044fc       0x14 CMakeFiles/UsbTest.dir/C_/Users/matts/Desktop/pico/Bird-Removal-System/pico-sdk/lib/tinyusb/src/portable/raspberrypi/rp2040/rp2040_usb.c.obj
 .text.rp2040_usb_init
                0x10004510       0x44 CMakeFiles/UsbTest.dir/C_/Users/matts/Desktop/pico/Bird-Removal-System/pico-sdk/lib/tinyusb/src/portable/raspberrypi/rp2040/rp2040_usb.c.obj
                0x10004510                rp2040_usb_init
 .text.hw_endpoint_xfer_start
                0x10004554       0x60 CMakeFiles/UsbTest.dir/C_/Users/matts/Desktop/pico/Bird-Removal-System/pico-sdk/lib/tinyusb/src/portable/raspberrypi/rp2040/rp2040_usb.c.obj
                0x10004554                hw_endpoint_xfer_start
 .text.configuration_reset
                0x100045b4       0x84 CMakeFiles/UsbTest.dir/C_/Users/matts/Desktop/pico/Bird-Removal-System/pico-sdk/lib/tinyusb/src/device/usbd.c.obj
 .text.usbd_reset
                0x10004638        0xc CMakeFiles/UsbTest.dir/C_/Users/matts/Desktop/pico/Bird-Removal-System/pico-sdk/lib/tinyusb/src/device/usbd.c.obj
 .text.invoke_class_control
                0x10004644       0x1a CMakeFiles/UsbTest.dir/C_/Users/matts/Desktop/pico/Bird-Removal-System/pico-sdk/lib/tinyusb/src/device/usbd.c.obj
 *fill*         0x1000465e        0x2 
 .text.process_set_config
                0x10004660      0x19c CMakeFiles/UsbTest.dir/C_/Users/matts/Desktop/pico/Bird-Removal-System/pico-sdk/lib/tinyusb/src/device/usbd.c.obj
 .text.tud_event_hook_cb
                0x100047fc        0x2 CMakeFiles/UsbTest.dir/C_/Users/matts/Desktop/pico/Bird-Removal-System/pico-sdk/lib/tinyusb/src/device/usbd.c.obj
                0x100047fc                tud_event_hook_cb
 .text.tud_sof_cb
                0x100047fe        0x2 CMakeFiles/UsbTest.dir/C_/Users/matts/Desktop/pico/Bird-Removal-System/pico-sdk/lib/tinyusb/src/device/usbd.c.obj
                0x100047fe                tud_sof_cb
 .text.tud_descriptor_device_qualifier_cb
                0x10004800        0x4 CMakeFiles/UsbTest.dir/C_/Users/matts/Desktop/pico/Bird-Removal-System/pico-sdk/lib/tinyusb/src/device/usbd.c.obj
                0x10004800                tud_descriptor_device_qualifier_cb
 .text.tud_descriptor_other_speed_configuration_cb
                0x10004804        0x4 CMakeFiles/UsbTest.dir/C_/Users/matts/Desktop/pico/Bird-Removal-System/pico-sdk/lib/tinyusb/src/device/usbd.c.obj
                0x10004804                tud_descriptor_other_speed_configuration_cb
 .text.process_get_descriptor
                0x10004808       0xe0 CMakeFiles/UsbTest.dir/C_/Users/matts/Desktop/pico/Bird-Removal-System/pico-sdk/lib/tinyusb/src/device/usbd.c.obj
 .text.tud_mount_cb
                0x100048e8        0x2 CMakeFiles/UsbTest.dir/C_/Users/matts/Desktop/pico/Bird-Removal-System/pico-sdk/lib/tinyusb/src/device/usbd.c.obj
                0x100048e8                tud_mount_cb
 .text.tud_umount_cb
                0x100048ea        0x2 CMakeFiles/UsbTest.dir/C_/Users/matts/Desktop/pico/Bird-Removal-System/pico-sdk/lib/tinyusb/src/device/usbd.c.obj
                0x100048ea                tud_umount_cb
 .text.tud_suspend_cb
                0x100048ec        0x2 CMakeFiles/UsbTest.dir/C_/Users/matts/Desktop/pico/Bird-Removal-System/pico-sdk/lib/tinyusb/src/device/usbd.c.obj
                0x100048ec                tud_suspend_cb
 .text.tud_resume_cb
                0x100048ee        0x2 CMakeFiles/UsbTest.dir/C_/Users/matts/Desktop/pico/Bird-Removal-System/pico-sdk/lib/tinyusb/src/device/usbd.c.obj
                0x100048ee                tud_resume_cb
 .text.tud_mounted
                0x100048f0       0x10 CMakeFiles/UsbTest.dir/C_/Users/matts/Desktop/pico/Bird-Removal-System/pico-sdk/lib/tinyusb/src/device/usbd.c.obj
                0x100048f0                tud_mounted
 .text.tud_suspended
                0x10004900       0x10 CMakeFiles/UsbTest.dir/C_/Users/matts/Desktop/pico/Bird-Removal-System/pico-sdk/lib/tinyusb/src/device/usbd.c.obj
                0x10004900                tud_suspended
 .text.tud_inited
                0x10004910       0x14 CMakeFiles/UsbTest.dir/C_/Users/matts/Desktop/pico/Bird-Removal-System/pico-sdk/lib/tinyusb/src/device/usbd.c.obj
                0x10004910                tud_inited
 .text.tud_rhport_init
                0x10004924      0x100 CMakeFiles/UsbTest.dir/C_/Users/matts/Desktop/pico/Bird-Removal-System/pico-sdk/lib/tinyusb/src/device/usbd.c.obj
                0x10004924                tud_rhport_init
 .text.usbd_edpt_open
                0x10004a24       0x60 CMakeFiles/UsbTest.dir/C_/Users/matts/Desktop/pico/Bird-Removal-System/pico-sdk/lib/tinyusb/src/device/usbd.c.obj
                0x10004a24                usbd_edpt_open
 .text.usbd_open_edpt_pair
                0x10004a84       0x88 CMakeFiles/UsbTest.dir/C_/Users/matts/Desktop/pico/Bird-Removal-System/pico-sdk/lib/tinyusb/src/device/usbd.c.obj
                0x10004a84                usbd_open_edpt_pair
 .text.usbd_edpt_claim
                0x10004b0c       0x28 CMakeFiles/UsbTest.dir/C_/Users/matts/Desktop/pico/Bird-Removal-System/pico-sdk/lib/tinyusb/src/device/usbd.c.obj
                0x10004b0c                usbd_edpt_claim
 .text.usbd_edpt_release
                0x10004b34       0x28 CMakeFiles/UsbTest.dir/C_/Users/matts/Desktop/pico/Bird-Removal-System/pico-sdk/lib/tinyusb/src/device/usbd.c.obj
                0x10004b34                usbd_edpt_release
 .text.usbd_edpt_xfer
                0x10004b5c       0x88 CMakeFiles/UsbTest.dir/C_/Users/matts/Desktop/pico/Bird-Removal-System/pico-sdk/lib/tinyusb/src/device/usbd.c.obj
                0x10004b5c                usbd_edpt_xfer
 .text.usbd_edpt_stall
                0x10004be4       0x34 CMakeFiles/UsbTest.dir/C_/Users/matts/Desktop/pico/Bird-Removal-System/pico-sdk/lib/tinyusb/src/device/usbd.c.obj
                0x10004be4                usbd_edpt_stall
 .text.usbd_edpt_clear_stall
                0x10004c18       0x34 CMakeFiles/UsbTest.dir/C_/Users/matts/Desktop/pico/Bird-Removal-System/pico-sdk/lib/tinyusb/src/device/usbd.c.obj
                0x10004c18                usbd_edpt_clear_stall
 .text.usbd_edpt_stalled
                0x10004c4c       0x1c CMakeFiles/UsbTest.dir/C_/Users/matts/Desktop/pico/Bird-Removal-System/pico-sdk/lib/tinyusb/src/device/usbd.c.obj
                0x10004c4c                usbd_edpt_stalled
 .text.process_control_request
                0x10004c68      0x390 CMakeFiles/UsbTest.dir/C_/Users/matts/Desktop/pico/Bird-Removal-System/pico-sdk/lib/tinyusb/src/device/usbd.c.obj
 .text.tud_task_ext
                0x10004ff8      0x1d0 CMakeFiles/UsbTest.dir/C_/Users/matts/Desktop/pico/Bird-Removal-System/pico-sdk/lib/tinyusb/src/device/usbd.c.obj
                0x10004ff8                tud_task_ext
 .text.data_stage_xact
                0x100051c8       0x60 CMakeFiles/UsbTest.dir/C_/Users/matts/Desktop/pico/Bird-Removal-System/pico-sdk/lib/tinyusb/src/device/usbd_control.c.obj
 .text.tud_control_status
                0x10005228       0x38 CMakeFiles/UsbTest.dir/C_/Users/matts/Desktop/pico/Bird-Removal-System/pico-sdk/lib/tinyusb/src/device/usbd_control.c.obj
                0x10005228                tud_control_status
 .text.tud_control_xfer
                0x10005260       0xa8 CMakeFiles/UsbTest.dir/C_/Users/matts/Desktop/pico/Bird-Removal-System/pico-sdk/lib/tinyusb/src/device/usbd_control.c.obj
                0x10005260                tud_control_xfer
 .text.usbd_control_reset
                0x10005308       0x14 CMakeFiles/UsbTest.dir/C_/Users/matts/Desktop/pico/Bird-Removal-System/pico-sdk/lib/tinyusb/src/device/usbd_control.c.obj
                0x10005308                usbd_control_reset
 .text.usbd_control_set_complete_callback
                0x1000531c        0xc CMakeFiles/UsbTest.dir/C_/Users/matts/Desktop/pico/Bird-Removal-System/pico-sdk/lib/tinyusb/src/device/usbd_control.c.obj
                0x1000531c                usbd_control_set_complete_callback
 .text.usbd_control_set_request
                0x10005328       0x1c CMakeFiles/UsbTest.dir/C_/Users/matts/Desktop/pico/Bird-Removal-System/pico-sdk/lib/tinyusb/src/device/usbd_control.c.obj
                0x10005328                usbd_control_set_request
 .text.usbd_control_xfer_cb
                0x10005344       0xf4 CMakeFiles/UsbTest.dir/C_/Users/matts/Desktop/pico/Bird-Removal-System/pico-sdk/lib/tinyusb/src/device/usbd_control.c.obj
                0x10005344                usbd_control_xfer_cb
 .text._prep_out_transaction
                0x10005438       0xa0 CMakeFiles/UsbTest.dir/C_/Users/matts/Desktop/pico/Bird-Removal-System/pico-sdk/lib/tinyusb/src/class/cdc/cdc_device.c.obj
 .text.tud_cdc_n_connected
                0x100054d8       0x40 CMakeFiles/UsbTest.dir/C_/Users/matts/Desktop/pico/Bird-Removal-System/pico-sdk/lib/tinyusb/src/class/cdc/cdc_device.c.obj
                0x100054d8                tud_cdc_n_connected
 .text.tud_cdc_n_available
                0x10005518       0x18 CMakeFiles/UsbTest.dir/C_/Users/matts/Desktop/pico/Bird-Removal-System/pico-sdk/lib/tinyusb/src/class/cdc/cdc_device.c.obj
                0x10005518                tud_cdc_n_available
 .text.tud_cdc_n_read
                0x10005530       0x38 CMakeFiles/UsbTest.dir/C_/Users/matts/Desktop/pico/Bird-Removal-System/pico-sdk/lib/tinyusb/src/class/cdc/cdc_device.c.obj
                0x10005530                tud_cdc_n_read
 .text.tud_cdc_n_write_flush
                0x10005568       0xbc CMakeFiles/UsbTest.dir/C_/Users/matts/Desktop/pico/Bird-Removal-System/pico-sdk/lib/tinyusb/src/class/cdc/cdc_device.c.obj
                0x10005568                tud_cdc_n_write_flush
 .text.tud_cdc_n_write
                0x10005624       0x48 CMakeFiles/UsbTest.dir/C_/Users/matts/Desktop/pico/Bird-Removal-System/pico-sdk/lib/tinyusb/src/class/cdc/cdc_device.c.obj
                0x10005624                tud_cdc_n_write
 .text.tud_cdc_n_write_available
                0x1000566c       0x18 CMakeFiles/UsbTest.dir/C_/Users/matts/Desktop/pico/Bird-Removal-System/pico-sdk/lib/tinyusb/src/class/cdc/cdc_device.c.obj
                0x1000566c                tud_cdc_n_write_available
 .text.cdcd_init
                0x10005684       0xac CMakeFiles/UsbTest.dir/C_/Users/matts/Desktop/pico/Bird-Removal-System/pico-sdk/lib/tinyusb/src/class/cdc/cdc_device.c.obj
                0x10005684                cdcd_init
 .text.cdcd_deinit
                0x10005730       0x48 CMakeFiles/UsbTest.dir/C_/Users/matts/Desktop/pico/Bird-Removal-System/pico-sdk/lib/tinyusb/src/class/cdc/cdc_device.c.obj
                0x10005730                cdcd_deinit
 .text.cdcd_reset
                0x10005778       0x70 CMakeFiles/UsbTest.dir/C_/Users/matts/Desktop/pico/Bird-Removal-System/pico-sdk/lib/tinyusb/src/class/cdc/cdc_device.c.obj
                0x10005778                cdcd_reset
 .text.cdcd_open
                0x100057e8       0xec CMakeFiles/UsbTest.dir/C_/Users/matts/Desktop/pico/Bird-Removal-System/pico-sdk/lib/tinyusb/src/class/cdc/cdc_device.c.obj
                0x100057e8                cdcd_open
 .text.cdcd_control_xfer_cb
                0x100058d4      0x140 CMakeFiles/UsbTest.dir/C_/Users/matts/Desktop/pico/Bird-Removal-System/pico-sdk/lib/tinyusb/src/class/cdc/cdc_device.c.obj
                0x100058d4                cdcd_control_xfer_cb
 .text.cdcd_xfer_cb
                0x10005a14      0x148 CMakeFiles/UsbTest.dir/C_/Users/matts/Desktop/pico/Bird-Removal-System/pico-sdk/lib/tinyusb/src/class/cdc/cdc_device.c.obj
                0x10005a14                cdcd_xfer_cb
 .text.tud_vendor_n_mounted
                0x10005b5c       0x38 CMakeFiles/UsbTest.dir/C_/Users/matts/Desktop/pico/Bird-Removal-System/pico-sdk/lib/tinyusb/src/class/vendor/vendor_device.c.obj
                0x10005b5c                tud_vendor_n_mounted
 .text.tud_vendor_n_write_flush
                0x10005b94       0x24 CMakeFiles/UsbTest.dir/C_/Users/matts/Desktop/pico/Bird-Removal-System/pico-sdk/lib/tinyusb/src/class/vendor/vendor_device.c.obj
                0x10005b94                tud_vendor_n_write_flush
 .text.vendord_init
                0x10005bb8       0x9c CMakeFiles/UsbTest.dir/C_/Users/matts/Desktop/pico/Bird-Removal-System/pico-sdk/lib/tinyusb/src/class/vendor/vendor_device.c.obj
                0x10005bb8                vendord_init
 .text.vendord_deinit
                0x10005c54       0x34 CMakeFiles/UsbTest.dir/C_/Users/matts/Desktop/pico/Bird-Removal-System/pico-sdk/lib/tinyusb/src/class/vendor/vendor_device.c.obj
                0x10005c54                vendord_deinit
 .text.vendord_reset
                0x10005c88       0x50 CMakeFiles/UsbTest.dir/C_/Users/matts/Desktop/pico/Bird-Removal-System/pico-sdk/lib/tinyusb/src/class/vendor/vendor_device.c.obj
                0x10005c88                vendord_reset
 .text.vendord_open
                0x10005cd8      0x14c CMakeFiles/UsbTest.dir/C_/Users/matts/Desktop/pico/Bird-Removal-System/pico-sdk/lib/tinyusb/src/class/vendor/vendor_device.c.obj
                0x10005cd8                vendord_open
 .text.vendord_xfer_cb
                0x10005e24       0xdc CMakeFiles/UsbTest.dir/C_/Users/matts/Desktop/pico/Bird-Removal-System/pico-sdk/lib/tinyusb/src/class/vendor/vendor_device.c.obj
                0x10005e24                vendord_xfer_cb
 .text.tusb_rhport_init
                0x10005f00       0x7c CMakeFiles/UsbTest.dir/C_/Users/matts/Desktop/pico/Bird-Removal-System/pico-sdk/lib/tinyusb/src/tusb.c.obj
                0x10005f00                tusb_rhport_init
 .text.tu_edpt_claim
                0x10005f7c       0x50 CMakeFiles/UsbTest.dir/C_/Users/matts/Desktop/pico/Bird-Removal-System/pico-sdk/lib/tinyusb/src/tusb.c.obj
                0x10005f7c                tu_edpt_claim
 .text.tu_edpt_release
                0x10005fcc       0x3c CMakeFiles/UsbTest.dir/C_/Users/matts/Desktop/pico/Bird-Removal-System/pico-sdk/lib/tinyusb/src/tusb.c.obj
                0x10005fcc                tu_edpt_release
 .text.tu_edpt_validate
                0x10006008       0xac CMakeFiles/UsbTest.dir/C_/Users/matts/Desktop/pico/Bird-Removal-System/pico-sdk/lib/tinyusb/src/tusb.c.obj
                0x10006008                tu_edpt_validate
 .text.tu_edpt_bind_driver
                0x100060b4       0x26 CMakeFiles/UsbTest.dir/C_/Users/matts/Desktop/pico/Bird-Removal-System/pico-sdk/lib/tinyusb/src/tusb.c.obj
                0x100060b4                tu_edpt_bind_driver
 .text.tu_edpt_stream_init
                0x100060da       0x68 CMakeFiles/UsbTest.dir/C_/Users/matts/Desktop/pico/Bird-Removal-System/pico-sdk/lib/tinyusb/src/tusb.c.obj
                0x100060da                tu_edpt_stream_init
 .text.tu_edpt_stream_deinit
                0x10006142        0x4 CMakeFiles/UsbTest.dir/C_/Users/matts/Desktop/pico/Bird-Removal-System/pico-sdk/lib/tinyusb/src/tusb.c.obj
                0x10006142                tu_edpt_stream_deinit
 *fill*         0x10006146        0x2 
 .text.tu_edpt_stream_write_zlp_if_needed
                0x10006148       0x80 CMakeFiles/UsbTest.dir/C_/Users/matts/Desktop/pico/Bird-Removal-System/pico-sdk/lib/tinyusb/src/tusb.c.obj
                0x10006148                tu_edpt_stream_write_zlp_if_needed
 .text.tu_edpt_stream_write_xfer
                0x100061c8       0x84 CMakeFiles/UsbTest.dir/C_/Users/matts/Desktop/pico/Bird-Removal-System/pico-sdk/lib/tinyusb/src/tusb.c.obj
                0x100061c8                tu_edpt_stream_write_xfer
 .text.tu_edpt_stream_read_xfer
                0x1000624c       0xf4 CMakeFiles/UsbTest.dir/C_/Users/matts/Desktop/pico/Bird-Removal-System/pico-sdk/lib/tinyusb/src/tusb.c.obj
                0x1000624c                tu_edpt_stream_read_xfer
 .text.advance_index
                0x10006340       0x1a CMakeFiles/UsbTest.dir/C_/Users/matts/Desktop/pico/Bird-Removal-System/pico-sdk/lib/tinyusb/src/common/tusb_fifo.c.obj
 .text._tu_fifo_peek
                0x1000635a       0x56 CMakeFiles/UsbTest.dir/C_/Users/matts/Desktop/pico/Bird-Removal-System/pico-sdk/lib/tinyusb/src/common/tusb_fifo.c.obj
 .text._ff_pull_n
                0x100063b0       0x68 CMakeFiles/UsbTest.dir/C_/Users/matts/Desktop/pico/Bird-Removal-System/pico-sdk/lib/tinyusb/src/common/tusb_fifo.c.obj
 .text._tu_fifo_peek_n
                0x10006418       0x6a CMakeFiles/UsbTest.dir/C_/Users/matts/Desktop/pico/Bird-Removal-System/pico-sdk/lib/tinyusb/src/common/tusb_fifo.c.obj
 .text._tu_fifo_read_n
                0x10006482       0x4e CMakeFiles/UsbTest.dir/C_/Users/matts/Desktop/pico/Bird-Removal-System/pico-sdk/lib/tinyusb/src/common/tusb_fifo.c.obj
 .text._ff_push_n
                0x100064d0       0x68 CMakeFiles/UsbTest.dir/C_/Users/matts/Desktop/pico/Bird-Removal-System/pico-sdk/lib/tinyusb/src/common/tusb_fifo.c.obj
 .text._tu_fifo_write_n
                0x10006538       0xf0 CMakeFiles/UsbTest.dir/C_/Users/matts/Desktop/pico/Bird-Removal-System/pico-sdk/lib/tinyusb/src/common/tusb_fifo.c.obj
 .text.tu_fifo_config
                0x10006628       0x7c CMakeFiles/UsbTest.dir/C_/Users/matts/Desktop/pico/Bird-Removal-System/pico-sdk/lib/tinyusb/src/common/tusb_fifo.c.obj
                0x10006628                tu_fifo_config
 .text.tu_fifo_count
                0x100066a4       0x2a CMakeFiles/UsbTest.dir/C_/Users/matts/Desktop/pico/Bird-Removal-System/pico-sdk/lib/tinyusb/src/common/tusb_fifo.c.obj
                0x100066a4                tu_fifo_count
 .text.tu_fifo_empty
                0x100066ce       0x10 CMakeFiles/UsbTest.dir/C_/Users/matts/Desktop/pico/Bird-Removal-System/pico-sdk/lib/tinyusb/src/common/tusb_fifo.c.obj
                0x100066ce                tu_fifo_empty
 .text.tu_fifo_full
                0x100066de       0x28 CMakeFiles/UsbTest.dir/C_/Users/matts/Desktop/pico/Bird-Removal-System/pico-sdk/lib/tinyusb/src/common/tusb_fifo.c.obj
                0x100066de                tu_fifo_full
 .text.tu_fifo_remaining
                0x10006706       0x2c CMakeFiles/UsbTest.dir/C_/Users/matts/Desktop/pico/Bird-Removal-System/pico-sdk/lib/tinyusb/src/common/tusb_fifo.c.obj
                0x10006706                tu_fifo_remaining
 .text.tu_fifo_read
                0x10006732       0x42 CMakeFiles/UsbTest.dir/C_/Users/matts/Desktop/pico/Bird-Removal-System/pico-sdk/lib/tinyusb/src/common/tusb_fifo.c.obj
                0x10006732                tu_fifo_read
 .text.tu_fifo_read_n
                0x10006774        0xa CMakeFiles/UsbTest.dir/C_/Users/matts/Desktop/pico/Bird-Removal-System/pico-sdk/lib/tinyusb/src/common/tusb_fifo.c.obj
                0x10006774                tu_fifo_read_n
 .text.tu_fifo_write
                0x1000677e       0x64 CMakeFiles/UsbTest.dir/C_/Users/matts/Desktop/pico/Bird-Removal-System/pico-sdk/lib/tinyusb/src/common/tusb_fifo.c.obj
                0x1000677e                tu_fifo_write
 .text.tu_fifo_write_n
                0x100067e2        0xa CMakeFiles/UsbTest.dir/C_/Users/matts/Desktop/pico/Bird-Removal-System/pico-sdk/lib/tinyusb/src/common/tusb_fifo.c.obj
                0x100067e2                tu_fifo_write_n
 .text.tu_fifo_clear
                0x100067ec       0x3e CMakeFiles/UsbTest.dir/C_/Users/matts/Desktop/pico/Bird-Removal-System/pico-sdk/lib/tinyusb/src/common/tusb_fifo.c.obj
                0x100067ec                tu_fifo_clear
 .text.tu_fifo_set_overwritable
                0x1000682a       0x46 CMakeFiles/UsbTest.dir/C_/Users/matts/Desktop/pico/Bird-Removal-System/pico-sdk/lib/tinyusb/src/common/tusb_fifo.c.obj
                0x1000682a                tu_fifo_set_overwritable
 .text.strlen   0x10006870       0x5c c:/progra~2/gnuarm~1/102021~1.10/bin/../lib/gcc/arm-none-eabi/10.3.1/../../../../arm-none-eabi/lib/thumb/v6-m/nofp\libg.a(lib_a-strlen-stub.o)
                0x10006870                strlen
 *(.fini)
 .fini          0x100068cc        0x4 c:/progra~2/gnuarm~1/102021~1.10/bin/../lib/gcc/arm-none-eabi/10.3.1/thumb/v6-m/nofp/crti.o
                0x100068cc                _fini
 .fini.__stub   0x100068d0       0xd0 linker stubs
 *crtbegin.o(.ctors)
 *crtbegin?.o(.ctors)
 *(EXCLUDE_FILE(*crtend.o *crtend?.o) .ctors)
 *(SORT_BY_NAME(.ctors.*))
 *(.ctors)
 *crtbegin.o(.dtors)
 *crtbegin?.o(.dtors)
 *(EXCLUDE_FILE(*crtend.o *crtend?.o) .dtors)
 *(SORT_BY_NAME(.dtors.*))
 *(.dtors)
                0x100069a0                . = ALIGN (0x4)
                0x100069a0                PROVIDE (__preinit_array_start = .)
 *(SORT_BY_NAME(.preinit_array.*))
 .preinit_array.00100
                0x100069a0        0x4 CMakeFiles/UsbTest.dir/C_/Users/matts/Desktop/pico/Bird-Removal-System/pico-sdk/src/rp2_common/pico_runtime_init/runtime_init.c.obj
                0x100069a0                __pre_init_runtime_init_early_resets
 .preinit_array.00101
                0x100069a4        0x4 CMakeFiles/UsbTest.dir/C_/Users/matts/Desktop/pico/Bird-Removal-System/pico-sdk/src/rp2_common/pico_runtime_init/runtime_init.c.obj
                0x100069a4                __pre_init_runtime_init_usb_power_down
 .preinit_array.00275
                0x100069a8        0x4 CMakeFiles/UsbTest.dir/C_/Users/matts/Desktop/pico/Bird-Removal-System/pico-sdk/src/rp2_common/pico_bit_ops/bit_ops_aeabi.S.obj
 .preinit_array.00300
                0x100069ac        0x4 CMakeFiles/UsbTest.dir/C_/Users/matts/Desktop/pico/Bird-Removal-System/pico-sdk/src/rp2_common/pico_mem_ops/mem_ops_aeabi.S.obj
 .preinit_array.00350
                0x100069b0        0x4 CMakeFiles/UsbTest.dir/C_/Users/matts/Desktop/pico/Bird-Removal-System/pico-sdk/src/rp2_common/pico_double/double_aeabi_rp2040.S.obj
 .preinit_array.00350
                0x100069b4        0x4 CMakeFiles/UsbTest.dir/C_/Users/matts/Desktop/pico/Bird-Removal-System/pico-sdk/src/rp2_common/pico_float/float_aeabi_rp2040.S.obj
 .preinit_array.00500
                0x100069b8        0x4 CMakeFiles/UsbTest.dir/C_/Users/matts/Desktop/pico/Bird-Removal-System/pico-sdk/src/rp2_common/pico_runtime_init/runtime_init.c.obj
                0x100069b8                __pre_init_runtime_init_clocks
 .preinit_array.00600
                0x100069bc        0x4 CMakeFiles/UsbTest.dir/C_/Users/matts/Desktop/pico/Bird-Removal-System/pico-sdk/src/rp2_common/pico_runtime_init/runtime_init.c.obj
                0x100069bc                __pre_init_runtime_init_post_clock_resets
 .preinit_array.00700
                0x100069c0        0x4 CMakeFiles/UsbTest.dir/C_/Users/matts/Desktop/pico/Bird-Removal-System/pico-sdk/src/rp2_common/pico_runtime_init/runtime_init.c.obj
                0x100069c0                __pre_init_runtime_init_rp2040_gpio_ie_disable
 .preinit_array.01000
                0x100069c4        0x4 CMakeFiles/UsbTest.dir/C_/Users/matts/Desktop/pico/Bird-Removal-System/pico-sdk/src/rp2_common/pico_runtime_init/runtime_init.c.obj
                0x100069c4                __pre_init_runtime_init_spin_locks_reset
 .preinit_array.01100
                0x100069c8        0x4 CMakeFiles/UsbTest.dir/C_/Users/matts/Desktop/pico/Bird-Removal-System/pico-sdk/src/common/pico_sync/mutex.c.obj
                0x100069c8                __pre_init_runtime_init_mutex
 .preinit_array.10080
                0x100069cc        0x4 CMakeFiles/UsbTest.dir/C_/Users/matts/Desktop/pico/Bird-Removal-System/pico-sdk/src/rp2_common/pico_runtime_init/runtime_init.c.obj
                0x100069cc                __pre_init_runtime_init_install_ram_vector_table
 .preinit_array.11000
                0x100069d0        0x4 CMakeFiles/UsbTest.dir/C_/Users/matts/Desktop/pico/Bird-Removal-System/pico-sdk/src/common/pico_time/time.c.obj
                0x100069d0                __pre_init_runtime_init_default_alarm_pool
 .preinit_array.YYYYY
                0x100069d4        0x4 CMakeFiles/UsbTest.dir/C_/Users/matts/Desktop/pico/Bird-Removal-System/pico-sdk/src/rp2_common/pico_runtime/runtime.c.obj
                0x100069d4                __pre_init_first_per_core_initializer
 .preinit_array.ZZZZZ.01200
                0x100069d8        0x4 CMakeFiles/UsbTest.dir/C_/Users/matts/Desktop/pico/Bird-Removal-System/pico-sdk/src/rp2_common/hardware_irq/irq.c.obj
                0x100069d8                __pre_init_runtime_init_per_core_irq_priorities
 *(.preinit_array)
                0x100069dc                PROVIDE (__preinit_array_end = .)
                0x100069dc                . = ALIGN (0x4)
                0x100069dc                PROVIDE (__init_array_start = .)
 *(SORT_BY_NAME(.init_array.*))
 .init_array.01000
                0x100069dc        0x4 CMakeFiles/UsbTest.dir/C_/Users/matts/Desktop/pico/Bird-Removal-System/pico-sdk/src/rp2_common/pico_unique_id/unique_id.c.obj
 *(.init_array)
 .init_array    0x100069e0        0x4 c:/progra~2/gnuarm~1/102021~1.10/bin/../lib/gcc/arm-none-eabi/10.3.1/thumb/v6-m/nofp/crtbegin.o
                0x100069e4                PROVIDE (__init_array_end = .)
                0x100069e4                . = ALIGN (0x4)
                [!provide]                PROVIDE (__fini_array_start = .)
 *(SORT_BY_NAME(.fini_array.*))
 *(.fini_array)
                [!provide]                PROVIDE (__fini_array_end = .)
 *(.eh_frame*)
 .eh_frame      0x100069e4        0x0 c:/progra~2/gnuarm~1/102021~1.10/bin/../lib/gcc/arm-none-eabi/10.3.1/thumb/v6-m/nofp/crtbegin.o
                0x100069e4                . = ALIGN (0x4)

.glue_7         0x100069e4        0x0
 .glue_7        0x100069e4        0x0 linker stubs

.glue_7t        0x100069e4        0x0
 .glue_7t       0x100069e4        0x0 linker stubs

.vfp11_veneer   0x100069e4        0x0
 .vfp11_veneer  0x100069e4        0x0 linker stubs

.v4_bx          0x100069e4        0x0
 .v4_bx         0x100069e4        0x0 linker stubs

.iplt           0x100069e4        0x0
 .iplt          0x100069e4        0x0 c:/progra~2/gnuarm~1/102021~1.10/bin/../lib/gcc/arm-none-eabi/10.3.1/thumb/v6-m/nofp/crtbegin.o

.rodata         0x100069e8     0x160c
 *(EXCLUDE_FILE(*libm.a: *libc.a:*lib_a-mem*.o *libgcc.a:) .rodata*)
 .rodata.main.str1.4
                0x100069e8       0x57 CMakeFiles/UsbTest.dir/UsbTest.c.obj
 *fill*         0x10006a3f        0x1 
 .rodata.rp2040_chip_version.str1.4
                0x10006a40       0x95 CMakeFiles/UsbTest.dir/C_/Users/matts/Desktop/pico/Bird-Removal-System/pico-sdk/src/rp2040/pico_platform/platform.c.obj
 *fill*         0x10006ad5        0x3 
 .rodata.__func__.0
                0x10006ad8       0x14 CMakeFiles/UsbTest.dir/C_/Users/matts/Desktop/pico/Bird-Removal-System/pico-sdk/src/rp2040/pico_platform/platform.c.obj
 .rodata.panic.str1.4
                0x10006aec       0x12 CMakeFiles/UsbTest.dir/C_/Users/matts/Desktop/pico/Bird-Removal-System/pico-sdk/src/rp2_common/pico_platform_panic/panic.c.obj
 *fill*         0x10006afe        0x2 
 .rodata.spin_lock_claim_unused.str1.4
                0x10006b00       0x1b CMakeFiles/UsbTest.dir/C_/Users/matts/Desktop/pico/Bird-Removal-System/pico-sdk/src/rp2_common/hardware_sync/sync.c.obj
 *fill*         0x10006b1b        0x1 
 .rodata.make_j_16.str1.4
                0x10006b1c       0x8b CMakeFiles/UsbTest.dir/C_/Users/matts/Desktop/pico/Bird-Removal-System/pico-sdk/src/rp2_common/hardware_irq/irq.c.obj
 *fill*         0x10006ba7        0x1 
 .rodata.irq_set_exclusive_handler.str1.4
                0x10006ba8       0x36 CMakeFiles/UsbTest.dir/C_/Users/matts/Desktop/pico/Bird-Removal-System/pico-sdk/src/rp2_common/hardware_irq/irq.c.obj
 *fill*         0x10006bde        0x2 
 .rodata.irq_add_shared_handler.str1.4
                0x10006be0       0xe9 CMakeFiles/UsbTest.dir/C_/Users/matts/Desktop/pico/Bird-Removal-System/pico-sdk/src/rp2_common/hardware_irq/irq.c.obj
 *fill*         0x10006cc9        0x3 
 .rodata.irq_add_tail_to_free_list.str1.4
                0x10006ccc       0x3a CMakeFiles/UsbTest.dir/C_/Users/matts/Desktop/pico/Bird-Removal-System/pico-sdk/src/rp2_common/hardware_irq/irq.c.obj
 *fill*         0x10006d06        0x2 
 .rodata.user_irq_claim_unused.str1.4
                0x10006d08       0x1b CMakeFiles/UsbTest.dir/C_/Users/matts/Desktop/pico/Bird-Removal-System/pico-sdk/src/rp2_common/hardware_irq/irq.c.obj
 *fill*         0x10006d23        0x1 
 .rodata.__func__.0
                0x10006d24       0x1a CMakeFiles/UsbTest.dir/C_/Users/matts/Desktop/pico/Bird-Removal-System/pico-sdk/src/rp2_common/hardware_irq/irq.c.obj
 *fill*         0x10006d3e        0x2 
 .rodata.__func__.3
                0x10006d40        0xa CMakeFiles/UsbTest.dir/C_/Users/matts/Desktop/pico/Bird-Removal-System/pico-sdk/src/rp2_common/hardware_irq/irq.c.obj
 *fill*         0x10006d4a        0x2 
 .rodata.__func__.4
                0x10006d4c        0xd CMakeFiles/UsbTest.dir/C_/Users/matts/Desktop/pico/Bird-Removal-System/pico-sdk/src/rp2_common/hardware_irq/irq.c.obj
 *fill*         0x10006d59        0x3 
 .rodata.__func__.5
                0x10006d5c       0x17 CMakeFiles/UsbTest.dir/C_/Users/matts/Desktop/pico/Bird-Removal-System/pico-sdk/src/rp2_common/hardware_irq/irq.c.obj
 *fill*         0x10006d73        0x1 
 .rodata.__func__.6
                0x10006d74       0x1a CMakeFiles/UsbTest.dir/C_/Users/matts/Desktop/pico/Bird-Removal-System/pico-sdk/src/rp2_common/hardware_irq/irq.c.obj
 *fill*         0x10006d8e        0x2 
 .rodata.runtime_init_mutex.str1.4
                0x10006d90       0x76 CMakeFiles/UsbTest.dir/C_/Users/matts/Desktop/pico/Bird-Removal-System/pico-sdk/src/common/pico_sync/mutex.c.obj
 *fill*         0x10006e06        0x2 
 .rodata.str1.4
                0x10006e08       0x51 CMakeFiles/UsbTest.dir/C_/Users/matts/Desktop/pico/Bird-Removal-System/pico-sdk/src/common/pico_sync/mutex.c.obj
 *fill*         0x10006e59        0x3 
 .rodata.__func__.1
                0x10006e5c        0xb CMakeFiles/UsbTest.dir/C_/Users/matts/Desktop/pico/Bird-Removal-System/pico-sdk/src/common/pico_sync/mutex.c.obj
 *fill*         0x10006e67        0x1 
 .rodata.__func__.3
                0x10006e68       0x18 CMakeFiles/UsbTest.dir/C_/Users/matts/Desktop/pico/Bird-Removal-System/pico-sdk/src/common/pico_sync/mutex.c.obj
 .rodata.__func__.6
                0x10006e80       0x13 CMakeFiles/UsbTest.dir/C_/Users/matts/Desktop/pico/Bird-Removal-System/pico-sdk/src/common/pico_sync/mutex.c.obj
 *fill*         0x10006e93        0x1 
 .rodata.alarm_pool_irq_handler.str1.4
                0x10006e94       0x81 CMakeFiles/UsbTest.dir/C_/Users/matts/Desktop/pico/Bird-Removal-System/pico-sdk/src/common/pico_time/time.c.obj
 *fill*         0x10006f15        0x3 
 .rodata.alarm_pool_get_default.str1.4
                0x10006f18       0x21 CMakeFiles/UsbTest.dir/C_/Users/matts/Desktop/pico/Bird-Removal-System/pico-sdk/src/common/pico_time/time.c.obj
 *fill*         0x10006f39        0x3 
 .rodata.__func__.1
                0x10006f3c       0x17 CMakeFiles/UsbTest.dir/C_/Users/matts/Desktop/pico/Bird-Removal-System/pico-sdk/src/common/pico_time/time.c.obj
 *fill*         0x10006f53        0x1 
 .rodata.__func__.2
                0x10006f54       0x17 CMakeFiles/UsbTest.dir/C_/Users/matts/Desktop/pico/Bird-Removal-System/pico-sdk/src/common/pico_time/time.c.obj
 *fill*         0x10006f6b        0x5 
 .rodata.at_the_end_of_time
                0x10006f70        0x8 CMakeFiles/UsbTest.dir/C_/Users/matts/Desktop/pico/Bird-Removal-System/pico-sdk/src/common/pico_time/time.c.obj
                0x10006f70                at_the_end_of_time
 .rodata.timer_hardware_alarm_claim.str1.4
                0x10006f78       0x22 CMakeFiles/UsbTest.dir/C_/Users/matts/Desktop/pico/Bird-Removal-System/pico-sdk/src/rp2_common/hardware_timer/timer.c.obj
 *fill*         0x10006f9a        0x2 
 .rodata.pll_init.str1.4
                0x10006f9c      0x130 CMakeFiles/UsbTest.dir/C_/Users/matts/Desktop/pico/Bird-Removal-System/pico-sdk/src/rp2_common/hardware_pll/pll.c.obj
 .rodata.__func__.0
                0x100070cc        0x9 CMakeFiles/UsbTest.dir/C_/Users/matts/Desktop/pico/Bird-Removal-System/pico-sdk/src/rp2_common/hardware_pll/pll.c.obj
 *fill*         0x100070d5        0x3 
 .rodata.__aeabi_double_init.str1.4
                0x100070d8       0xb1 CMakeFiles/UsbTest.dir/C_/Users/matts/Desktop/pico/Bird-Removal-System/pico-sdk/src/rp2_common/pico_double/double_init_rom_rp2040.c.obj
 *fill*         0x10007189        0x3 
 .rodata.__func__.0
                0x1000718c       0x14 CMakeFiles/UsbTest.dir/C_/Users/matts/Desktop/pico/Bird-Removal-System/pico-sdk/src/rp2_common/pico_double/double_init_rom_rp2040.c.obj
 .rodata.__aeabi_float_init.str1.4
                0x100071a0       0x9f CMakeFiles/UsbTest.dir/C_/Users/matts/Desktop/pico/Bird-Removal-System/pico-sdk/src/rp2_common/pico_float/float_init_rom_rp2040.c.obj
                                 0xa3 (size before relaxing)
 *fill*         0x1000723f        0x1 
 .rodata.__func__.0
                0x10007240       0x13 CMakeFiles/UsbTest.dir/C_/Users/matts/Desktop/pico/Bird-Removal-System/pico-sdk/src/rp2_common/pico_float/float_init_rom_rp2040.c.obj
 *fill*         0x10007253        0x1 
 .rodata.str1.4
                0x10007254       0x3c CMakeFiles/UsbTest.dir/C_/Users/matts/Desktop/pico/Bird-Removal-System/pico-sdk/src/rp2_common/pico_standard_binary_info/standard_binary_info.c.obj
 .rodata.__bi_26
                0x10007290        0xc CMakeFiles/UsbTest.dir/C_/Users/matts/Desktop/pico/Bird-Removal-System/pico-sdk/src/rp2_common/pico_standard_binary_info/standard_binary_info.c.obj
 .rodata.__bi_34
                0x1000729c        0xc CMakeFiles/UsbTest.dir/C_/Users/matts/Desktop/pico/Bird-Removal-System/pico-sdk/src/rp2_common/pico_standard_binary_info/standard_binary_info.c.obj
 .rodata.__bi_42
                0x100072a8        0xc CMakeFiles/UsbTest.dir/C_/Users/matts/Desktop/pico/Bird-Removal-System/pico-sdk/src/rp2_common/pico_standard_binary_info/standard_binary_info.c.obj
 .rodata.__bi_48
                0x100072b4        0xc CMakeFiles/UsbTest.dir/C_/Users/matts/Desktop/pico/Bird-Removal-System/pico-sdk/src/rp2_common/pico_standard_binary_info/standard_binary_info.c.obj
 .rodata.__bi_54
                0x100072c0        0xc CMakeFiles/UsbTest.dir/C_/Users/matts/Desktop/pico/Bird-Removal-System/pico-sdk/src/rp2_common/pico_standard_binary_info/standard_binary_info.c.obj
 .rodata.__bi_78
                0x100072cc        0xc CMakeFiles/UsbTest.dir/C_/Users/matts/Desktop/pico/Bird-Removal-System/pico-sdk/src/rp2_common/pico_standard_binary_info/standard_binary_info.c.obj
 .rodata.__bi_84
                0x100072d8        0xc CMakeFiles/UsbTest.dir/C_/Users/matts/Desktop/pico/Bird-Removal-System/pico-sdk/src/rp2_common/pico_standard_binary_info/standard_binary_info.c.obj
 .rodata._ftoa.str1.4
                0x100072e4       0x15 CMakeFiles/UsbTest.dir/C_/Users/matts/Desktop/pico/Bird-Removal-System/pico-sdk/src/rp2_common/pico_printf/printf.c.obj
 *fill*         0x100072f9        0x3 
 .rodata._vsnprintf
                0x100072fc      0x1e0 CMakeFiles/UsbTest.dir/C_/Users/matts/Desktop/pico/Bird-Removal-System/pico-sdk/src/rp2_common/pico_printf/printf.c.obj
 *fill*         0x100074dc        0x4 
 .rodata.pow10.0
                0x100074e0       0x50 CMakeFiles/UsbTest.dir/C_/Users/matts/Desktop/pico/Bird-Removal-System/pico-sdk/src/rp2_common/pico_printf/printf.c.obj
 .rodata.__assert_func.str1.4
                0x10007530       0x3f CMakeFiles/UsbTest.dir/C_/Users/matts/Desktop/pico/Bird-Removal-System/pico-sdk/src/rp2_common/pico_clib_interface/newlib_interface.c.obj
                                 0x43 (size before relaxing)
 *fill*         0x1000756f        0x1 
 .rodata.stdio_getchar_timeout_us.str1.4
                0x10007570       0x5f CMakeFiles/UsbTest.dir/C_/Users/matts/Desktop/pico/Bird-Removal-System/pico-sdk/src/rp2_common/pico_stdio/stdio.c.obj
 *fill*         0x100075cf        0x1 
 .rodata.__wrap_getchar.str1.4
                0x100075d0        0x9 CMakeFiles/UsbTest.dir/C_/Users/matts/Desktop/pico/Bird-Removal-System/pico-sdk/src/rp2_common/pico_stdio/stdio.c.obj
 *fill*         0x100075d9        0x3 
 .rodata.__func__.2
                0x100075dc        0xf CMakeFiles/UsbTest.dir/C_/Users/matts/Desktop/pico/Bird-Removal-System/pico-sdk/src/rp2_common/pico_stdio/stdio.c.obj
 *fill*         0x100075eb        0x1 
 .rodata.crlf_str.0
                0x100075ec        0x2 CMakeFiles/UsbTest.dir/C_/Users/matts/Desktop/pico/Bird-Removal-System/pico-sdk/src/rp2_common/pico_stdio/stdio.c.obj
 *fill*         0x100075ee        0x2 
 .rodata._resetd_driver
                0x100075f0       0x20 CMakeFiles/UsbTest.dir/C_/Users/matts/Desktop/pico/Bird-Removal-System/pico-sdk/src/rp2_common/pico_stdio_usb/reset_interface.c.obj
 .rodata.desc_bos
                0x10007610       0x21 CMakeFiles/UsbTest.dir/C_/Users/matts/Desktop/pico/Bird-Removal-System/pico-sdk/src/rp2_common/pico_stdio_usb/reset_interface.c.obj
                0x10007610                desc_bos
 *fill*         0x10007631        0x3 
 .rodata.desc_ms_os_20
                0x10007634       0xa6 CMakeFiles/UsbTest.dir/C_/Users/matts/Desktop/pico/Bird-Removal-System/pico-sdk/src/rp2_common/pico_stdio_usb/reset_interface.c.obj
 *fill*         0x100076da        0x2 
 .rodata.stdio_usb_init.str1.4
                0x100076dc       0x6b CMakeFiles/UsbTest.dir/C_/Users/matts/Desktop/pico/Bird-Removal-System/pico-sdk/src/rp2_common/pico_stdio_usb/stdio_usb.c.obj
 *fill*         0x10007747        0x1 
 .rodata.str1.4
                0x10007748       0x13 CMakeFiles/UsbTest.dir/C_/Users/matts/Desktop/pico/Bird-Removal-System/pico-sdk/src/rp2_common/pico_stdio_usb/stdio_usb.c.obj
 *fill*         0x1000775b        0x1 
 .rodata.__bi_202.1
                0x1000775c        0xc CMakeFiles/UsbTest.dir/C_/Users/matts/Desktop/pico/Bird-Removal-System/pico-sdk/src/rp2_common/pico_stdio_usb/stdio_usb.c.obj
 .rodata.__func__.2
                0x10007768        0xf CMakeFiles/UsbTest.dir/C_/Users/matts/Desktop/pico/Bird-Removal-System/pico-sdk/src/rp2_common/pico_stdio_usb/stdio_usb.c.obj
 *fill*         0x10007777        0x1 
 .rodata.str1.4
                0x10007778       0x2a CMakeFiles/UsbTest.dir/C_/Users/matts/Desktop/pico/Bird-Removal-System/pico-sdk/src/rp2_common/pico_stdio_usb/stdio_usb_descriptors.c.obj
 *fill*         0x100077a2        0x2 
 .rodata.usbd_desc_cfg
                0x100077a4       0x54 CMakeFiles/UsbTest.dir/C_/Users/matts/Desktop/pico/Bird-Removal-System/pico-sdk/src/rp2_common/pico_stdio_usb/stdio_usb_descriptors.c.obj
 .rodata.usbd_desc_device
                0x100077f8       0x12 CMakeFiles/UsbTest.dir/C_/Users/matts/Desktop/pico/Bird-Removal-System/pico-sdk/src/rp2_common/pico_stdio_usb/stdio_usb_descriptors.c.obj
 *fill*         0x1000780a        0x2 
 .rodata.usbd_desc_str
                0x1000780c       0x18 CMakeFiles/UsbTest.dir/C_/Users/matts/Desktop/pico/Bird-Removal-System/pico-sdk/src/rp2_common/pico_stdio_usb/stdio_usb_descriptors.c.obj
 .rodata.pico_get_unique_board_id_string.str1.4
                0x10007824       0x6b CMakeFiles/UsbTest.dir/C_/Users/matts/Desktop/pico/Bird-Removal-System/pico-sdk/src/rp2_common/pico_unique_id/unique_id.c.obj
 *fill*         0x1000788f        0x1 
 .rodata.__func__.0
                0x10007890       0x20 CMakeFiles/UsbTest.dir/C_/Users/matts/Desktop/pico/Bird-Removal-System/pico-sdk/src/rp2_common/pico_unique_id/unique_id.c.obj
 .rodata.str1.4
                0x100078b0      0x219 CMakeFiles/UsbTest.dir/C_/Users/matts/Desktop/pico/Bird-Removal-System/pico-sdk/src/rp2_common/hardware_flash/flash.c.obj
 *fill*         0x10007ac9        0x3 
 .rodata.__func__.0
                0x10007acc        0xd CMakeFiles/UsbTest.dir/C_/Users/matts/Desktop/pico/Bird-Removal-System/pico-sdk/src/rp2_common/hardware_flash/flash.c.obj
 *fill*         0x10007ad9        0x3 
 .rodata.hw_endpoint_alloc.str1.4
                0x10007adc       0xb6 CMakeFiles/UsbTest.dir/C_/Users/matts/Desktop/pico/Bird-Removal-System/pico-sdk/lib/tinyusb/src/portable/raspberrypi/rp2040/dcd_rp2040.c.obj
 *fill*         0x10007b92        0x2 
 .rodata.str1.4
                0x10007b94       0x14 CMakeFiles/UsbTest.dir/C_/Users/matts/Desktop/pico/Bird-Removal-System/pico-sdk/lib/tinyusb/src/portable/raspberrypi/rp2040/dcd_rp2040.c.obj
 .rodata.dcd_int_enable.str1.4
                0x10007ba8        0xc CMakeFiles/UsbTest.dir/C_/Users/matts/Desktop/pico/Bird-Removal-System/pico-sdk/lib/tinyusb/src/portable/raspberrypi/rp2040/dcd_rp2040.c.obj
 .rodata.__func__.0
                0x10007bb4        0xe CMakeFiles/UsbTest.dir/C_/Users/matts/Desktop/pico/Bird-Removal-System/pico-sdk/lib/tinyusb/src/portable/raspberrypi/rp2040/dcd_rp2040.c.obj
 *fill*         0x10007bc2        0x2 
 .rodata.__func__.3
                0x10007bc4       0x10 CMakeFiles/UsbTest.dir/C_/Users/matts/Desktop/pico/Bird-Removal-System/pico-sdk/lib/tinyusb/src/portable/raspberrypi/rp2040/dcd_rp2040.c.obj
 .rodata.__func__.5
                0x10007bd4        0xf CMakeFiles/UsbTest.dir/C_/Users/matts/Desktop/pico/Bird-Removal-System/pico-sdk/lib/tinyusb/src/portable/raspberrypi/rp2040/dcd_rp2040.c.obj
 *fill*         0x10007be3        0x1 
 .rodata.__func__.6
                0x10007be4       0x12 CMakeFiles/UsbTest.dir/C_/Users/matts/Desktop/pico/Bird-Removal-System/pico-sdk/lib/tinyusb/src/portable/raspberrypi/rp2040/dcd_rp2040.c.obj
 *fill*         0x10007bf6        0x2 
 .rodata.__func__.7
                0x10007bf8        0x9 CMakeFiles/UsbTest.dir/C_/Users/matts/Desktop/pico/Bird-Removal-System/pico-sdk/lib/tinyusb/src/portable/raspberrypi/rp2040/dcd_rp2040.c.obj
 *fill*         0x10007c01        0x3 
 .rodata.str1.4
                0x10007c04       0xfc CMakeFiles/UsbTest.dir/C_/Users/matts/Desktop/pico/Bird-Removal-System/pico-sdk/lib/tinyusb/src/portable/raspberrypi/rp2040/rp2040_usb.c.obj
 .rodata.hw_endpoint_xfer_start.str1.4
                0x10007d00       0x38 CMakeFiles/UsbTest.dir/C_/Users/matts/Desktop/pico/Bird-Removal-System/pico-sdk/lib/tinyusb/src/portable/raspberrypi/rp2040/rp2040_usb.c.obj
 .rodata.__func__.0
                0x10007d38        0xf CMakeFiles/UsbTest.dir/C_/Users/matts/Desktop/pico/Bird-Removal-System/pico-sdk/lib/tinyusb/src/portable/raspberrypi/rp2040/rp2040_usb.c.obj
 *fill*         0x10007d47        0x1 
 .rodata.configuration_reset.str1.4
                0x10007d48       0x17 CMakeFiles/UsbTest.dir/C_/Users/matts/Desktop/pico/Bird-Removal-System/pico-sdk/lib/tinyusb/src/device/usbd.c.obj
 *fill*         0x10007d5f        0x1 
 .rodata.process_get_descriptor
                0x10007d60       0x40 CMakeFiles/UsbTest.dir/C_/Users/matts/Desktop/pico/Bird-Removal-System/pico-sdk/lib/tinyusb/src/device/usbd.c.obj
 .rodata        0x10007da0       0x1c CMakeFiles/UsbTest.dir/C_/Users/matts/Desktop/pico/Bird-Removal-System/pico-sdk/lib/tinyusb/src/device/usbd.c.obj
 .rodata.process_control_request
                0x10007dbc       0x28 CMakeFiles/UsbTest.dir/C_/Users/matts/Desktop/pico/Bird-Removal-System/pico-sdk/lib/tinyusb/src/device/usbd.c.obj
 .rodata.tud_task_ext
                0x10007de4       0x24 CMakeFiles/UsbTest.dir/C_/Users/matts/Desktop/pico/Bird-Removal-System/pico-sdk/lib/tinyusb/src/device/usbd.c.obj
 .rodata.__func__.10
                0x10007e08       0x14 CMakeFiles/UsbTest.dir/C_/Users/matts/Desktop/pico/Bird-Removal-System/pico-sdk/lib/tinyusb/src/device/usbd.c.obj
 .rodata.__func__.11
                0x10007e1c        0xd CMakeFiles/UsbTest.dir/C_/Users/matts/Desktop/pico/Bird-Removal-System/pico-sdk/lib/tinyusb/src/device/usbd.c.obj
 *fill*         0x10007e29        0x3 
 .rodata.__func__.12
                0x10007e2c       0x10 CMakeFiles/UsbTest.dir/C_/Users/matts/Desktop/pico/Bird-Removal-System/pico-sdk/lib/tinyusb/src/device/usbd.c.obj
 .rodata.__func__.3
                0x10007e3c        0xf CMakeFiles/UsbTest.dir/C_/Users/matts/Desktop/pico/Bird-Removal-System/pico-sdk/lib/tinyusb/src/device/usbd.c.obj
 *fill*         0x10007e4b        0x1 
 .rodata.__func__.4
                0x10007e4c        0xf CMakeFiles/UsbTest.dir/C_/Users/matts/Desktop/pico/Bird-Removal-System/pico-sdk/lib/tinyusb/src/device/usbd.c.obj
 *fill*         0x10007e5b        0x1 
 .rodata.__func__.5
                0x10007e5c       0x14 CMakeFiles/UsbTest.dir/C_/Users/matts/Desktop/pico/Bird-Removal-System/pico-sdk/lib/tinyusb/src/device/usbd.c.obj
 .rodata.__func__.6
                0x10007e70        0xc CMakeFiles/UsbTest.dir/C_/Users/matts/Desktop/pico/Bird-Removal-System/pico-sdk/lib/tinyusb/src/device/usbd.c.obj
 .rodata.__func__.7
                0x10007e7c       0x17 CMakeFiles/UsbTest.dir/C_/Users/matts/Desktop/pico/Bird-Removal-System/pico-sdk/lib/tinyusb/src/device/usbd.c.obj
 *fill*         0x10007e93        0x1 
 .rodata.__func__.8
                0x10007e94       0x13 CMakeFiles/UsbTest.dir/C_/Users/matts/Desktop/pico/Bird-Removal-System/pico-sdk/lib/tinyusb/src/device/usbd.c.obj
 *fill*         0x10007ea7        0x1 
 .rodata.__func__.9
                0x10007ea8       0x18 CMakeFiles/UsbTest.dir/C_/Users/matts/Desktop/pico/Bird-Removal-System/pico-sdk/lib/tinyusb/src/device/usbd.c.obj
 .rodata._usbd_driver